E/DBGrade ( 4831): [2018-07-24 11:03:26.835 E/HwID_APK_log[2.6.1.319]/DBGrade 4831:206 :74]  get error
E/DBGrade ( 4831): [2018-07-24 11:03:26.840 E/HwID_APK_log[2.6.1.319]/DBGrade 4831:206 :74]  get error
E/UserInfoHelper( 4831): [2018-07-24 11:03:26.881 E/HwID_APK_log[2.6.1.319]/UserInfoHelper 4831:226 :126] IOException in ReadUserInfo:
E/UserInfoHelper( 4831): [2018-07-24 11:03:26.881 E/HwID_APK_log[2.6.1.319]/UserInfoHelper 4831:225 :126] IOException in ReadUserInfo:
E/HwGrsSdk( 4831): xMap is null.[main-1](/:185)
E/HwGrsSdk( 4831): xMap is null.[main-1](/:185)
E/HwGrsSdk( 4831): xMap is null.[main-1](/:185)
E/HwGrsSdk( 4831): queryLocalGrs serviceResult is not null.[main-1](/:206)
E/EGL_emulation( 1903): tid 1903: eglSurfaceAttrib(1199): error 0x3009 (EGL_BAD_MATCH)
E/memtrack( 4895): Couldn't load memtrack module (No such file or directory)
E/android.os.Debug( 4895): failed to load memtrack module: -2
E/memtrack( 4908): Couldn't load memtrack module (No such file or directory)
E/android.os.Debug( 4908): failed to load memtrack module: -2
E/memtrack( 4924): Couldn't load memtrack module (No such file or directory)
E/android.os.Debug( 4924): failed to load memtrack module: -2
E/memtrack( 4941): Couldn't load memtrack module (No such file or directory)
E/android.os.Debug( 4941): failed to load memtrack module: -2
E/memtrack( 4958): Couldn't load memtrack module (No such file or directory)
E/android.os.Debug( 4958): failed to load memtrack module: -2
E/cutils-trace( 4968): Error opening trace file: Permission denied (13)
E/memtrack( 4973): Couldn't load memtrack module (No such file or directory)
E/android.os.Debug( 4973): failed to load memtrack module: -2
E/dalvikvm( 4984): Could not find class 'android.graphics.drawable.RippleDrawable', referenced from method android.support.v7.widget.AppCompatImageHelper.hasOverlappingRendering
E/EGL_emulation( 4984): tid 4984: eglSurfaceAttrib(1199): error 0x3009 (EGL_BAD_MATCH)
E/jdwp    ( 4998): Failed sending reply to debugger: Broken pipe
E/cutils  ( 1164): Failed to mkdirat(/storage/sdcard/Android): Read-only file system
E/AppLogApi( 4998): ApplogApi init fail,is not china rom
E/cutils  ( 1164): Failed to mkdirat(/storage/sdcard/Android): Read-only file system
E/AppLogApi( 4998): ApplogApi init fail,is not china rom
E/HwGrsSdk( 4998): can not getField[Thread-209-209](/:438)
E/HwGrsSdk( 4998): getGrsUrls sp query fail.[Thread-209-209](/:563)
E/cutils  ( 1164): Failed to mkdirat(/storage/sdcard/Android): Read-only file system
E/AppLogApi( 4998): ApplogApi init fail,is not china rom
E/cutils  ( 1164): Failed to mkdirat(/storage/sdcard/Android): Read-only file system
E/AppLogApi( 4998): ApplogApi init fail,is not china rom
E/cutils  ( 1164): Failed to mkdirat(/storage/sdcard/Android): Read-only file system
E/VersionUpdateHelper( 4998): [2018-07-24 11:03:35.876 E/HwID_APK_log[2.6.1.319]/VersionUpdateHelper 4998:211 :37] old version is -1, current version is 3
E/cutils  ( 1164): Failed to mkdirat(/storage/sdcard/Android): Read-only file system
E/hms_pay ( 4998): [getHWLog]:  can not find HwLog!
E/AppLogApi( 4998): ApplogApi init fail,is not china rom
E/cutils  ( 1164): Failed to mkdirat(/storage/sdcard/Android): Read-only file system
E/AppLogApi( 4998): ApplogApi init fail,is not china rom
E/cutils  ( 1164): Failed to mkdirat(/storage/sdcard/Android): Read-only file system
E/AppLogApi( 4998): ApplogApi init fail,is not china rom
E/UserInfoHelper( 4998): [2018-07-24 11:03:35.906 E/HwID_APK_log[2.6.1.319]/UserInfoHelper 4998:227 :126] IOException in ReadUserInfo:
E/UserInfoHelper( 4998): [2018-07-24 11:03:35.906 E/HwID_APK_log[2.6.1.319]/UserInfoHelper 4998:229 :126] IOException in ReadUserInfo:
E/UserInfoHelper( 4998): [2018-07-24 11:03:35.907 E/HwID_APK_log[2.6.1.319]/UserInfoHelper 4998:228 :126] IOException in ReadUserInfo:
E/DBGrade ( 4998): [2018-07-24 11:03:35.912 E/HwID_APK_log[2.6.1.319]/DBGrade 4998:211 :74]  get error
E/DBGrade ( 4998): [2018-07-24 11:03:35.915 E/HwID_APK_log[2.6.1.319]/DBGrade 4998:211 :74]  get error
E/EGL_emulation( 4984): tid 4984: eglSurfaceAttrib(1199): error 0x3009 (EGL_BAD_MATCH)
E/HwGrsSdk( 4998): xMap is null.[main-1](/:185)
E/HwGrsSdk( 4998): xMap is null.[main-1](/:185)
E/HwGrsSdk( 4998): xMap is null.[main-1](/:185)
E/HwGrsSdk( 4998): queryLocalGrs serviceResult is not null.[main-1](/:206)
E/EGL_emulation( 1903): tid 1903: eglSurfaceAttrib(1199): error 0x3009 (EGL_BAD_MATCH)
E/memtrack( 5059): Couldn't load memtrack module (No such file or directory)
E/android.os.Debug( 5059): failed to load memtrack module: -2
E/memtrack( 5072): Couldn't load memtrack module (No such file or directory)
E/android.os.Debug( 5072): failed to load memtrack module: -2
E/memtrack( 5088): Couldn't load memtrack module (No such file or directory)
E/android.os.Debug( 5088): failed to load memtrack module: -2
E/memtrack( 5105): Couldn't load memtrack module (No such file or directory)
E/android.os.Debug( 5105): failed to load memtrack module: -2
E/memtrack( 5122): Couldn't load memtrack module (No such file or directory)
E/android.os.Debug( 5122): failed to load memtrack module: -2
E/cutils-trace( 5132): Error opening trace file: Permission denied (13)
E/memtrack( 5137): Couldn't load memtrack module (No such file or directory)
E/android.os.Debug( 5137): failed to load memtrack module: -2
E/dalvikvm( 5148): Could not find class 'android.graphics.drawable.RippleDrawable', referenced from method android.support.v7.widget.AppCompatImageHelper.hasOverlappingRendering
E/EGL_emulation( 5148): tid 5148: eglSurfaceAttrib(1199): error 0x3009 (EGL_BAD_MATCH)
E/cutils  ( 1164): Failed to mkdirat(/storage/sdcard/Android): Read-only file system
E/AppLogApi( 5162): ApplogApi init fail,is not china rom
E/cutils  ( 1164): Failed to mkdirat(/storage/sdcard/Android): Read-only file system
E/AppLogApi( 5162): ApplogApi init fail,is not china rom
E/HwGrsSdk( 5162): can not getField[Thread-217-217](/:438)
E/cutils  ( 1164): Failed to mkdirat(/storage/sdcard/Android): Read-only file system
E/HwGrsSdk( 5162): getGrsUrls sp query fail.[Thread-217-217](/:563)
E/AppLogApi( 5162): ApplogApi init fail,is not china rom
E/cutils  ( 1164): Failed to mkdirat(/storage/sdcard/Android): Read-only file system
E/cutils  ( 1164): Failed to mkdirat(/storage/sdcard/Android): Read-only file system
E/AppLogApi( 5162): ApplogApi init fail,is not china rom
E/VersionUpdateHelper( 5162): [2018-07-24 11:03:44.981 E/HwID_APK_log[2.6.1.319]/VersionUpdateHelper 5162:219 :37] old version is -1, current version is 3
E/cutils  ( 1164): Failed to mkdirat(/storage/sdcard/Android): Read-only file system
E/AppLogApi( 5162): ApplogApi init fail,is not china rom
E/hms_pay ( 5162): [getHWLog]:  can not find HwLog!
E/cutils  ( 1164): Failed to mkdirat(/storage/sdcard/Android): Read-only file system
E/AppLogApi( 5162): ApplogApi init fail,is not china rom
E/cutils  ( 1164): Failed to mkdirat(/storage/sdcard/Android): Read-only file system
E/AppLogApi( 5162): ApplogApi init fail,is not china rom
E/DBGrade ( 5162): [2018-07-24 11:03:45.025 E/HwID_APK_log[2.6.1.319]/DBGrade 5162:219 :74]  get error
E/DBGrade ( 5162): [2018-07-24 11:03:45.031 E/HwID_APK_log[2.6.1.319]/DBGrade 5162:219 :74]  get error
E/UserInfoHelper( 5162): [2018-07-24 11:03:45.058 E/HwID_APK_log[2.6.1.319]/UserInfoHelper 5162:238 :126] IOException in ReadUserInfo:
E/UserInfoHelper( 5162): [2018-07-24 11:03:45.061 E/HwID_APK_log[2.6.1.319]/UserInfoHelper 5162:237 :126] IOException in ReadUserInfo:
E/UserInfoHelper( 5162): [2018-07-24 11:03:45.062 E/HwID_APK_log[2.6.1.319]/UserInfoHelper 5162:239 :126] IOException in ReadUserInfo:
E/BaseUtil( 5162): [2018-07-24 11:03:45.126 E/HwID_APK_log[2.6.1.319]/BaseUtil 5162:1 :968] mDisableRecent
E/BaseUtil( 5162): [2018-07-24 11:03:45.126 E/HwID_APK_log[2.6.1.319]/BaseUtil 5162:1 :974] mDisableHome
E/BaseUtil( 5162): [2018-07-24 11:03:45.126 E/HwID_APK_log[2.6.1.319]/BaseUtil 5162:1 :980] search is not exist:mDisableSearch
E/BaseUtil( 5162): [2018-07-24 11:03:45.127 E/HwID_APK_log[2.6.1.319]/BaseUtil 5162:1 :987] null
E/BaseUtil( 5162): [2018-07-24 11:03:45.136 E/HwID_APK_log[2.6.1.319]/BaseUtil 5162:1 :968] mDisableRecent
E/BaseUtil( 5162): [2018-07-24 11:03:45.138 E/HwID_APK_log[2.6.1.319]/BaseUtil 5162:1 :974] mDisableHome
E/BaseUtil( 5162): [2018-07-24 11:03:45.139 E/HwID_APK_log[2.6.1.319]/BaseUtil 5162:1 :980] search is not exist:mDisableSearch
E/BaseUtil( 5162): [2018-07-24 11:03:45.140 E/HwID_APK_log[2.6.1.319]/BaseUtil 5162:1 :987] null
E/BaseUtil( 5162): [2018-07-24 11:03:45.212 E/HwID_APK_log[2.6.1.319]/BaseUtil 5162:1 :968] mDisableRecent
E/BaseUtil( 5162): [2018-07-24 11:03:45.212 E/HwID_APK_log[2.6.1.319]/BaseUtil 5162:1 :974] mDisableHome
E/BaseUtil( 5162): [2018-07-24 11:03:45.212 E/HwID_APK_log[2.6.1.319]/BaseUtil 5162:1 :980] search is not exist:mDisableSearch
E/BaseUtil( 5162): [2018-07-24 11:03:45.213 E/HwID_APK_log[2.6.1.319]/BaseUtil 5162:1 :987] null
E/EGL_emulation( 5162): tid 5162: eglSurfaceAttrib(1199): error 0x3009 (EGL_BAD_MATCH)
E/EGL_emulation( 5162): tid 5162: eglSurfaceAttrib(1199): error 0x3009 (EGL_BAD_MATCH)
E/StartUpGuideLoginActivity( 5162): [2018-07-24 11:03:45.259 E/HwID_APK_log[2.6.1.319]/StartUpGuideLoginActivity 5162:1 :1252] onFocusChangeCheck  true
E/HwGrsSdk( 5162): xMap is null.[main-1](/:185)
E/HwGrsSdk( 5162): xMap is null.[main-1](/:185)
E/HwGrsSdk( 5162): xMap is null.[main-1](/:185)
E/HwGrsSdk( 5162): queryLocalGrs serviceResult is not null.[main-1](/:206)
E/InputDispatcher( 1588): channel '9d2d3ea0 jacy.popoaichuiniu.com.testpermissionleakge/jacy.popoaichuiniu.com.testpermissionleakge.MainActivity (server)' ~ Channel is unrecoverably broken and will be disposed!
E/memtrack( 5227): Couldn't load memtrack module (No such file or directory)
E/android.os.Debug( 5227): failed to load memtrack module: -2
E/EGL_emulation( 1903): tid 1903: eglSurfaceAttrib(1199): error 0x3009 (EGL_BAD_MATCH)
E/memtrack( 5240): Couldn't load memtrack module (No such file or directory)
E/android.os.Debug( 5240): failed to load memtrack module: -2
E/InputDispatcher( 1588): channel '9de77210 com.huawei.hwid/com.huawei.hwid.ui.extend.setting.StartUpGuideLoginActivity (server)' ~ Channel is unrecoverably broken and will be disposed!
E/InputDispatcher( 1588): channel '9de78508 com.huawei.hwid/com.huawei.hwid.ui.extend.setting.StartUpGuideLoginActivity (server)' ~ Channel is unrecoverably broken and will be disposed!
E/memtrack( 5256): Couldn't load memtrack module (No such file or directory)
E/android.os.Debug( 5256): failed to load memtrack module: -2
E/memtrack( 5273): Couldn't load memtrack module (No such file or directory)
E/android.os.Debug( 5273): failed to load memtrack module: -2
E/memtrack( 5292): Couldn't load memtrack module (No such file or directory)
E/android.os.Debug( 5292): failed to load memtrack module: -2
E/cutils-trace( 5302): Error opening trace file: Permission denied (13)
E/memtrack( 5307): Couldn't load memtrack module (No such file or directory)
E/android.os.Debug( 5307): failed to load memtrack module: -2
E/dalvikvm( 5318): Could not find class 'android.graphics.drawable.RippleDrawable', referenced from method android.support.v7.widget.AppCompatImageHelper.hasOverlappingRendering
E/EGL_emulation( 5318): tid 5318: eglSurfaceAttrib(1199): error 0x3009 (EGL_BAD_MATCH)
E/jdwp    ( 5332): Failed sending reply to debugger: Broken pipe
E/cutils  ( 1164): Failed to mkdirat(/storage/sdcard/Android): Read-only file system
E/AppLogApi( 5332): ApplogApi init fail,is not china rom
E/cutils  ( 1164): Failed to mkdirat(/storage/sdcard/Android): Read-only file system
E/AppLogApi( 5332): ApplogApi init fail,is not china rom
E/HwGrsSdk( 5332): can not getField[Thread-221-221](/:438)
E/cutils  ( 1164): Failed to mkdirat(/storage/sdcard/Android): Read-only file system
E/HwGrsSdk( 5332): getGrsUrls sp query fail.[Thread-221-221](/:563)
E/AppLogApi( 5332): ApplogApi init fail,is not china rom
E/cutils  ( 1164): Failed to mkdirat(/storage/sdcard/Android): Read-only file system
E/AppLogApi( 5332): ApplogApi init fail,is not china rom
E/VersionUpdateHelper( 5332): [2018-07-24 11:03:54.206 E/HwID_APK_log[2.6.1.319]/VersionUpdateHelper 5332:222 :37] old version is -1, current version is 3
E/cutils  ( 1164): Failed to mkdirat(/storage/sdcard/Android): Read-only file system
E/AppLogApi( 5332): ApplogApi init fail,is not china rom
E/cutils  ( 1164): Failed to mkdirat(/storage/sdcard/Android): Read-only file system
E/hms_pay ( 5332): [getHWLog]:  can not find HwLog!
E/cutils  ( 1164): Failed to mkdirat(/storage/sdcard/Android): Read-only file system
E/AppLogApi( 5332): ApplogApi init fail,is not china rom
E/cutils  ( 1164): Failed to mkdirat(/storage/sdcard/Android): Read-only file system
E/AppLogApi( 5332): ApplogApi init fail,is not china rom
E/DBGrade ( 5332): [2018-07-24 11:03:54.233 E/HwID_APK_log[2.6.1.319]/DBGrade 5332:222 :74]  get error
E/DBGrade ( 5332): [2018-07-24 11:03:54.235 E/HwID_APK_log[2.6.1.319]/DBGrade 5332:222 :74]  get error
E/UserInfoHelper( 5332): [2018-07-24 11:03:54.246 E/HwID_APK_log[2.6.1.319]/UserInfoHelper 5332:242 :126] IOException in ReadUserInfo:
E/UserInfoHelper( 5332): [2018-07-24 11:03:54.246 E/HwID_APK_log[2.6.1.319]/UserInfoHelper 5332:243 :126] IOException in ReadUserInfo:
E/UserInfoHelper( 5332): [2018-07-24 11:03:54.246 E/HwID_APK_log[2.6.1.319]/UserInfoHelper 5332:244 :126] IOException in ReadUserInfo:
E/EGL_emulation( 5318): tid 5318: eglSurfaceAttrib(1199): error 0x3009 (EGL_BAD_MATCH)
E/HwGrsSdk( 5332): xMap is null.[main-1](/:185)
E/HwGrsSdk( 5332): xMap is null.[main-1](/:185)
E/HwGrsSdk( 5332): xMap is null.[main-1](/:185)
E/HwGrsSdk( 5332): queryLocalGrs serviceResult is not null.[main-1](/:206)
E/InputDispatcher( 1588): channel '9dae9c20 jacy.popoaichuiniu.com.testpermissionleakge/jacy.popoaichuiniu.com.testpermissionleakge.MainActivity (server)' ~ Channel is unrecoverably broken and will be disposed!
E/EGL_emulation( 1903): tid 1903: eglSurfaceAttrib(1199): error 0x3009 (EGL_BAD_MATCH)
E/memtrack( 5393): Couldn't load memtrack module (No such file or directory)
E/android.os.Debug( 5393): failed to load memtrack module: -2
E/memtrack( 5406): Couldn't load memtrack module (No such file or directory)
E/android.os.Debug( 5406): failed to load memtrack module: -2
E/memtrack( 5422): Couldn't load memtrack module (No such file or directory)
E/android.os.Debug( 5422): failed to load memtrack module: -2
E/memtrack( 5439): Couldn't load memtrack module (No such file or directory)
E/android.os.Debug( 5439): failed to load memtrack module: -2
E/memtrack( 5456): Couldn't load memtrack module (No such file or directory)
E/android.os.Debug( 5456): failed to load memtrack module: -2
E/cutils-trace( 5466): Error opening trace file: Permission denied (13)
E/memtrack( 5471): Couldn't load memtrack module (No such file or directory)
E/android.os.Debug( 5471): failed to load memtrack module: -2
E/dalvikvm( 5482): Could not find class 'android.graphics.drawable.RippleDrawable', referenced from method android.support.v7.widget.AppCompatImageHelper.hasOverlappingRendering
E/EGL_emulation( 5482): tid 5482: eglSurfaceAttrib(1199): error 0x3009 (EGL_BAD_MATCH)
E/cutils  ( 1164): Failed to mkdirat(/storage/sdcard/Android): Read-only file system
E/AppLogApi( 5496): ApplogApi init fail,is not china rom
E/cutils  ( 1164): Failed to mkdirat(/storage/sdcard/Android): Read-only file system
E/AppLogApi( 5496): ApplogApi init fail,is not china rom
E/HwGrsSdk( 5496): can not getField[Thread-228-228](/:438)
E/HwGrsSdk( 5496): getGrsUrls sp query fail.[Thread-228-228](/:563)
E/cutils  ( 1164): Failed to mkdirat(/storage/sdcard/Android): Read-only file system
E/AppLogApi( 5496): ApplogApi init fail,is not china rom
E/cutils  ( 1164): Failed to mkdirat(/storage/sdcard/Android): Read-only file system
E/VersionUpdateHelper( 5496): [2018-07-24 11:04:03.296 E/HwID_APK_log[2.6.1.319]/VersionUpdateHelper 5496:229 :37] old version is -1, current version is 3
E/AppLogApi( 5496): ApplogApi init fail,is not china rom
E/cutils  ( 1164): Failed to mkdirat(/storage/sdcard/Android): Read-only file system
E/AppLogApi( 5496): ApplogApi init fail,is not china rom
E/cutils  ( 1164): Failed to mkdirat(/storage/sdcard/Android): Read-only file system
E/hms_pay ( 5496): [getHWLog]:  can not find HwLog!
E/cutils  ( 1164): Failed to mkdirat(/storage/sdcard/Android): Read-only file system
E/AppLogApi( 5496): ApplogApi init fail,is not china rom
E/cutils  ( 1164): Failed to mkdirat(/storage/sdcard/Android): Read-only file system
E/AppLogApi( 5496): ApplogApi init fail,is not china rom
E/DBGrade ( 5496): [2018-07-24 11:04:03.330 E/HwID_APK_log[2.6.1.319]/DBGrade 5496:229 :74]  get error
E/DBGrade ( 5496): [2018-07-24 11:04:03.342 E/HwID_APK_log[2.6.1.319]/DBGrade 5496:229 :74]  get error
E/UserInfoHelper( 5496): [2018-07-24 11:04:03.361 E/HwID_APK_log[2.6.1.319]/UserInfoHelper 5496:249 :126] IOException in ReadUserInfo:
E/UserInfoHelper( 5496): [2018-07-24 11:04:03.360 E/HwID_APK_log[2.6.1.319]/UserInfoHelper 5496:250 :126] IOException in ReadUserInfo:
E/UserInfoHelper( 5496): [2018-07-24 11:04:03.361 E/HwID_APK_log[2.6.1.319]/UserInfoHelper 5496:251 :126] IOException in ReadUserInfo:
E/EGL_emulation( 5482): tid 5482: eglSurfaceAttrib(1199): error 0x3009 (EGL_BAD_MATCH)
E/HwGrsSdk( 5496): xMap is null.[main-1](/:185)
E/HwGrsSdk( 5496): xMap is null.[main-1](/:185)
E/HwGrsSdk( 5496): xMap is null.[main-1](/:185)
E/HwGrsSdk( 5496): queryLocalGrs serviceResult is not null.[main-1](/:206)
E/InputDispatcher( 1588): channel '9d51c030 jacy.popoaichuiniu.com.testpermissionleakge/jacy.popoaichuiniu.com.testpermissionleakge.MainActivity (server)' ~ Channel is unrecoverably broken and will be disposed!
E/EGL_emulation( 1903): tid 1903: eglSurfaceAttrib(1199): error 0x3009 (EGL_BAD_MATCH)
E/memtrack( 5558): Couldn't load memtrack module (No such file or directory)
E/android.os.Debug( 5558): failed to load memtrack module: -2
E/memtrack( 5571): Couldn't load memtrack module (No such file or directory)
E/android.os.Debug( 5571): failed to load memtrack module: -2
E/memtrack( 5588): Couldn't load memtrack module (No such file or directory)
E/android.os.Debug( 5588): failed to load memtrack module: -2
--------- beginning of /dev/log/main
E/cutils  ( 1174): Failed to read /data/.layout_version: No such file or directory
--------- beginning of /dev/log/system
E/libEGL  ( 1170): load_driver(/system/lib/egl/libGLES_emulation.so): dlopen failed: library "/system/lib/egl/libGLES_emulation.so" not found
E/SurfaceFlinger( 1170): hwcomposer module not found
E/cutils-trace( 1170): Error opening trace file: Permission denied (13)
E/Netd    ( 1167): exec() res=0, status=768 for /system/bin/iptables -t nat -N oem_nat_pre 
E/Netd    ( 1167): exec() res=0, status=768 for /system/bin/iptables -t nat -A PREROUTING -j oem_nat_pre 
E/Netd    ( 1167): exec() res=0, status=768 for /system/bin/iptables -t nat -N natctrl_nat_POSTROUTING 
E/Netd    ( 1167): exec() res=0, status=768 for /system/bin/iptables -t nat -A POSTROUTING -j natctrl_nat_POSTROUTING 
E/Netd    ( 1167): exec() res=0, status=768 for /system/bin/iptables -t nat -N st_nat_POSTROUTING 
E/Netd    ( 1167): exec() res=0, status=768 for /system/bin/iptables -t nat -A POSTROUTING -j st_nat_POSTROUTING 
E/BandwidthController( 1167): runIptablesCmd(): res=1 status=256 failed /system/bin/iptables -A bw_INPUT -m owner --socket-exists
E/BandwidthController( 1167): runIptablesCmd(): res=1 status=256 failed /system/bin/ip6tables -A bw_INPUT -m owner --socket-exists
E/Netd    ( 1167): exec() res=0, status=256 for /system/bin/iptables -t mangle -A st_mangle_OUTPUT -m owner --uid-owner vpn -j RETURN 
E/Netd    ( 1167): exec() res=0, status=256 for /system/bin/ip6tables -t mangle -A st_mangle_OUTPUT -m owner --uid-owner vpn -j RETURN 
E/SurfaceFlinger( 1170): ro.sf.lcd_density must be defined as a build property
E/libEGL  ( 1288): load_driver(/system/lib/egl/libGLES_emulation.so): dlopen failed: library "/system/lib/egl/libGLES_emulation.so" not found
E/cutils-trace( 1288): Error opening trace file: Permission denied (13)
E/AudioFlinger( 1173): no wake lock to update!
E/AudioFlinger( 1173): int android::load_audio_interface(const char*, audio_hw_device_t**) couldn't load audio hw module audio.r_submix (No such file or directory)
E/memtrack( 1171): Couldn't load memtrack module (No such file or directory)
E/android.os.Debug( 1171): failed to load memtrack module: -2
E/cutils-trace( 1171): Error opening trace file: Permission denied (13)
E/EmojiFactory_jni( 1171): Failed to load libemoji.so: dlopen failed: library "libemoji.so" not found
E/libEGL  ( 1171): load_driver(/system/lib/egl/libGLES_emulation.so): dlopen failed: library "/system/lib/egl/libGLES_emulation.so" not found
E/PowerManagerService-JNI( 1588): Couldn't load power module (No such file or directory)
E/SurfaceFlinger( 1170): ro.sf.lcd_density must be defined as a build property
E/ConsumerIrService( 1588): Can't open consumer IR HW Module, error: -2
E/libsuspend( 1588): Error opening /sys/power/autosleep: No such file or directory
E/EventHub( 1588): could not get driver version for /dev/input/mice, Not a typewriter
E/MobileDataStateTracker( 1588): default: Ignoring feature request because could not acquire PhoneService
E/MobileDataStateTracker( 1588): default: Could not enable APN type "default"
E/SQLiteLog( 1588): (1) no such table: locksettings
E/SoundPool( 1676): error loading /system/media/audio/ui/Lock.ogg
E/SoundPool( 1676): error loading /system/media/audio/ui/Unlock.ogg
E/FlpHardwareProvider( 1588): Error hw_get_module 'flp': -2
E/FlpHardwareProvider( 1588): Error hw_get_module 'flp': -2
E/LocationManagerService( 1588): no geocoder provider found
E/LocationManagerService( 1588): No FusedProvider found.
E/LocationManagerService( 1588): no geofence provider found
E/BluetoothAdapter( 1676): Bluetooth binder is null
E/BluetoothAdapter( 1676): Bluetooth binder is null
E/BluetoothAdapter( 1792): Bluetooth binder is null
E/BluetoothAdapter( 1676): Bluetooth binder is null
E/BluetoothAdapter( 1676): Bluetooth binder is null
E/BluetoothAdapter( 1676): Bluetooth binder is null
E/BluetoothAdapter( 1779): Bluetooth binder is null
E/BluetoothAdapter( 1779): Bluetooth binder is null
E/BluetoothAdapter( 1792): Bluetooth binder is null
E/BluetoothAdapter( 1779): Bluetooth binder is null
E/EGL_emulation( 1676): tid 1676: eglSurfaceAttrib(1199): error 0x3009 (EGL_BAD_MATCH)
E/EGL_emulation( 1676): tid 1676: eglSurfaceAttrib(1199): error 0x3009 (EGL_BAD_MATCH)
E/EGL_emulation( 1908): tid 1908: eglSurfaceAttrib(1199): error 0x3009 (EGL_BAD_MATCH)
E/BluetoothAdapter( 1792): Bluetooth binder is null
E/BluetoothAdapter( 1792): Bluetooth binder is null
E/EGL_emulation( 1908): tid 1908: eglSurfaceAttrib(1199): error 0x3009 (EGL_BAD_MATCH)
E/BluetoothAdapter( 1588): Bluetooth binder is null
E/BluetoothAdapter( 1588): Bluetooth binder is null
E/SoundPool( 1588): error loading /system/media/audio/ui/Effect_Tick.ogg
E/SoundPool( 1588): error loading /system/media/audio/ui/Effect_Tick.ogg
E/SoundPool( 1588): error loading /system/media/audio/ui/Effect_Tick.ogg
E/SoundPool( 1588): error loading /system/media/audio/ui/Effect_Tick.ogg
E/SoundPool( 1588): error loading /system/media/audio/ui/Effect_Tick.ogg
E/SoundPool( 1588): error loading /system/media/audio/ui/KeypressStandard.ogg
E/SoundPool( 1588): error loading /system/media/audio/ui/KeypressSpacebar.ogg
E/SoundPool( 1588): error loading /system/media/audio/ui/KeypressDelete.ogg
E/SoundPool( 1588): error loading /system/media/audio/ui/KeypressReturn.ogg
E/SoundPool( 1588): error loading /system/media/audio/ui/KeypressInvalid.ogg
E/SQLiteLog( 1942): (1) no such table: files
E/WVMExtractor( 1173): Failed to open libwvm.so
E/MetadataRetrieverClient( 1173): failed to extract an album art
E/SQLiteLog( 1942): (1) no such table: album_info
E/BluetoothAdapter( 1792): Bluetooth binder is null
E/memtrack( 2169): Couldn't load memtrack module (No such file or directory)
E/android.os.Debug( 2169): failed to load memtrack module: -2
E/memtrack( 2216): Couldn't load memtrack module (No such file or directory)
E/android.os.Debug( 2216): failed to load memtrack module: -2
E/cutils-trace( 2226): Error opening trace file: Permission denied (13)
E/BluetoothAdapter( 1792): Bluetooth binder is null
E/memtrack( 2234): Couldn't load memtrack module (No such file or directory)
E/android.os.Debug( 2234): failed to load memtrack module: -2
E/jdwp    ( 2245): Failed sending reply to debugger: Broken pipe
E/dalvikvm( 2245): Could not find class 'android.graphics.drawable.RippleDrawable', referenced from method android.support.v7.widget.AppCompatImageHelper.hasOverlappingRendering
E/EGL_emulation( 2245): tid 2245: eglSurfaceAttrib(1199): error 0x3009 (EGL_BAD_MATCH)
E/cutils  ( 1165): Failed to mkdirat(/storage/sdcard/Android): Read-only file system
E/AppLogApi( 2259): ApplogApi init fail,is not china rom
E/cutils  ( 1165): Failed to mkdirat(/storage/sdcard/Android): Read-only file system
E/AppLogApi( 2259): ApplogApi init fail,is not china rom
E/HwGrsSdk( 2259): can not getField[Thread-104-104](/:438)
E/HwGrsSdk( 2259): getGrsUrls sp query fail.[Thread-104-104](/:563)
E/cutils  ( 1165): Failed to mkdirat(/storage/sdcard/Android): Read-only file system
E/AppLogApi( 2259): ApplogApi init fail,is not china rom
E/cutils  ( 1165): Failed to mkdirat(/storage/sdcard/Android): Read-only file system
E/AppLogApi( 2259): ApplogApi init fail,is not china rom
E/cutils  ( 1165): Failed to mkdirat(/storage/sdcard/Android): Read-only file system
E/AppLogApi( 2259): ApplogApi init fail,is not china rom
E/cutils  ( 1165): Failed to mkdirat(/storage/sdcard/Android): Read-only file system
E/hms_pay ( 2259): [getHWLog]:  can not find HwLog!
E/VersionUpdateHelper( 2259): [2018-07-24 11:04:42.259 E/HwID_APK_log[2.6.1.319]/VersionUpdateHelper 2259:106 :37] old version is -1, current version is 3
E/cutils  ( 1165): Failed to mkdirat(/storage/sdcard/Android): Read-only file system
E/AppLogApi( 2259): ApplogApi init fail,is not china rom
E/cutils  ( 1165): Failed to mkdirat(/storage/sdcard/Android): Read-only file system
E/AppLogApi( 2259): ApplogApi init fail,is not china rom
E/DBGrade ( 2259): [2018-07-24 11:04:42.285 E/HwID_APK_log[2.6.1.319]/DBGrade 2259:106 :74]  get error
E/DBGrade ( 2259): [2018-07-24 11:04:42.287 E/HwID_APK_log[2.6.1.319]/DBGrade 2259:106 :74]  get error
E/UserInfoHelper( 2259): [2018-07-24 11:04:42.302 E/HwID_APK_log[2.6.1.319]/UserInfoHelper 2259:125 :126] IOException in ReadUserInfo:
E/UserInfoHelper( 2259): [2018-07-24 11:04:42.303 E/HwID_APK_log[2.6.1.319]/UserInfoHelper 2259:126 :126] IOException in ReadUserInfo:
E/HwGrsSdk( 2259): xMap is null.[main-1](/:185)
E/HwGrsSdk( 2259): xMap is null.[main-1](/:185)
E/HwGrsSdk( 2259): xMap is null.[main-1](/:185)
E/HwGrsSdk( 2259): queryLocalGrs serviceResult is not null.[main-1](/:206)
E/InputDispatcher( 1588): channel '9dbe1778 jacy.popoaichuiniu.com.testpermissionleakge/jacy.popoaichuiniu.com.testpermissionleakge.MainActivity (server)' ~ Channel is unrecoverably broken and will be disposed!
E/EGL_emulation( 1908): tid 1908: eglSurfaceAttrib(1199): error 0x3009 (EGL_BAD_MATCH)
E/memtrack( 2321): Couldn't load memtrack module (No such file or directory)
E/android.os.Debug( 2321): failed to load memtrack module: -2
E/memtrack( 2334): Couldn't load memtrack module (No such file or directory)
E/android.os.Debug( 2334): failed to load memtrack module: -2
E/memtrack( 2395): Couldn't load memtrack module (No such file or directory)
E/android.os.Debug( 2395): failed to load memtrack module: -2
E/memtrack( 2414): Couldn't load memtrack module (No such file or directory)
E/android.os.Debug( 2414): failed to load memtrack module: -2
E/memtrack( 2432): Couldn't load memtrack module (No such file or directory)
E/android.os.Debug( 2432): failed to load memtrack module: -2
E/cutils-trace( 2442): Error opening trace file: Permission denied (13)
E/memtrack( 2448): Couldn't load memtrack module (No such file or directory)
E/android.os.Debug( 2448): failed to load memtrack module: -2
E/dalvikvm( 2459): Could not find class 'android.graphics.drawable.RippleDrawable', referenced from method android.support.v7.widget.AppCompatImageHelper.hasOverlappingRendering
E/EGL_emulation( 2459): tid 2459: eglSurfaceAttrib(1199): error 0x3009 (EGL_BAD_MATCH)
E/jdwp    ( 2473): Failed sending reply to debugger: Broken pipe
E/cutils  ( 1165): Failed to mkdirat(/storage/sdcard/Android): Read-only file system
E/AppLogApi( 2473): ApplogApi init fail,is not china rom
E/cutils  ( 1165): Failed to mkdirat(/storage/sdcard/Android): Read-only file system
E/AppLogApi( 2473): ApplogApi init fail,is not china rom
E/HwGrsSdk( 2473): can not getField[Thread-119-119](/:438)
E/HwGrsSdk( 2473): getGrsUrls sp query fail.[Thread-119-119](/:563)
E/cutils  ( 1165): Failed to mkdirat(/storage/sdcard/Android): Read-only file system
E/AppLogApi( 2473): ApplogApi init fail,is not china rom
E/VersionUpdateHelper( 2473): [2018-07-24 11:04:51.508 E/HwID_APK_log[2.6.1.319]/VersionUpdateHelper 2473:121 :37] old version is -1, current version is 3
E/cutils  ( 1165): Failed to mkdirat(/storage/sdcard/Android): Read-only file system
E/AppLogApi( 2473): ApplogApi init fail,is not china rom
E/cutils  ( 1165): Failed to mkdirat(/storage/sdcard/Android): Read-only file system
E/AppLogApi( 2473): ApplogApi init fail,is not china rom
E/cutils  ( 1165): Failed to mkdirat(/storage/sdcard/Android): Read-only file system
E/hms_pay ( 2473): [getHWLog]:  can not find HwLog!
E/cutils  ( 1165): Failed to mkdirat(/storage/sdcard/Android): Read-only file system
E/AppLogApi( 2473): ApplogApi init fail,is not china rom
E/cutils  ( 1165): Failed to mkdirat(/storage/sdcard/Android): Read-only file system
E/AppLogApi( 2473): ApplogApi init fail,is not china rom
E/DBGrade ( 2473): [2018-07-24 11:04:51.536 E/HwID_APK_log[2.6.1.319]/DBGrade 2473:121 :74]  get error
E/DBGrade ( 2473): [2018-07-24 11:04:51.538 E/HwID_APK_log[2.6.1.319]/DBGrade 2473:121 :74]  get error
E/UserInfoHelper( 2473): [2018-07-24 11:04:51.548 E/HwID_APK_log[2.6.1.319]/UserInfoHelper 2473:140 :126] IOException in ReadUserInfo:
E/UserInfoHelper( 2473): [2018-07-24 11:04:51.551 E/HwID_APK_log[2.6.1.319]/UserInfoHelper 2473:142 :126] IOException in ReadUserInfo:
E/UserInfoHelper( 2473): [2018-07-24 11:04:51.551 E/HwID_APK_log[2.6.1.319]/UserInfoHelper 2473:141 :126] IOException in ReadUserInfo:
E/EGL_emulation( 2473): tid 2473: eglSurfaceAttrib(1199): error 0x3009 (EGL_BAD_MATCH)
E/EGL_emulation( 2473): tid 2473: eglSurfaceAttrib(1199): error 0x3009 (EGL_BAD_MATCH)
E/StartUpGuideLoginActivity( 2473): [2018-07-24 11:04:51.745 E/HwID_APK_log[2.6.1.319]/StartUpGuideLoginActivity 2473:1 :1252] onFocusChangeCheck  true
E/HwGrsSdk( 2473): xMap is null.[main-1](/:185)
E/HwGrsSdk( 2473): xMap is null.[main-1](/:185)
E/HwGrsSdk( 2473): xMap is null.[main-1](/:185)
E/HwGrsSdk( 2473): queryLocalGrs serviceResult is not null.[main-1](/:206)
E/memtrack( 2539): Couldn't load memtrack module (No such file or directory)
E/android.os.Debug( 2539): failed to load memtrack module: -2
E/EGL_emulation( 1908): tid 1908: eglSurfaceAttrib(1199): error 0x3009 (EGL_BAD_MATCH)
E/memtrack( 2553): Couldn't load memtrack module (No such file or directory)
E/android.os.Debug( 2553): failed to load memtrack module: -2
E/InputDispatcher( 1588): channel '9db37488 com.huawei.hwid/com.huawei.hwid.ui.extend.setting.StartUpGuideLoginActivity (server)' ~ Channel is unrecoverably broken and will be disposed!
E/InputDispatcher( 1588): channel '9da0d9c0 com.huawei.hwid/com.huawei.hwid.ui.extend.setting.StartUpGuideLoginActivity (server)' ~ Channel is unrecoverably broken and will be disposed!
E/memtrack( 2569): Couldn't load memtrack module (No such file or directory)
E/android.os.Debug( 2569): failed to load memtrack module: -2
E/memtrack( 2592): Couldn't load memtrack module (No such file or directory)
E/android.os.Debug( 2592): failed to load memtrack module: -2
E/memtrack( 2610): Couldn't load memtrack module (No such file or directory)
E/android.os.Debug( 2610): failed to load memtrack module: -2
E/PackageParser( 1588): Package com.huawei.phoneservice has no certificates at entry classes.dex; ignoring!
E/StrictMode( 1588): A resource was acquired at attached stack trace but never released. See java.io.Closeable for information on avoiding resource leaks.
E/StrictMode( 1588): java.lang.Throwable: Explicit termination method 'end' not called
E/StrictMode( 1588): 	at dalvik.system.CloseGuard.open(CloseGuard.java:184)
E/StrictMode( 1588): 	at java.util.zip.Inflater.<init>(Inflater.java:82)
E/StrictMode( 1588): 	at java.util.zip.ZipFile.getInputStream(ZipFile.java:310)
E/StrictMode( 1588): 	at java.util.jar.JarFile.getInputStream(JarFile.java:389)
E/StrictMode( 1588): 	at android.content.pm.PackageParser.loadCertificates(PackageParser.java:464)
E/StrictMode( 1588): 	at android.content.pm.PackageParser.collectCertificates(PackageParser.java:674)
E/StrictMode( 1588): 	at com.android.server.pm.PackageManagerService.installPackageLI(PackageManagerService.java:8991)
E/StrictMode( 1588): 	at com.android.server.pm.PackageManagerService.access$2300(PackageManagerService.java:178)
E/StrictMode( 1588): 	at com.android.server.pm.PackageManagerService$5.run(PackageManagerService.java:7041)
E/StrictMode( 1588): 	at android.os.Handler.handleCallback(Handler.java:733)
E/StrictMode( 1588): 	at android.os.Handler.dispatchMessage(Handler.java:95)
E/StrictMode( 1588): 	at android.os.Looper.loop(Looper.java:136)
E/StrictMode( 1588): 	at android.os.HandlerThread.run(HandlerThread.java:61)
E/memtrack( 2626): Couldn't load memtrack module (No such file or directory)
E/android.os.Debug( 2626): failed to load memtrack module: -2
E/memtrack( 2639): Couldn't load memtrack module (No such file or directory)
E/android.os.Debug( 2639): failed to load memtrack module: -2
E/memtrack( 2651): Couldn't load memtrack module (No such file or directory)
E/android.os.Debug( 2651): failed to load memtrack module: -2
E/memtrack( 2668): Couldn't load memtrack module (No such file or directory)
E/android.os.Debug( 2668): failed to load memtrack module: -2
E/memtrack( 2685): Couldn't load memtrack module (No such file or directory)
E/android.os.Debug( 2685): failed to load memtrack module: -2
E/PackageParser( 1588): Package com.huawei.phoneservice has no certificates at entry classes.dex; ignoring!
E/StrictMode( 1588): A resource was acquired at attached stack trace but never released. See java.io.Closeable for information on avoiding resource leaks.
E/StrictMode( 1588): java.lang.Throwable: Explicit termination method 'end' not called
E/StrictMode( 1588): 	at dalvik.system.CloseGuard.open(CloseGuard.java:184)
E/StrictMode( 1588): 	at java.util.zip.Inflater.<init>(Inflater.java:82)
E/StrictMode( 1588): 	at java.util.zip.ZipFile.getInputStream(ZipFile.java:310)
E/StrictMode( 1588): 	at java.util.jar.JarFile.getInputStream(JarFile.java:389)
E/StrictMode( 1588): 	at android.content.pm.PackageParser.loadCertificates(PackageParser.java:464)
E/StrictMode( 1588): 	at android.content.pm.PackageParser.collectCertificates(PackageParser.java:674)
E/StrictMode( 1588): 	at com.android.server.pm.PackageManagerService.installPackageLI(PackageManagerService.java:8991)
E/StrictMode( 1588): 	at com.android.server.pm.PackageManagerService.access$2300(PackageManagerService.java:178)
E/StrictMode( 1588): 	at com.android.server.pm.PackageManagerService$5.run(PackageManagerService.java:7041)
E/StrictMode( 1588): 	at android.os.Handler.handleCallback(Handler.java:733)
E/StrictMode( 1588): 	at android.os.Handler.dispatchMessage(Handler.java:95)
E/StrictMode( 1588): 	at android.os.Looper.loop(Looper.java:136)
E/StrictMode( 1588): 	at android.os.HandlerThread.run(HandlerThread.java:61)
E/memtrack( 2701): Couldn't load memtrack module (No such file or directory)
E/android.os.Debug( 2701): failed to load memtrack module: -2
E/memtrack( 2714): Couldn't load memtrack module (No such file or directory)
E/android.os.Debug( 2714): failed to load memtrack module: -2
E/memtrack( 2726): Couldn't load memtrack module (No such file or directory)
E/android.os.Debug( 2726): failed to load memtrack module: -2
E/memtrack( 2743): Couldn't load memtrack module (No such file or directory)
E/android.os.Debug( 2743): failed to load memtrack module: -2
E/memtrack( 2760): Couldn't load memtrack module (No such file or directory)
E/android.os.Debug( 2760): failed to load memtrack module: -2
E/PackageParser( 1588): Package com.huawei.phoneservice has no certificates at entry classes.dex; ignoring!
E/StrictMode( 1588): A resource was acquired at attached stack trace but never released. See java.io.Closeable for information on avoiding resource leaks.
E/StrictMode( 1588): java.lang.Throwable: Explicit termination method 'end' not called
E/StrictMode( 1588): 	at dalvik.system.CloseGuard.open(CloseGuard.java:184)
E/StrictMode( 1588): 	at java.util.zip.Inflater.<init>(Inflater.java:82)
E/StrictMode( 1588): 	at java.util.zip.ZipFile.getInputStream(ZipFile.java:310)
E/StrictMode( 1588): 	at java.util.jar.JarFile.getInputStream(JarFile.java:389)
E/StrictMode( 1588): 	at android.content.pm.PackageParser.loadCertificates(PackageParser.java:464)
E/StrictMode( 1588): 	at android.content.pm.PackageParser.collectCertificates(PackageParser.java:674)
E/StrictMode( 1588): 	at com.android.server.pm.PackageManagerService.installPackageLI(PackageManagerService.java:8991)
E/StrictMode( 1588): 	at com.android.server.pm.PackageManagerService.access$2300(PackageManagerService.java:178)
E/StrictMode( 1588): 	at com.android.server.pm.PackageManagerService$5.run(PackageManagerService.java:7041)
E/StrictMode( 1588): 	at android.os.Handler.handleCallback(Handler.java:733)
E/StrictMode( 1588): 	at android.os.Handler.dispatchMessage(Handler.java:95)
E/StrictMode( 1588): 	at android.os.Looper.loop(Looper.java:136)
E/StrictMode( 1588): 	at android.os.HandlerThread.run(HandlerThread.java:61)
E/memtrack( 2776): Couldn't load memtrack module (No such file or directory)
E/android.os.Debug( 2776): failed to load memtrack module: -2
E/memtrack( 2789): Couldn't load memtrack module (No such file or directory)
E/android.os.Debug( 2789): failed to load memtrack module: -2
E/memtrack( 2801): Couldn't load memtrack module (No such file or directory)
E/android.os.Debug( 2801): failed to load memtrack module: -2
E/memtrack( 2819): Couldn't load memtrack module (No such file or directory)
E/android.os.Debug( 2819): failed to load memtrack module: -2
E/memtrack( 2836): Couldn't load memtrack module (No such file or directory)
E/android.os.Debug( 2836): failed to load memtrack module: -2
E/PackageParser( 1588): Package com.huawei.phoneservice has no certificates at entry classes.dex; ignoring!
E/StrictMode( 1588): A resource was acquired at attached stack trace but never released. See java.io.Closeable for information on avoiding resource leaks.
E/StrictMode( 1588): java.lang.Throwable: Explicit termination method 'end' not called
E/StrictMode( 1588): 	at dalvik.system.CloseGuard.open(CloseGuard.java:184)
E/StrictMode( 1588): 	at java.util.zip.Inflater.<init>(Inflater.java:82)
E/StrictMode( 1588): 	at java.util.zip.ZipFile.getInputStream(ZipFile.java:310)
E/StrictMode( 1588): 	at java.util.jar.JarFile.getInputStream(JarFile.java:389)
E/StrictMode( 1588): 	at android.content.pm.PackageParser.loadCertificates(PackageParser.java:464)
E/StrictMode( 1588): 	at android.content.pm.PackageParser.collectCertificates(PackageParser.java:674)
E/StrictMode( 1588): 	at com.android.server.pm.PackageManagerService.installPackageLI(PackageManagerService.java:8991)
E/StrictMode( 1588): 	at com.android.server.pm.PackageManagerService.access$2300(PackageManagerService.java:178)
E/StrictMode( 1588): 	at com.android.server.pm.PackageManagerService$5.run(PackageManagerService.java:7041)
E/StrictMode( 1588): 	at android.os.Handler.handleCallback(Handler.java:733)
E/StrictMode( 1588): 	at android.os.Handler.dispatchMessage(Handler.java:95)
E/StrictMode( 1588): 	at android.os.Looper.loop(Looper.java:136)
E/StrictMode( 1588): 	at android.os.HandlerThread.run(HandlerThread.java:61)
E/memtrack( 2854): Couldn't load memtrack module (No such file or directory)
E/android.os.Debug( 2854): failed to load memtrack module: -2
E/memtrack( 2867): Couldn't load memtrack module (No such file or directory)
E/android.os.Debug( 2867): failed to load memtrack module: -2
E/memtrack( 2881): Couldn't load memtrack module (No such file or directory)
E/android.os.Debug( 2881): failed to load memtrack module: -2
E/memtrack( 2904): Couldn't load memtrack module (No such file or directory)
E/android.os.Debug( 2904): failed to load memtrack module: -2
E/memtrack( 2921): Couldn't load memtrack module (No such file or directory)
E/android.os.Debug( 2921): failed to load memtrack module: -2
E/PackageParser( 1588): Package com.huawei.vdrive has no certificates at entry classes.dex; ignoring!
E/StrictMode( 1588): A resource was acquired at attached stack trace but never released. See java.io.Closeable for information on avoiding resource leaks.
E/StrictMode( 1588): java.lang.Throwable: Explicit termination method 'end' not called
E/StrictMode( 1588): 	at dalvik.system.CloseGuard.open(CloseGuard.java:184)
E/StrictMode( 1588): 	at java.util.zip.Inflater.<init>(Inflater.java:82)
E/StrictMode( 1588): 	at java.util.zip.ZipFile.getInputStream(ZipFile.java:310)
E/StrictMode( 1588): 	at java.util.jar.JarFile.getInputStream(JarFile.java:389)
E/StrictMode( 1588): 	at android.content.pm.PackageParser.loadCertificates(PackageParser.java:464)
E/StrictMode( 1588): 	at android.content.pm.PackageParser.collectCertificates(PackageParser.java:674)
E/StrictMode( 1588): 	at com.android.server.pm.PackageManagerService.installPackageLI(PackageManagerService.java:8991)
E/StrictMode( 1588): 	at com.android.server.pm.PackageManagerService.access$2300(PackageManagerService.java:178)
E/StrictMode( 1588): 	at com.android.server.pm.PackageManagerService$5.run(PackageManagerService.java:7041)
E/StrictMode( 1588): 	at android.os.Handler.handleCallback(Handler.java:733)
E/StrictMode( 1588): 	at android.os.Handler.dispatchMessage(Handler.java:95)
E/StrictMode( 1588): 	at android.os.Looper.loop(Looper.java:136)
E/StrictMode( 1588): 	at android.os.HandlerThread.run(HandlerThread.java:61)
E/memtrack( 2938): Couldn't load memtrack module (No such file or directory)
E/android.os.Debug( 2938): failed to load memtrack module: -2
E/memtrack( 2951): Couldn't load memtrack module (No such file or directory)
E/android.os.Debug( 2951): failed to load memtrack module: -2
E/memtrack( 2963): Couldn't load memtrack module (No such file or directory)
E/android.os.Debug( 2963): failed to load memtrack module: -2
E/memtrack( 2980): Couldn't load memtrack module (No such file or directory)
E/android.os.Debug( 2980): failed to load memtrack module: -2
E/memtrack( 2997): Couldn't load memtrack module (No such file or directory)
E/android.os.Debug( 2997): failed to load memtrack module: -2
E/PackageParser( 1588): Package com.huawei.vdrive has no certificates at entry classes.dex; ignoring!
E/StrictMode( 1588): A resource was acquired at attached stack trace but never released. See java.io.Closeable for information on avoiding resource leaks.
E/StrictMode( 1588): java.lang.Throwable: Explicit termination method 'end' not called
E/StrictMode( 1588): 	at dalvik.system.CloseGuard.open(CloseGuard.java:184)
E/StrictMode( 1588): 	at java.util.zip.Inflater.<init>(Inflater.java:82)
E/StrictMode( 1588): 	at java.util.zip.ZipFile.getInputStream(ZipFile.java:310)
E/StrictMode( 1588): 	at java.util.jar.JarFile.getInputStream(JarFile.java:389)
E/StrictMode( 1588): 	at android.content.pm.PackageParser.loadCertificates(PackageParser.java:464)
E/StrictMode( 1588): 	at android.content.pm.PackageParser.collectCertificates(PackageParser.java:674)
E/StrictMode( 1588): 	at com.android.server.pm.PackageManagerService.installPackageLI(PackageManagerService.java:8991)
E/StrictMode( 1588): 	at com.android.server.pm.PackageManagerService.access$2300(PackageManagerService.java:178)
E/StrictMode( 1588): 	at com.android.server.pm.PackageManagerService$5.run(PackageManagerService.java:7041)
E/StrictMode( 1588): 	at android.os.Handler.handleCallback(Handler.java:733)
E/StrictMode( 1588): 	at android.os.Handler.dispatchMessage(Handler.java:95)
E/StrictMode( 1588): 	at android.os.Looper.loop(Looper.java:136)
E/StrictMode( 1588): 	at android.os.HandlerThread.run(HandlerThread.java:61)
E/memtrack( 3013): Couldn't load memtrack module (No such file or directory)
E/android.os.Debug( 3013): failed to load memtrack module: -2
E/memtrack( 3026): Couldn't load memtrack module (No such file or directory)
E/android.os.Debug( 3026): failed to load memtrack module: -2
E/memtrack( 3038): Couldn't load memtrack module (No such file or directory)
E/android.os.Debug( 3038): failed to load memtrack module: -2
E/memtrack( 3055): Couldn't load memtrack module (No such file or directory)
E/android.os.Debug( 3055): failed to load memtrack module: -2
E/memtrack( 3072): Couldn't load memtrack module (No such file or directory)
E/android.os.Debug( 3072): failed to load memtrack module: -2
E/PackageParser( 1588): Package com.huawei.vdrive has no certificates at entry classes.dex; ignoring!
E/StrictMode( 1588): A resource was acquired at attached stack trace but never released. See java.io.Closeable for information on avoiding resource leaks.
E/StrictMode( 1588): java.lang.Throwable: Explicit termination method 'end' not called
E/StrictMode( 1588): 	at dalvik.system.CloseGuard.open(CloseGuard.java:184)
E/StrictMode( 1588): 	at java.util.zip.Inflater.<init>(Inflater.java:82)
E/StrictMode( 1588): 	at java.util.zip.ZipFile.getInputStream(ZipFile.java:310)
E/StrictMode( 1588): 	at java.util.jar.JarFile.getInputStream(JarFile.java:389)
E/StrictMode( 1588): 	at android.content.pm.PackageParser.loadCertificates(PackageParser.java:464)
E/StrictMode( 1588): 	at android.content.pm.PackageParser.collectCertificates(PackageParser.java:674)
E/StrictMode( 1588): 	at com.android.server.pm.PackageManagerService.installPackageLI(PackageManagerService.java:8991)
E/StrictMode( 1588): 	at com.android.server.pm.PackageManagerService.access$2300(PackageManagerService.java:178)
E/StrictMode( 1588): 	at com.android.server.pm.PackageManagerService$5.run(PackageManagerService.java:7041)
E/StrictMode( 1588): 	at android.os.Handler.handleCallback(Handler.java:733)
E/StrictMode( 1588): 	at android.os.Handler.dispatchMessage(Handler.java:95)
E/StrictMode( 1588): 	at android.os.Looper.loop(Looper.java:136)
E/StrictMode( 1588): 	at android.os.HandlerThread.run(HandlerThread.java:61)
E/memtrack( 3088): Couldn't load memtrack module (No such file or directory)
E/android.os.Debug( 3088): failed to load memtrack module: -2
E/memtrack( 3101): Couldn't load memtrack module (No such file or directory)
E/android.os.Debug( 3101): failed to load memtrack module: -2
E/memtrack( 3113): Couldn't load memtrack module (No such file or directory)
E/android.os.Debug( 3113): failed to load memtrack module: -2
E/memtrack( 3130): Couldn't load memtrack module (No such file or directory)
E/android.os.Debug( 3130): failed to load memtrack module: -2
E/memtrack( 3147): Couldn't load memtrack module (No such file or directory)
E/android.os.Debug( 3147): failed to load memtrack module: -2
E/PackageParser( 1588): Package com.huawei.vdrive has no certificates at entry classes.dex; ignoring!
E/StrictMode( 1588): A resource was acquired at attached stack trace but never released. See java.io.Closeable for information on avoiding resource leaks.
E/StrictMode( 1588): java.lang.Throwable: Explicit termination method 'end' not called
E/StrictMode( 1588): 	at dalvik.system.CloseGuard.open(CloseGuard.java:184)
E/StrictMode( 1588): 	at java.util.zip.Inflater.<init>(Inflater.java:82)
E/StrictMode( 1588): 	at java.util.zip.ZipFile.getInputStream(ZipFile.java:310)
E/StrictMode( 1588): 	at java.util.jar.JarFile.getInputStream(JarFile.java:389)
E/StrictMode( 1588): 	at android.content.pm.PackageParser.loadCertificates(PackageParser.java:464)
E/StrictMode( 1588): 	at android.content.pm.PackageParser.collectCertificates(PackageParser.java:674)
E/StrictMode( 1588): 	at com.android.server.pm.PackageManagerService.installPackageLI(PackageManagerService.java:8991)
E/StrictMode( 1588): 	at com.android.server.pm.PackageManagerService.access$2300(PackageManagerService.java:178)
E/StrictMode( 1588): 	at com.android.server.pm.PackageManagerService$5.run(PackageManagerService.java:7041)
E/StrictMode( 1588): 	at android.os.Handler.handleCallback(Handler.java:733)
E/StrictMode( 1588): 	at android.os.Handler.dispatchMessage(Handler.java:95)
E/StrictMode( 1588): 	at android.os.Looper.loop(Looper.java:136)
E/StrictMode( 1588): 	at android.os.HandlerThread.run(HandlerThread.java:61)
E/memtrack( 3163): Couldn't load memtrack module (No such file or directory)
E/android.os.Debug( 3163): failed to load memtrack module: -2
E/memtrack( 3176): Couldn't load memtrack module (No such file or directory)
E/android.os.Debug( 3176): failed to load memtrack module: -2
E/memtrack( 3188): Couldn't load memtrack module (No such file or directory)
E/android.os.Debug( 3188): failed to load memtrack module: -2
E/memtrack( 3205): Couldn't load memtrack module (No such file or directory)
E/android.os.Debug( 3205): failed to load memtrack module: -2
E/memtrack( 3222): Couldn't load memtrack module (No such file or directory)
E/android.os.Debug( 3222): failed to load memtrack module: -2
E/PackageParser( 1588): Package com.huawei.vdrive has no certificates at entry classes.dex; ignoring!
E/StrictMode( 1588): A resource was acquired at attached stack trace but never released. See java.io.Closeable for information on avoiding resource leaks.
