E/DBGrade ( 4149): [2018-07-24 10:59:13.450 E/HwID_APK_log[2.6.1.319]/DBGrade 4149:188 :74]  get error
E/HwGrsSdk( 4149): xMap is null.[main-1](/:185)
E/HwGrsSdk( 4149): xMap is null.[main-1](/:185)
E/HwGrsSdk( 4149): xMap is null.[main-1](/:185)
E/HwGrsSdk( 4149): queryLocalGrs serviceResult is not null.[main-1](/:206)
E/EGL_emulation( 1914): tid 1914: eglSurfaceAttrib(1199): error 0x3009 (EGL_BAD_MATCH)
E/memtrack( 4213): Couldn't load memtrack module (No such file or directory)
E/android.os.Debug( 4213): failed to load memtrack module: -2
E/memtrack( 4226): Couldn't load memtrack module (No such file or directory)
E/android.os.Debug( 4226): failed to load memtrack module: -2
E/memtrack( 4242): Couldn't load memtrack module (No such file or directory)
E/android.os.Debug( 4242): failed to load memtrack module: -2
E/memtrack( 4259): Couldn't load memtrack module (No such file or directory)
E/android.os.Debug( 4259): failed to load memtrack module: -2
E/memtrack( 4276): Couldn't load memtrack module (No such file or directory)
E/android.os.Debug( 4276): failed to load memtrack module: -2
E/cutils-trace( 4286): Error opening trace file: Permission denied (13)
E/memtrack( 4291): Couldn't load memtrack module (No such file or directory)
E/android.os.Debug( 4291): failed to load memtrack module: -2
E/dalvikvm( 4302): Could not find class 'android.graphics.drawable.RippleDrawable', referenced from method android.support.v7.widget.AppCompatImageHelper.hasOverlappingRendering
E/EGL_emulation( 4302): tid 4302: eglSurfaceAttrib(1199): error 0x3009 (EGL_BAD_MATCH)
E/jdwp    ( 4316): Failed sending reply to debugger: Broken pipe
E/cutils  ( 1164): Failed to mkdirat(/storage/sdcard/Android): Read-only file system
E/AppLogApi( 4316): ApplogApi init fail,is not china rom
E/cutils  ( 1164): Failed to mkdirat(/storage/sdcard/Android): Read-only file system
E/AppLogApi( 4316): ApplogApi init fail,is not china rom
E/HwGrsSdk( 4316): can not getField[Thread-191-191](/:438)
E/cutils  ( 1164): Failed to mkdirat(/storage/sdcard/Android): Read-only file system
E/AppLogApi( 4316): ApplogApi init fail,is not china rom
E/HwGrsSdk( 4316): getGrsUrls sp query fail.[Thread-191-191](/:563)
E/cutils  ( 1164): Failed to mkdirat(/storage/sdcard/Android): Read-only file system
E/AppLogApi( 4316): ApplogApi init fail,is not china rom
E/cutils  ( 1164): Failed to mkdirat(/storage/sdcard/Android): Read-only file system
E/AppLogApi( 4316): ApplogApi init fail,is not china rom
E/cutils  ( 1164): Failed to mkdirat(/storage/sdcard/Android): Read-only file system
E/hms_pay ( 4316): [getHWLog]:  can not find HwLog!
E/VersionUpdateHelper( 4316): [2018-07-24 10:59:22.438 E/HwID_APK_log[2.6.1.319]/VersionUpdateHelper 4316:193 :37] old version is -1, current version is 3
E/cutils  ( 1164): Failed to mkdirat(/storage/sdcard/Android): Read-only file system
E/AppLogApi( 4316): ApplogApi init fail,is not china rom
E/cutils  ( 1164): Failed to mkdirat(/storage/sdcard/Android): Read-only file system
E/AppLogApi( 4316): ApplogApi init fail,is not china rom
E/BaseUtil( 4316): [2018-07-24 10:59:22.454 E/HwID_APK_log[2.6.1.319]/BaseUtil 4316:1 :1814] setHwFloating [boolean]
E/UserInfoHelper( 4316): [2018-07-24 10:59:22.454 E/HwID_APK_log[2.6.1.319]/UserInfoHelper 4316:208 :126] IOException in ReadUserInfo:
E/UserInfoHelper( 4316): [2018-07-24 10:59:22.455 E/HwID_APK_log[2.6.1.319]/UserInfoHelper 4316:211 :126] IOException in ReadUserInfo:
E/UserInfoHelper( 4316): [2018-07-24 10:59:22.455 E/HwID_APK_log[2.6.1.319]/UserInfoHelper 4316:210 :126] IOException in ReadUserInfo:
E/DBGrade ( 4316): [2018-07-24 10:59:22.458 E/HwID_APK_log[2.6.1.319]/DBGrade 4316:193 :74]  get error
E/DBGrade ( 4316): [2018-07-24 10:59:22.465 E/HwID_APK_log[2.6.1.319]/DBGrade 4316:193 :74]  get error
E/HwGrsSdk( 4316): xMap is null.[main-1](/:185)
E/HwGrsSdk( 4316): xMap is null.[main-1](/:185)
E/HwGrsSdk( 4316): xMap is null.[main-1](/:185)
E/HwGrsSdk( 4316): queryLocalGrs serviceResult is not null.[main-1](/:206)
E/EGL_emulation( 1914): tid 1914: eglSurfaceAttrib(1199): error 0x3009 (EGL_BAD_MATCH)
E/memtrack( 4378): Couldn't load memtrack module (No such file or directory)
E/android.os.Debug( 4378): failed to load memtrack module: -2
E/memtrack( 4391): Couldn't load memtrack module (No such file or directory)
E/android.os.Debug( 4391): failed to load memtrack module: -2
E/memtrack( 4407): Couldn't load memtrack module (No such file or directory)
E/android.os.Debug( 4407): failed to load memtrack module: -2
E/dalvikvm( 1602): JIT code cache full
E/memtrack( 4426): Couldn't load memtrack module (No such file or directory)
E/android.os.Debug( 4426): failed to load memtrack module: -2
E/memtrack( 4443): Couldn't load memtrack module (No such file or directory)
E/android.os.Debug( 4443): failed to load memtrack module: -2
E/cutils-trace( 4453): Error opening trace file: Permission denied (13)
E/memtrack( 4458): Couldn't load memtrack module (No such file or directory)
E/android.os.Debug( 4458): failed to load memtrack module: -2
E/dalvikvm( 4469): Could not find class 'android.graphics.drawable.RippleDrawable', referenced from method android.support.v7.widget.AppCompatImageHelper.hasOverlappingRendering
E/EGL_emulation( 4469): tid 4469: eglSurfaceAttrib(1199): error 0x3009 (EGL_BAD_MATCH)
E/cutils  ( 1164): Failed to mkdirat(/storage/sdcard/Android): Read-only file system
E/AppLogApi( 4483): ApplogApi init fail,is not china rom
E/cutils  ( 1164): Failed to mkdirat(/storage/sdcard/Android): Read-only file system
E/AppLogApi( 4483): ApplogApi init fail,is not china rom
E/HwGrsSdk( 4483): can not getField[Thread-197-197](/:438)
E/HwGrsSdk( 4483): getGrsUrls sp query fail.[Thread-197-197](/:563)
E/cutils  ( 1164): Failed to mkdirat(/storage/sdcard/Android): Read-only file system
E/AppLogApi( 4483): ApplogApi init fail,is not china rom
E/cutils  ( 1164): Failed to mkdirat(/storage/sdcard/Android): Read-only file system
E/cutils  ( 1164): Failed to mkdirat(/storage/sdcard/Android): Read-only file system
E/hms_pay ( 4483): [getHWLog]:  can not find HwLog!
E/VersionUpdateHelper( 4483): [2018-07-24 10:59:31.678 E/HwID_APK_log[2.6.1.319]/VersionUpdateHelper 4483:198 :37] old version is -1, current version is 3
E/AppLogApi( 4483): ApplogApi init fail,is not china rom
E/cutils  ( 1164): Failed to mkdirat(/storage/sdcard/Android): Read-only file system
E/AppLogApi( 4483): ApplogApi init fail,is not china rom
E/cutils  ( 1164): Failed to mkdirat(/storage/sdcard/Android): Read-only file system
E/AppLogApi( 4483): ApplogApi init fail,is not china rom
E/cutils  ( 1164): Failed to mkdirat(/storage/sdcard/Android): Read-only file system
E/AppLogApi( 4483): ApplogApi init fail,is not china rom
E/DBGrade ( 4483): [2018-07-24 10:59:31.715 E/HwID_APK_log[2.6.1.319]/DBGrade 4483:198 :74]  get error
E/UserInfoHelper( 4483): [2018-07-24 10:59:31.715 E/HwID_APK_log[2.6.1.319]/UserInfoHelper 4483:214 :126] IOException in ReadUserInfo:
E/UserInfoHelper( 4483): [2018-07-24 10:59:31.716 E/HwID_APK_log[2.6.1.319]/UserInfoHelper 4483:215 :126] IOException in ReadUserInfo:
E/UserInfoHelper( 4483): [2018-07-24 10:59:31.716 E/HwID_APK_log[2.6.1.319]/UserInfoHelper 4483:216 :126] IOException in ReadUserInfo:
E/DBGrade ( 4483): [2018-07-24 10:59:31.725 E/HwID_APK_log[2.6.1.319]/DBGrade 4483:198 :74]  get error
E/EGL_emulation( 4469): tid 4469: eglSurfaceAttrib(1199): error 0x3009 (EGL_BAD_MATCH)
E/HwGrsSdk( 4483): xMap is null.[main-1](/:185)
E/HwGrsSdk( 4483): xMap is null.[main-1](/:185)
E/HwGrsSdk( 4483): xMap is null.[main-1](/:185)
E/HwGrsSdk( 4483): queryLocalGrs serviceResult is not null.[main-1](/:206)
E/EGL_emulation( 1914): tid 1914: eglSurfaceAttrib(1199): error 0x3009 (EGL_BAD_MATCH)
E/memtrack( 4547): Couldn't load memtrack module (No such file or directory)
E/android.os.Debug( 4547): failed to load memtrack module: -2
E/memtrack( 4560): Couldn't load memtrack module (No such file or directory)
E/android.os.Debug( 4560): failed to load memtrack module: -2
E/memtrack( 4576): Couldn't load memtrack module (No such file or directory)
E/android.os.Debug( 4576): failed to load memtrack module: -2
E/memtrack( 4593): Couldn't load memtrack module (No such file or directory)
E/android.os.Debug( 4593): failed to load memtrack module: -2
E/memtrack( 4610): Couldn't load memtrack module (No such file or directory)
E/android.os.Debug( 4610): failed to load memtrack module: -2
E/cutils-trace( 4620): Error opening trace file: Permission denied (13)
E/memtrack( 4625): Couldn't load memtrack module (No such file or directory)
E/android.os.Debug( 4625): failed to load memtrack module: -2
E/dalvikvm( 4636): Could not find class 'android.graphics.drawable.RippleDrawable', referenced from method android.support.v7.widget.AppCompatImageHelper.hasOverlappingRendering
E/EGL_emulation( 4636): tid 4636: eglSurfaceAttrib(1199): error 0x3009 (EGL_BAD_MATCH)
E/cutils  ( 1164): Failed to mkdirat(/storage/sdcard/Android): Read-only file system
E/AppLogApi( 4650): ApplogApi init fail,is not china rom
E/cutils  ( 1164): Failed to mkdirat(/storage/sdcard/Android): Read-only file system
E/AppLogApi( 4650): ApplogApi init fail,is not china rom
E/HwGrsSdk( 4650): can not getField[Thread-203-203](/:438)
E/HwGrsSdk( 4650): getGrsUrls sp query fail.[Thread-203-203](/:563)
E/cutils  ( 1164): Failed to mkdirat(/storage/sdcard/Android): Read-only file system
E/AppLogApi( 4650): ApplogApi init fail,is not china rom
E/cutils  ( 1164): Failed to mkdirat(/storage/sdcard/Android): Read-only file system
E/VersionUpdateHelper( 4650): [2018-07-24 10:59:40.939 E/HwID_APK_log[2.6.1.319]/VersionUpdateHelper 4650:205 :37] old version is -1, current version is 3
E/AppLogApi( 4650): ApplogApi init fail,is not china rom
E/cutils  ( 1164): Failed to mkdirat(/storage/sdcard/Android): Read-only file system
E/cutils  ( 1164): Failed to mkdirat(/storage/sdcard/Android): Read-only file system
E/AppLogApi( 4650): ApplogApi init fail,is not china rom
E/hms_pay ( 4650): [getHWLog]:  can not find HwLog!
E/cutils  ( 1164): Failed to mkdirat(/storage/sdcard/Android): Read-only file system
E/AppLogApi( 4650): ApplogApi init fail,is not china rom
E/cutils  ( 1164): Failed to mkdirat(/storage/sdcard/Android): Read-only file system
E/AppLogApi( 4650): ApplogApi init fail,is not china rom
E/UserInfoHelper( 4650): [2018-07-24 10:59:41.013 E/HwID_APK_log[2.6.1.319]/UserInfoHelper 4650:221 :126] IOException in ReadUserInfo:
E/UserInfoHelper( 4650): [2018-07-24 10:59:40.997 E/HwID_APK_log[2.6.1.319]/UserInfoHelper 4650:220 :126] IOException in ReadUserInfo:
E/UserInfoHelper( 4650): [2018-07-24 10:59:41.013 E/HwID_APK_log[2.6.1.319]/UserInfoHelper 4650:223 :126] IOException in ReadUserInfo:
E/DBGrade ( 4650): [2018-07-24 10:59:41.021 E/HwID_APK_log[2.6.1.319]/DBGrade 4650:205 :74]  get error
E/BaseUtil( 4650): [2018-07-24 10:59:41.022 E/HwID_APK_log[2.6.1.319]/BaseUtil 4650:1 :1814] setHwFloating [boolean]
E/DBGrade ( 4650): [2018-07-24 10:59:41.023 E/HwID_APK_log[2.6.1.319]/DBGrade 4650:205 :74]  get error
E/HwGrsSdk( 4650): xMap is null.[main-1](/:185)
E/HwGrsSdk( 4650): xMap is null.[main-1](/:185)
E/HwGrsSdk( 4650): xMap is null.[main-1](/:185)
E/HwGrsSdk( 4650): queryLocalGrs serviceResult is not null.[main-1](/:206)
E/EGL_emulation( 1914): tid 1914: eglSurfaceAttrib(1199): error 0x3009 (EGL_BAD_MATCH)
E/memtrack( 4712): Couldn't load memtrack module (No such file or directory)
E/android.os.Debug( 4712): failed to load memtrack module: -2
E/memtrack( 4725): Couldn't load memtrack module (No such file or directory)
E/android.os.Debug( 4725): failed to load memtrack module: -2
E/memtrack( 4741): Couldn't load memtrack module (No such file or directory)
E/android.os.Debug( 4741): failed to load memtrack module: -2
E/memtrack( 4758): Couldn't load memtrack module (No such file or directory)
E/android.os.Debug( 4758): failed to load memtrack module: -2
E/memtrack( 4775): Couldn't load memtrack module (No such file or directory)
E/android.os.Debug( 4775): failed to load memtrack module: -2
E/cutils-trace( 4785): Error opening trace file: Permission denied (13)
E/memtrack( 4790): Couldn't load memtrack module (No such file or directory)
E/android.os.Debug( 4790): failed to load memtrack module: -2
E/dalvikvm( 4801): Could not find class 'android.graphics.drawable.RippleDrawable', referenced from method android.support.v7.widget.AppCompatImageHelper.hasOverlappingRendering
E/jdwp    ( 4815): Failed sending reply to debugger: Broken pipe
E/EGL_emulation( 4801): tid 4801: eglSurfaceAttrib(1199): error 0x3009 (EGL_BAD_MATCH)
E/cutils  ( 1164): Failed to mkdirat(/storage/sdcard/Android): Read-only file system
E/HwGrsSdk( 4815): can not getField[Thread-198-198](/:438)
E/AppLogApi( 4815): ApplogApi init fail,is not china rom
E/cutils  ( 1164): Failed to mkdirat(/storage/sdcard/Android): Read-only file system
E/AppLogApi( 4815): ApplogApi init fail,is not china rom
E/HwGrsSdk( 4815): getGrsUrls sp query fail.[Thread-198-198](/:563)
E/cutils  ( 1164): Failed to mkdirat(/storage/sdcard/Android): Read-only file system
E/AppLogApi( 4815): ApplogApi init fail,is not china rom
E/cutils  ( 1164): Failed to mkdirat(/storage/sdcard/Android): Read-only file system
E/AppLogApi( 4815): ApplogApi init fail,is not china rom
E/cutils  ( 1164): Failed to mkdirat(/storage/sdcard/Android): Read-only file system
E/VersionUpdateHelper( 4815): [2018-07-24 10:59:50.139 E/HwID_APK_log[2.6.1.319]/VersionUpdateHelper 4815:201 :37] old version is -1, current version is 3
E/hms_pay ( 4815): [getHWLog]:  can not find HwLog!
E/AppLogApi( 4815): ApplogApi init fail,is not china rom
E/cutils  ( 1164): Failed to mkdirat(/storage/sdcard/Android): Read-only file system
E/cutils  ( 1164): Failed to mkdirat(/storage/sdcard/Android): Read-only file system
E/AppLogApi( 4815): ApplogApi init fail,is not china rom
E/cutils  ( 1164): Failed to mkdirat(/storage/sdcard/Android): Read-only file system
E/AppLogApi( 4815): ApplogApi init fail,is not china rom
E/PushLog3200_HMS( 4815): [IO-pool-thread-1-214]HwCfgFilePolicy ClassNotFoundException(:167)
E/PushLog3200_HMS( 4815): [Thread-215-215]device id is uuid, not support clone check(:167)
E/DBGrade ( 4815): [2018-07-24 10:59:50.178 E/HwID_APK_log[2.6.1.319]/DBGrade 4815:201 :74]  get error
E/DBGrade ( 4815): [2018-07-24 10:59:50.179 E/HwID_APK_log[2.6.1.319]/DBGrade 4815:201 :74]  get error
E/cutils  ( 1164): Failed to mkdirat(/storage/sdcard/Android): Read-only file system
E/AppLogApi( 4871): ApplogApi init fail,is not china rom
E/cutils  ( 1164): Failed to mkdirat(/storage/sdcard/Android): Read-only file system
E/HwGrsSdk( 4871): can not getField[Thread-209-209](/:438)
E/AppLogApi( 4871): ApplogApi init fail,is not china rom
E/HwGrsSdk( 4871): getGrsUrls sp query fail.[Thread-209-209](/:563)
E/cutils  ( 1164): Failed to mkdirat(/storage/sdcard/Android): Read-only file system
E/AppLogApi( 4871): ApplogApi init fail,is not china rom
E/cutils  ( 1164): Failed to mkdirat(/storage/sdcard/Android): Read-only file system
E/AppLogApi( 4871): ApplogApi init fail,is not china rom
E/VersionUpdateHelper( 4871): [2018-07-24 10:59:50.353 E/HwID_APK_log[2.6.1.319]/VersionUpdateHelper 4871:212 :37] old version is 3, current version is 3
E/cutils  ( 1164): Failed to mkdirat(/storage/sdcard/Android): Read-only file system
E/AppLogApi( 4871): ApplogApi init fail,is not china rom
E/cutils  ( 1164): Failed to mkdirat(/storage/sdcard/Android): Read-only file system
E/hms_pay ( 4871): [getHWLog]:  can not find HwLog!
E/cutils  ( 1164): Failed to mkdirat(/storage/sdcard/Android): Read-only file system
E/AppLogApi( 4871): ApplogApi init fail,is not china rom
E/cutils  ( 1164): Failed to mkdirat(/storage/sdcard/Android): Read-only file system
E/AppLogApi( 4871): ApplogApi init fail,is not china rom
E/UserInfoHelper( 4871): [2018-07-24 10:59:50.369 E/HwID_APK_log[2.6.1.319]/UserInfoHelper 4871:227 :126] IOException in ReadUserInfo:
E/UserInfoHelper( 4871): [2018-07-24 10:59:50.371 E/HwID_APK_log[2.6.1.319]/UserInfoHelper 4871:228 :126] IOException in ReadUserInfo:
E/HwGrsSdk( 4815): xMap is null.[main-1](/:185)
E/HwGrsSdk( 4815): xMap is null.[main-1](/:185)
E/HwGrsSdk( 4815): xMap is null.[main-1](/:185)
E/HwGrsSdk( 4815): queryLocalGrs serviceResult is not null.[main-1](/:206)
E/HwGrsSdk( 4871): xMap is null.[main-1](/:185)
E/HwGrsSdk( 4871): xMap is null.[main-1](/:185)
E/HwGrsSdk( 4871): xMap is null.[main-1](/:185)
E/HwGrsSdk( 4871): queryLocalGrs serviceResult is not null.[main-1](/:206)
E/EGL_emulation( 1914): tid 1914: eglSurfaceAttrib(1199): error 0x3009 (EGL_BAD_MATCH)
E/memtrack( 4927): Couldn't load memtrack module (No such file or directory)
E/android.os.Debug( 4927): failed to load memtrack module: -2
E/memtrack( 4940): Couldn't load memtrack module (No such file or directory)
E/android.os.Debug( 4940): failed to load memtrack module: -2
E/memtrack( 4956): Couldn't load memtrack module (No such file or directory)
E/android.os.Debug( 4956): failed to load memtrack module: -2
E/memtrack( 4973): Couldn't load memtrack module (No such file or directory)
E/android.os.Debug( 4973): failed to load memtrack module: -2
E/memtrack( 4990): Couldn't load memtrack module (No such file or directory)
E/android.os.Debug( 4990): failed to load memtrack module: -2
E/cutils-trace( 5000): Error opening trace file: Permission denied (13)
E/memtrack( 5005): Couldn't load memtrack module (No such file or directory)
E/android.os.Debug( 5005): failed to load memtrack module: -2
E/dalvikvm( 5016): Could not find class 'android.graphics.drawable.RippleDrawable', referenced from method android.support.v7.widget.AppCompatImageHelper.hasOverlappingRendering
E/EGL_emulation( 5016): tid 5016: eglSurfaceAttrib(1199): error 0x3009 (EGL_BAD_MATCH)
E/jdwp    ( 5030): Failed sending reply to debugger: Broken pipe
E/cutils  ( 1164): Failed to mkdirat(/storage/sdcard/Android): Read-only file system
E/AppLogApi( 5030): ApplogApi init fail,is not china rom
E/cutils  ( 1164): Failed to mkdirat(/storage/sdcard/Android): Read-only file system
E/AppLogApi( 5030): ApplogApi init fail,is not china rom
E/HwGrsSdk( 5030): can not getField[Thread-218-218](/:438)
E/cutils  ( 1164): Failed to mkdirat(/storage/sdcard/Android): Read-only file system
E/HwGrsSdk( 5030): getGrsUrls sp query fail.[Thread-218-218](/:563)
E/AppLogApi( 5030): ApplogApi init fail,is not china rom
E/cutils  ( 1164): Failed to mkdirat(/storage/sdcard/Android): Read-only file system
E/VersionUpdateHelper( 5030): [2018-07-24 10:59:59.573 E/HwID_APK_log[2.6.1.319]/VersionUpdateHelper 5030:219 :37] old version is -1, current version is 3
E/AppLogApi( 5030): ApplogApi init fail,is not china rom
E/cutils  ( 1164): Failed to mkdirat(/storage/sdcard/Android): Read-only file system
E/cutils  ( 1164): Failed to mkdirat(/storage/sdcard/Android): Read-only file system
E/hms_pay ( 5030): [getHWLog]:  can not find HwLog!
E/AppLogApi( 5030): ApplogApi init fail,is not china rom
E/cutils  ( 1164): Failed to mkdirat(/storage/sdcard/Android): Read-only file system
E/AppLogApi( 5030): ApplogApi init fail,is not china rom
E/cutils  ( 1164): Failed to mkdirat(/storage/sdcard/Android): Read-only file system
E/AppLogApi( 5030): ApplogApi init fail,is not china rom
E/BaseUtil( 5030): [2018-07-24 10:59:59.597 E/HwID_APK_log[2.6.1.319]/BaseUtil 5030:1 :1570] The class is not existing
E/UserInfoHelper( 5030): [2018-07-24 10:59:59.600 E/HwID_APK_log[2.6.1.319]/UserInfoHelper 5030:236 :126] IOException in ReadUserInfo:
E/UserInfoHelper( 5030): [2018-07-24 10:59:59.600 E/HwID_APK_log[2.6.1.319]/UserInfoHelper 5030:237 :126] IOException in ReadUserInfo:
E/DBGrade ( 5030): [2018-07-24 10:59:59.610 E/HwID_APK_log[2.6.1.319]/DBGrade 5030:219 :74]  get error
E/DBGrade ( 5030): [2018-07-24 10:59:59.613 E/HwID_APK_log[2.6.1.319]/DBGrade 5030:219 :74]  get error
E/UserInfoHelper( 5030): [2018-07-24 10:59:59.622 E/HwID_APK_log[2.6.1.319]/UserInfoHelper 5030:241 :126] IOException in ReadUserInfo:
E/EGL_emulation( 5030): tid 5030: eglSurfaceAttrib(1199): error 0x3009 (EGL_BAD_MATCH)
E/EGL_emulation( 5030): tid 5030: eglSurfaceAttrib(1199): error 0x3009 (EGL_BAD_MATCH)
E/StartUpGuideLoginActivity( 5030): [2018-07-24 10:59:59.854 E/HwID_APK_log[2.6.1.319]/StartUpGuideLoginActivity 5030:1 :1252] onFocusChangeCheck  true
E/HwGrsSdk( 5030): xMap is null.[main-1](/:185)
E/HwGrsSdk( 5030): xMap is null.[main-1](/:185)
E/HwGrsSdk( 5030): xMap is null.[main-1](/:185)
E/HwGrsSdk( 5030): queryLocalGrs serviceResult is not null.[main-1](/:206)
E/memtrack( 5094): Couldn't load memtrack module (No such file or directory)
E/android.os.Debug( 5094): failed to load memtrack module: -2
E/EGL_emulation( 1914): tid 1914: eglSurfaceAttrib(1199): error 0x3009 (EGL_BAD_MATCH)
E/memtrack( 5107): Couldn't load memtrack module (No such file or directory)
E/android.os.Debug( 5107): failed to load memtrack module: -2
E/memtrack( 5123): Couldn't load memtrack module (No such file or directory)
E/android.os.Debug( 5123): failed to load memtrack module: -2
E/memtrack( 5140): Couldn't load memtrack module (No such file or directory)
E/android.os.Debug( 5140): failed to load memtrack module: -2
E/memtrack( 5157): Couldn't load memtrack module (No such file or directory)
E/android.os.Debug( 5157): failed to load memtrack module: -2
E/cutils-trace( 5167): Error opening trace file: Permission denied (13)
E/memtrack( 5172): Couldn't load memtrack module (No such file or directory)
E/android.os.Debug( 5172): failed to load memtrack module: -2
E/dalvikvm( 5183): Could not find class 'android.graphics.drawable.RippleDrawable', referenced from method android.support.v7.widget.AppCompatImageHelper.hasOverlappingRendering
E/EGL_emulation( 5183): tid 5183: eglSurfaceAttrib(1199): error 0x3009 (EGL_BAD_MATCH)
E/cutils  ( 1164): Failed to mkdirat(/storage/sdcard/Android): Read-only file system
E/AppLogApi( 5197): ApplogApi init fail,is not china rom
E/cutils  ( 1164): Failed to mkdirat(/storage/sdcard/Android): Read-only file system
E/AppLogApi( 5197): ApplogApi init fail,is not china rom
E/HwGrsSdk( 5197): can not getField[Thread-225-225](/:438)
E/HwGrsSdk( 5197): getGrsUrls sp query fail.[Thread-225-225](/:563)
E/cutils  ( 1164): Failed to mkdirat(/storage/sdcard/Android): Read-only file system
E/AppLogApi( 5197): ApplogApi init fail,is not china rom
E/cutils  ( 1164): Failed to mkdirat(/storage/sdcard/Android): Read-only file system
E/AppLogApi( 5197): ApplogApi init fail,is not china rom
E/cutils  ( 1164): Failed to mkdirat(/storage/sdcard/Android): Read-only file system
E/VersionUpdateHelper( 5197): [2018-07-24 11:00:08.657 E/HwID_APK_log[2.6.1.319]/VersionUpdateHelper 5197:227 :37] old version is -1, current version is 3
E/AppLogApi( 5197): ApplogApi init fail,is not china rom
E/cutils  ( 1164): Failed to mkdirat(/storage/sdcard/Android): Read-only file system
E/hms_pay ( 5197): [getHWLog]:  can not find HwLog!
E/cutils  ( 1164): Failed to mkdirat(/storage/sdcard/Android): Read-only file system
E/AppLogApi( 5197): ApplogApi init fail,is not china rom
E/cutils  ( 1164): Failed to mkdirat(/storage/sdcard/Android): Read-only file system
E/AppLogApi( 5197): ApplogApi init fail,is not china rom
E/DBGrade ( 5197): [2018-07-24 11:00:08.719 E/HwID_APK_log[2.6.1.319]/DBGrade 5197:227 :74]  get error
E/DBGrade ( 5197): [2018-07-24 11:00:08.730 E/HwID_APK_log[2.6.1.319]/DBGrade 5197:227 :74]  get error
E/UserInfoHelper( 5197): [2018-07-24 11:00:08.736 E/HwID_APK_log[2.6.1.319]/UserInfoHelper 5197:247 :126] IOException in ReadUserInfo:
E/UserInfoHelper( 5197): [2018-07-24 11:00:08.738 E/HwID_APK_log[2.6.1.319]/UserInfoHelper 5197:246 :126] IOException in ReadUserInfo:
E/UserInfoHelper( 5197): [2018-07-24 11:00:08.735 E/HwID_APK_log[2.6.1.319]/UserInfoHelper 5197:248 :126] IOException in ReadUserInfo:
E/EGL_emulation( 5197): tid 5197: eglSurfaceAttrib(1199): error 0x3009 (EGL_BAD_MATCH)
E/EGL_emulation( 5197): tid 5197: eglSurfaceAttrib(1199): error 0x3009 (EGL_BAD_MATCH)
E/StartUpGuideLoginActivity( 5197): [2018-07-24 11:00:08.962 E/HwID_APK_log[2.6.1.319]/StartUpGuideLoginActivity 5197:1 :1252] onFocusChangeCheck  true
E/HwGrsSdk( 5197): xMap is null.[main-1](/:185)
E/HwGrsSdk( 5197): xMap is null.[main-1](/:185)
E/HwGrsSdk( 5197): xMap is null.[main-1](/:185)
E/HwGrsSdk( 5197): queryLocalGrs serviceResult is not null.[main-1](/:206)
E/InputDispatcher( 1602): channel '9d458de0 jacy.popoaichuiniu.com.testpermissionleakge/jacy.popoaichuiniu.com.testpermissionleakge.MainActivity (server)' ~ Channel is unrecoverably broken and will be disposed!
E/memtrack( 5263): Couldn't load memtrack module (No such file or directory)
E/android.os.Debug( 5263): failed to load memtrack module: -2
E/EGL_emulation( 1914): tid 1914: eglSurfaceAttrib(1199): error 0x3009 (EGL_BAD_MATCH)
E/memtrack( 5276): Couldn't load memtrack module (No such file or directory)
E/android.os.Debug( 5276): failed to load memtrack module: -2
E/InputDispatcher( 1602): channel '9d82b140 com.huawei.hwid/com.huawei.hwid.ui.extend.setting.StartUpGuideLoginActivity (server)' ~ Channel is unrecoverably broken and will be disposed!
E/InputDispatcher( 1602): channel '9d6b9258 com.huawei.hwid/com.huawei.hwid.ui.extend.setting.StartUpGuideLoginActivity (server)' ~ Channel is unrecoverably broken and will be disposed!
E/memtrack( 5294): Couldn't load memtrack module (No such file or directory)
E/android.os.Debug( 5294): failed to load memtrack module: -2
E/memtrack( 5311): Couldn't load memtrack module (No such file or directory)
E/android.os.Debug( 5311): failed to load memtrack module: -2
E/memtrack( 5328): Couldn't load memtrack module (No such file or directory)
E/android.os.Debug( 5328): failed to load memtrack module: -2
E/cutils-trace( 5338): Error opening trace file: Permission denied (13)
E/memtrack( 5343): Couldn't load memtrack module (No such file or directory)
E/android.os.Debug( 5343): failed to load memtrack module: -2
E/dalvikvm( 5354): Could not find class 'android.graphics.drawable.RippleDrawable', referenced from method android.support.v7.widget.AppCompatImageHelper.hasOverlappingRendering
E/EGL_emulation( 5354): tid 5354: eglSurfaceAttrib(1199): error 0x3009 (EGL_BAD_MATCH)
E/cutils  ( 1164): Failed to mkdirat(/storage/sdcard/Android): Read-only file system
E/AppLogApi( 5368): ApplogApi init fail,is not china rom
E/cutils  ( 1164): Failed to mkdirat(/storage/sdcard/Android): Read-only file system
E/AppLogApi( 5368): ApplogApi init fail,is not china rom
E/HwGrsSdk( 5368): can not getField[Thread-230-230](/:438)
E/cutils  ( 1164): Failed to mkdirat(/storage/sdcard/Android): Read-only file system
E/HwGrsSdk( 5368): getGrsUrls sp query fail.[Thread-230-230](/:563)
E/AppLogApi( 5368): ApplogApi init fail,is not china rom
E/cutils  ( 1164): Failed to mkdirat(/storage/sdcard/Android): Read-only file system
E/AppLogApi( 5368): ApplogApi init fail,is not china rom
E/cutils  ( 1164): Failed to mkdirat(/storage/sdcard/Android): Read-only file system
E/AppLogApi( 5368): ApplogApi init fail,is not china rom
E/cutils  ( 1164): Failed to mkdirat(/storage/sdcard/Android): Read-only file system
E/hms_pay ( 5368): [getHWLog]:  can not find HwLog!
E/VersionUpdateHelper( 5368): [2018-07-24 11:00:18.363 E/HwID_APK_log[2.6.1.319]/VersionUpdateHelper 5368:233 :37] old version is -1, current version is 3
E/cutils  ( 1164): Failed to mkdirat(/storage/sdcard/Android): Read-only file system
E/AppLogApi( 5368): ApplogApi init fail,is not china rom
E/cutils  ( 1164): Failed to mkdirat(/storage/sdcard/Android): Read-only file system
E/AppLogApi( 5368): ApplogApi init fail,is not china rom
E/DBGrade ( 5368): [2018-07-24 11:00:18.386 E/HwID_APK_log[2.6.1.319]/DBGrade 5368:233 :74]  get error
E/DBGrade ( 5368): [2018-07-24 11:00:18.389 E/HwID_APK_log[2.6.1.319]/DBGrade 5368:233 :74]  get error
E/UserInfoHelper( 5368): [2018-07-24 11:00:18.391 E/HwID_APK_log[2.6.1.319]/UserInfoHelper 5368:249 :126] IOException in ReadUserInfo:
E/UserInfoHelper( 5368): [2018-07-24 11:00:18.392 E/HwID_APK_log[2.6.1.319]/UserInfoHelper 5368:251 :126] IOException in ReadUserInfo:
E/UserInfoHelper( 5368): [2018-07-24 11:00:18.395 E/HwID_APK_log[2.6.1.319]/UserInfoHelper 5368:250 :126] IOException in ReadUserInfo:
E/EGL_emulation( 5368): tid 5368: eglSurfaceAttrib(1199): error 0x3009 (EGL_BAD_MATCH)
E/EGL_emulation( 5368): tid 5368: eglSurfaceAttrib(1199): error 0x3009 (EGL_BAD_MATCH)
E/StartUpGuideLoginActivity( 5368): [2018-07-24 11:00:18.603 E/HwID_APK_log[2.6.1.319]/StartUpGuideLoginActivity 5368:1 :1252] onFocusChangeCheck  true
E/HwGrsSdk( 5368): xMap is null.[main-1](/:185)
E/HwGrsSdk( 5368): xMap is null.[main-1](/:185)
E/HwGrsSdk( 5368): xMap is null.[main-1](/:185)
E/HwGrsSdk( 5368): queryLocalGrs serviceResult is not null.[main-1](/:206)
E/InputDispatcher( 1602): channel '9d2ee420 jacy.popoaichuiniu.com.testpermissionleakge/jacy.popoaichuiniu.com.testpermissionleakge.MainActivity (server)' ~ Channel is unrecoverably broken and will be disposed!
E/memtrack( 5433): Couldn't load memtrack module (No such file or directory)
E/android.os.Debug( 5433): failed to load memtrack module: -2
E/EGL_emulation( 1914): tid 1914: eglSurfaceAttrib(1199): error 0x3009 (EGL_BAD_MATCH)
E/memtrack( 5446): Couldn't load memtrack module (No such file or directory)
E/android.os.Debug( 5446): failed to load memtrack module: -2
E/InputDispatcher( 1602): channel '9d458de0 com.huawei.hwid/com.huawei.hwid.ui.extend.setting.StartUpGuideLoginActivity (server)' ~ Channel is unrecoverably broken and will be disposed!
E/InputDispatcher( 1602): channel '9d545af0 com.huawei.hwid/com.huawei.hwid.ui.extend.setting.StartUpGuideLoginActivity (server)' ~ Channel is unrecoverably broken and will be disposed!
E/memtrack( 5462): Couldn't load memtrack module (No such file or directory)
E/android.os.Debug( 5462): failed to load memtrack module: -2
E/memtrack( 5481): Couldn't load memtrack module (No such file or directory)
E/android.os.Debug( 5481): failed to load memtrack module: -2
E/memtrack( 5498): Couldn't load memtrack module (No such file or directory)
E/android.os.Debug( 5498): failed to load memtrack module: -2
E/cutils-trace( 5508): Error opening trace file: Permission denied (13)
E/memtrack( 5513): Couldn't load memtrack module (No such file or directory)
E/android.os.Debug( 5513): failed to load memtrack module: -2
E/dalvikvm( 5524): Could not find class 'android.graphics.drawable.RippleDrawable', referenced from method android.support.v7.widget.AppCompatImageHelper.hasOverlappingRendering
E/EGL_emulation( 5524): tid 5524: eglSurfaceAttrib(1199): error 0x3009 (EGL_BAD_MATCH)
E/cutils  ( 1164): Failed to mkdirat(/storage/sdcard/Android): Read-only file system
E/AppLogApi( 5540): ApplogApi init fail,is not china rom
E/cutils  ( 1164): Failed to mkdirat(/storage/sdcard/Android): Read-only file system
E/AppLogApi( 5540): ApplogApi init fail,is not china rom
E/HwGrsSdk( 5540): can not getField[Thread-236-236](/:438)
E/HwGrsSdk( 5540): getGrsUrls sp query fail.[Thread-236-236](/:563)
E/cutils  ( 1164): Failed to mkdirat(/storage/sdcard/Android): Read-only file system
E/AppLogApi( 5540): ApplogApi init fail,is not china rom
E/cutils  ( 1164): Failed to mkdirat(/storage/sdcard/Android): Read-only file system
E/AppLogApi( 5540): ApplogApi init fail,is not china rom
E/cutils  ( 1164): Failed to mkdirat(/storage/sdcard/Android): Read-only file system
E/VersionUpdateHelper( 5540): [2018-07-24 11:00:27.652 E/HwID_APK_log[2.6.1.319]/VersionUpdateHelper 5540:238 :37] old version is -1, current version is 3
E/cutils  ( 1164): Failed to mkdirat(/storage/sdcard/Android): Read-only file system
E/hms_pay ( 5540): [getHWLog]:  can not find HwLog!
E/AppLogApi( 5540): ApplogApi init fail,is not china rom
E/cutils  ( 1164): Failed to mkdirat(/storage/sdcard/Android): Read-only file system
E/AppLogApi( 5540): ApplogApi init fail,is not china rom
E/cutils  ( 1164): Failed to mkdirat(/storage/sdcard/Android): Read-only file system
E/AppLogApi( 5540): ApplogApi init fail,is not china rom
E/BaseUtil( 5540): [2018-07-24 11:00:27.670 E/HwID_APK_log[2.6.1.319]/BaseUtil 5540:1 :1570] The class is not existing
E/UserInfoHelper( 5540): [2018-07-24 11:00:27.671 E/HwID_APK_log[2.6.1.319]/UserInfoHelper 5540:253 :126] IOException in ReadUserInfo:
E/UserInfoHelper( 5540): [2018-07-24 11:00:27.672 E/HwID_APK_log[2.6.1.319]/UserInfoHelper 5540:255 :126] IOException in ReadUserInfo:
E/UserInfoHelper( 5540): [2018-07-24 11:00:27.672 E/HwID_APK_log[2.6.1.319]/UserInfoHelper 5540:254 :126] IOException in ReadUserInfo:
E/DBGrade ( 5540): [2018-07-24 11:00:27.679 E/HwID_APK_log[2.6.1.319]/DBGrade 5540:238 :74]  get error
E/BaseUtil( 5540): [2018-07-24 11:00:27.680 E/HwID_APK_log[2.6.1.319]/BaseUtil 5540:1 :1570] The class is not existing
E/DBGrade ( 5540): [2018-07-24 11:00:27.681 E/HwID_APK_log[2.6.1.319]/DBGrade 5540:238 :74]  get error
E/HwGrsSdk( 5540): xMap is null.[main-1](/:185)
E/HwGrsSdk( 5540): xMap is null.[main-1](/:185)
E/HwGrsSdk( 5540): xMap is null.[main-1](/:185)
E/HwGrsSdk( 5540): queryLocalGrs serviceResult is not null.[main-1](/:206)
E/EGL_emulation( 1914): tid 1914: eglSurfaceAttrib(1199): error 0x3009 (EGL_BAD_MATCH)
E/memtrack( 5599): Couldn't load memtrack module (No such file or directory)
E/android.os.Debug( 5599): failed to load memtrack module: -2
E/memtrack( 5612): Couldn't load memtrack module (No such file or directory)
E/android.os.Debug( 5612): failed to load memtrack module: -2
E/memtrack( 5628): Couldn't load memtrack module (No such file or directory)
E/android.os.Debug( 5628): failed to load memtrack module: -2
--------- beginning of /dev/log/main
E/cutils  ( 1173): Failed to read /data/.layout_version: No such file or directory
E/AudioFlinger( 1172): no wake lock to update!
E/AudioFlinger( 1172): int android::load_audio_interface(const char*, audio_hw_device_t**) couldn't load audio hw module audio.r_submix (No such file or directory)
--------- beginning of /dev/log/system
E/libEGL  ( 1169): load_driver(/system/lib/egl/libGLES_emulation.so): dlopen failed: library "/system/lib/egl/libGLES_emulation.so" not found
E/SurfaceFlinger( 1169): hwcomposer module not found
E/cutils-trace( 1169): Error opening trace file: Permission denied (13)
E/SurfaceFlinger( 1169): ro.sf.lcd_density must be defined as a build property
E/libEGL  ( 1279): load_driver(/system/lib/egl/libGLES_emulation.so): dlopen failed: library "/system/lib/egl/libGLES_emulation.so" not found
E/cutils-trace( 1279): Error opening trace file: Permission denied (13)
E/memtrack( 1170): Couldn't load memtrack module (No such file or directory)
E/android.os.Debug( 1170): failed to load memtrack module: -2
E/Netd    ( 1166): exec() res=0, status=768 for /system/bin/iptables -t nat -N oem_nat_pre 
E/Netd    ( 1166): exec() res=0, status=768 for /system/bin/iptables -t nat -A PREROUTING -j oem_nat_pre 
E/Netd    ( 1166): exec() res=0, status=768 for /system/bin/iptables -t nat -N natctrl_nat_POSTROUTING 
E/Netd    ( 1166): exec() res=0, status=768 for /system/bin/iptables -t nat -A POSTROUTING -j natctrl_nat_POSTROUTING 
E/cutils-trace( 1170): Error opening trace file: Permission denied (13)
E/Netd    ( 1166): exec() res=0, status=768 for /system/bin/iptables -t nat -N st_nat_POSTROUTING 
E/Netd    ( 1166): exec() res=0, status=768 for /system/bin/iptables -t nat -A POSTROUTING -j st_nat_POSTROUTING 
E/BandwidthController( 1166): runIptablesCmd(): res=1 status=256 failed /system/bin/iptables -A bw_INPUT -m owner --socket-exists
E/BandwidthController( 1166): runIptablesCmd(): res=1 status=256 failed /system/bin/ip6tables -A bw_INPUT -m owner --socket-exists
E/Netd    ( 1166): exec() res=0, status=256 for /system/bin/iptables -t mangle -A st_mangle_OUTPUT -m owner --uid-owner vpn -j RETURN 
E/Netd    ( 1166): exec() res=0, status=256 for /system/bin/ip6tables -t mangle -A st_mangle_OUTPUT -m owner --uid-owner vpn -j RETURN 
E/EmojiFactory_jni( 1170): Failed to load libemoji.so: dlopen failed: library "libemoji.so" not found
E/libEGL  ( 1170): load_driver(/system/lib/egl/libGLES_emulation.so): dlopen failed: library "/system/lib/egl/libGLES_emulation.so" not found
E/PowerManagerService-JNI( 1588): Couldn't load power module (No such file or directory)
E/SurfaceFlinger( 1169): ro.sf.lcd_density must be defined as a build property
E/ConsumerIrService( 1588): Can't open consumer IR HW Module, error: -2
E/libsuspend( 1588): Error opening /sys/power/autosleep: No such file or directory
E/EventHub( 1588): could not get driver version for /dev/input/mice, Not a typewriter
E/MobileDataStateTracker( 1588): default: Ignoring feature request because could not acquire PhoneService
E/MobileDataStateTracker( 1588): default: Could not enable APN type "default"
E/SQLiteLog( 1588): (1) no such table: locksettings
E/SoundPool( 1676): error loading /system/media/audio/ui/Lock.ogg
E/SoundPool( 1676): error loading /system/media/audio/ui/Unlock.ogg
E/FlpHardwareProvider( 1588): Error hw_get_module 'flp': -2
E/FlpHardwareProvider( 1588): Error hw_get_module 'flp': -2
E/LocationManagerService( 1588): no geocoder provider found
E/LocationManagerService( 1588): No FusedProvider found.
E/LocationManagerService( 1588): no geofence provider found
E/BluetoothAdapter( 1676): Bluetooth binder is null
E/BluetoothAdapter( 1676): Bluetooth binder is null
E/BluetoothAdapter( 1676): Bluetooth binder is null
E/gps_qemu( 1588): EPOLLERR or EPOLLHUP after epoll_wait() !?
E/BluetoothAdapter( 1791): Bluetooth binder is null
E/BluetoothAdapter( 1676): Bluetooth binder is null
E/BluetoothAdapter( 1676): Bluetooth binder is null
E/BluetoothAdapter( 1791): Bluetooth binder is null
E/BluetoothAdapter( 1778): Bluetooth binder is null
E/EGL_emulation( 1676): tid 1676: eglSurfaceAttrib(1199): error 0x3009 (EGL_BAD_MATCH)
E/EGL_emulation( 1676): tid 1676: eglSurfaceAttrib(1199): error 0x3009 (EGL_BAD_MATCH)
E/BluetoothAdapter( 1778): Bluetooth binder is null
E/BluetoothAdapter( 1778): Bluetooth binder is null
E/EGL_emulation( 1903): tid 1903: eglSurfaceAttrib(1199): error 0x3009 (EGL_BAD_MATCH)
E/jdwp    ( 2020): Failed sending reply to debugger: Broken pipe
E/EGL_emulation( 1903): tid 1903: eglSurfaceAttrib(1199): error 0x3009 (EGL_BAD_MATCH)
E/BluetoothAdapter( 1791): Bluetooth binder is null
E/BluetoothAdapter( 1791): Bluetooth binder is null
E/BluetoothAdapter( 1588): Bluetooth binder is null
E/BluetoothAdapter( 1588): Bluetooth binder is null
E/SoundPool( 1588): error loading /system/media/audio/ui/Effect_Tick.ogg
E/SoundPool( 1588): error loading /system/media/audio/ui/Effect_Tick.ogg
E/SoundPool( 1588): error loading /system/media/audio/ui/Effect_Tick.ogg
E/SoundPool( 1588): error loading /system/media/audio/ui/Effect_Tick.ogg
E/SoundPool( 1588): error loading /system/media/audio/ui/Effect_Tick.ogg
E/SoundPool( 1588): error loading /system/media/audio/ui/KeypressStandard.ogg
E/SoundPool( 1588): error loading /system/media/audio/ui/KeypressSpacebar.ogg
E/SoundPool( 1588): error loading /system/media/audio/ui/KeypressDelete.ogg
E/SoundPool( 1588): error loading /system/media/audio/ui/KeypressReturn.ogg
E/SoundPool( 1588): error loading /system/media/audio/ui/KeypressInvalid.ogg
E/SQLiteLog( 1937): (1) no such table: files
E/WVMExtractor( 1172): Failed to open libwvm.so
E/MetadataRetrieverClient( 1172): failed to extract an album art
E/SQLiteLog( 1937): (1) no such table: album_info
E/BluetoothAdapter( 1791): Bluetooth binder is null
E/memtrack( 2156): Couldn't load memtrack module (No such file or directory)
E/android.os.Debug( 2156): failed to load memtrack module: -2
E/memtrack( 2211): Couldn't load memtrack module (No such file or directory)
E/android.os.Debug( 2211): failed to load memtrack module: -2
E/cutils-trace( 2221): Error opening trace file: Permission denied (13)
E/BluetoothAdapter( 1791): Bluetooth binder is null
E/memtrack( 2229): Couldn't load memtrack module (No such file or directory)
E/android.os.Debug( 2229): failed to load memtrack module: -2
E/jdwp    ( 2240): Failed sending reply to debugger: Broken pipe
E/dalvikvm( 2240): Could not find class 'android.graphics.drawable.RippleDrawable', referenced from method android.support.v7.widget.AppCompatImageHelper.hasOverlappingRendering
E/EGL_emulation( 2240): tid 2240: eglSurfaceAttrib(1199): error 0x3009 (EGL_BAD_MATCH)
E/InputDispatcher( 1588): channel '9d47abf8 jacy.popoaichuiniu.com.testpermissionleakge/jacy.popoaichuiniu.com.testpermissionleakge.MainActivity (server)' ~ Channel is unrecoverably broken and will be disposed!
E/EGL_emulation( 1903): tid 1903: eglSurfaceAttrib(1199): error 0x3009 (EGL_BAD_MATCH)
E/memtrack( 2260): Couldn't load memtrack module (No such file or directory)
E/android.os.Debug( 2260): failed to load memtrack module: -2
E/memtrack( 2273): Couldn't load memtrack module (No such file or directory)
E/android.os.Debug( 2273): failed to load memtrack module: -2
E/memtrack( 2334): Couldn't load memtrack module (No such file or directory)
E/android.os.Debug( 2334): failed to load memtrack module: -2
E/memtrack( 2353): Couldn't load memtrack module (No such file or directory)
E/android.os.Debug( 2353): failed to load memtrack module: -2
E/memtrack( 2371): Couldn't load memtrack module (No such file or directory)
E/android.os.Debug( 2371): failed to load memtrack module: -2
E/cutils-trace( 2383): Error opening trace file: Permission denied (13)
E/memtrack( 2389): Couldn't load memtrack module (No such file or directory)
E/android.os.Debug( 2389): failed to load memtrack module: -2
E/dalvikvm( 2400): Could not find class 'android.graphics.drawable.RippleDrawable', referenced from method android.support.v7.widget.AppCompatImageHelper.hasOverlappingRendering
E/EGL_emulation( 2400): tid 2400: eglSurfaceAttrib(1199): error 0x3009 (EGL_BAD_MATCH)
E/cutils  ( 1164): Failed to mkdirat(/storage/sdcard/Android): Read-only file system
E/AppLogApi( 2414): ApplogApi init fail,is not china rom
E/cutils  ( 1164): Failed to mkdirat(/storage/sdcard/Android): Read-only file system
E/AppLogApi( 2414): ApplogApi init fail,is not china rom
E/HwGrsSdk( 2414): can not getField[Thread-117-117](/:438)
E/cutils  ( 1164): Failed to mkdirat(/storage/sdcard/Android): Read-only file system
E/VersionUpdateHelper( 2414): [2018-07-24 11:01:15.625 E/HwID_APK_log[2.6.1.319]/VersionUpdateHelper 2414:116 :37] old version is -1, current version is 3
E/HwGrsSdk( 2414): getGrsUrls sp query fail.[Thread-117-117](/:563)
E/AppLogApi( 2414): ApplogApi init fail,is not china rom
E/cutils  ( 1164): Failed to mkdirat(/storage/sdcard/Android): Read-only file system
E/AppLogApi( 2414): ApplogApi init fail,is not china rom
E/cutils  ( 1164): Failed to mkdirat(/storage/sdcard/Android): Read-only file system
E/cutils  ( 1164): Failed to mkdirat(/storage/sdcard/Android): Read-only file system
E/AppLogApi( 2414): ApplogApi init fail,is not china rom
E/hms_pay ( 2414): [getHWLog]:  can not find HwLog!
E/cutils  ( 1164): Failed to mkdirat(/storage/sdcard/Android): Read-only file system
E/AppLogApi( 2414): ApplogApi init fail,is not china rom
E/cutils  ( 1164): Failed to mkdirat(/storage/sdcard/Android): Read-only file system
E/AppLogApi( 2414): ApplogApi init fail,is not china rom
E/UserInfoHelper( 2414): [2018-07-24 11:01:15.659 E/HwID_APK_log[2.6.1.319]/UserInfoHelper 2414:134 :126] IOException in ReadUserInfo:
E/UserInfoHelper( 2414): [2018-07-24 11:01:15.658 E/HwID_APK_log[2.6.1.319]/UserInfoHelper 2414:135 :126] IOException in ReadUserInfo:
E/DBGrade ( 2414): [2018-07-24 11:01:15.659 E/HwID_APK_log[2.6.1.319]/DBGrade 2414:116 :74]  get error
E/UserInfoHelper( 2414): [2018-07-24 11:01:15.661 E/HwID_APK_log[2.6.1.319]/UserInfoHelper 2414:136 :126] IOException in ReadUserInfo:
E/DBGrade ( 2414): [2018-07-24 11:01:15.662 E/HwID_APK_log[2.6.1.319]/DBGrade 2414:116 :74]  get error
E/EGL_emulation( 2414): tid 2414: eglSurfaceAttrib(1199): error 0x3009 (EGL_BAD_MATCH)
E/EGL_emulation( 2414): tid 2414: eglSurfaceAttrib(1199): error 0x3009 (EGL_BAD_MATCH)
E/StartUpGuideLoginActivity( 2414): [2018-07-24 11:01:15.847 E/HwID_APK_log[2.6.1.319]/StartUpGuideLoginActivity 2414:1 :1252] onFocusChangeCheck  true
E/HwGrsSdk( 2414): xMap is null.[main-1](/:185)
E/HwGrsSdk( 2414): xMap is null.[main-1](/:185)
E/HwGrsSdk( 2414): xMap is null.[main-1](/:185)
E/HwGrsSdk( 2414): queryLocalGrs serviceResult is not null.[main-1](/:206)
E/InputDispatcher( 1588): channel '9d8ffc18 jacy.popoaichuiniu.com.testpermissionleakge/jacy.popoaichuiniu.com.testpermissionleakge.MainActivity (server)' ~ Channel is unrecoverably broken and will be disposed!
E/memtrack( 2480): Couldn't load memtrack module (No such file or directory)
E/android.os.Debug( 2480): failed to load memtrack module: -2
E/EGL_emulation( 1903): tid 1903: eglSurfaceAttrib(1199): error 0x3009 (EGL_BAD_MATCH)
E/memtrack( 2494): Couldn't load memtrack module (No such file or directory)
E/android.os.Debug( 2494): failed to load memtrack module: -2
E/InputDispatcher( 1588): channel '9db2ff98 com.huawei.hwid/com.huawei.hwid.ui.extend.setting.StartUpGuideLoginActivity (server)' ~ Channel is unrecoverably broken and will be disposed!
E/memtrack( 2510): Couldn't load memtrack module (No such file or directory)
E/android.os.Debug( 2510): failed to load memtrack module: -2
E/memtrack( 2527): Couldn't load memtrack module (No such file or directory)
E/android.os.Debug( 2527): failed to load memtrack module: -2
E/memtrack( 2545): Couldn't load memtrack module (No such file or directory)
E/android.os.Debug( 2545): failed to load memtrack module: -2
E/cutils-trace( 2555): Error opening trace file: Permission denied (13)
E/memtrack( 2560): Couldn't load memtrack module (No such file or directory)
E/android.os.Debug( 2560): failed to load memtrack module: -2
E/dalvikvm( 2571): Could not find class 'android.graphics.drawable.RippleDrawable', referenced from method android.support.v7.widget.AppCompatImageHelper.hasOverlappingRendering
E/EGL_emulation( 2571): tid 2571: eglSurfaceAttrib(1199): error 0x3009 (EGL_BAD_MATCH)
E/cutils  ( 1164): Failed to mkdirat(/storage/sdcard/Android): Read-only file system
E/AppLogApi( 2586): ApplogApi init fail,is not china rom
E/cutils  ( 1164): Failed to mkdirat(/storage/sdcard/Android): Read-only file system
E/AppLogApi( 2586): ApplogApi init fail,is not china rom
E/HwGrsSdk( 2586): can not getField[Thread-122-122](/:438)
E/HwGrsSdk( 2586): getGrsUrls sp query fail.[Thread-122-122](/:563)
E/cutils  ( 1164): Failed to mkdirat(/storage/sdcard/Android): Read-only file system
E/AppLogApi( 2586): ApplogApi init fail,is not china rom
E/cutils  ( 1164): Failed to mkdirat(/storage/sdcard/Android): Read-only file system
E/VersionUpdateHelper( 2586): [2018-07-24 11:01:26.062 E/HwID_APK_log[2.6.1.319]/VersionUpdateHelper 2586:123 :37] old version is -1, current version is 3
E/AppLogApi( 2586): ApplogApi init fail,is not china rom
E/cutils  ( 1164): Failed to mkdirat(/storage/sdcard/Android): Read-only file system
E/cutils  ( 1164): Failed to mkdirat(/storage/sdcard/Android): Read-only file system
E/AppLogApi( 2586): ApplogApi init fail,is not china rom
E/hms_pay ( 2586): [getHWLog]:  can not find HwLog!
E/cutils  ( 1164): Failed to mkdirat(/storage/sdcard/Android): Read-only file system
E/AppLogApi( 2586): ApplogApi init fail,is not china rom
E/cutils  ( 1164): Failed to mkdirat(/storage/sdcard/Android): Read-only file system
E/AppLogApi( 2586): ApplogApi init fail,is not china rom
E/DBGrade ( 2586): [2018-07-24 11:01:26.108 E/HwID_APK_log[2.6.1.319]/DBGrade 2586:123 :74]  get error
E/DBGrade ( 2586): [2018-07-24 11:01:26.110 E/HwID_APK_log[2.6.1.319]/DBGrade 2586:123 :74]  get error
E/UserInfoHelper( 2586): [2018-07-24 11:01:26.144 E/HwID_APK_log[2.6.1.319]/UserInfoHelper 2586:144 :126] IOException in ReadUserInfo:
E/UserInfoHelper( 2586): [2018-07-24 11:01:26.145 E/HwID_APK_log[2.6.1.319]/UserInfoHelper 2586:143 :126] IOException in ReadUserInfo:
E/UserInfoHelper( 2586): [2018-07-24 11:01:26.145 E/HwID_APK_log[2.6.1.319]/UserInfoHelper 2586:145 :126] IOException in ReadUserInfo:
E/EGL_emulation( 2586): tid 2586: eglSurfaceAttrib(1199): error 0x3009 (EGL_BAD_MATCH)
E/EGL_emulation( 2586): tid 2586: eglSurfaceAttrib(1199): error 0x3009 (EGL_BAD_MATCH)
E/StartUpGuideLoginActivity( 2586): [2018-07-24 11:01:26.347 E/HwID_APK_log[2.6.1.319]/StartUpGuideLoginActivity 2586:1 :1252] onFocusChangeCheck  true
E/HwGrsSdk( 2586): xMap is null.[main-1](/:185)
E/HwGrsSdk( 2586): xMap is null.[main-1](/:185)
E/HwGrsSdk( 2586): xMap is null.[main-1](/:185)
E/HwGrsSdk( 2586): queryLocalGrs serviceResult is not null.[main-1](/:206)
E/memtrack( 2652): Couldn't load memtrack module (No such file or directory)
E/android.os.Debug( 2652): failed to load memtrack module: -2
E/EGL_emulation( 1903): tid 1903: eglSurfaceAttrib(1199): error 0x3009 (EGL_BAD_MATCH)
E/memtrack( 2666): Couldn't load memtrack module (No such file or directory)
E/android.os.Debug( 2666): failed to load memtrack module: -2
E/InputDispatcher( 1588): channel '9d23af18 com.huawei.hwid/com.huawei.hwid.ui.extend.setting.StartUpGuideLoginActivity (server)' ~ Channel is unrecoverably broken and will be disposed!
E/memtrack( 2683): Couldn't load memtrack module (No such file or directory)
E/android.os.Debug( 2683): failed to load memtrack module: -2
E/memtrack( 2702): Couldn't load memtrack module (No such file or directory)
E/android.os.Debug( 2702): failed to load memtrack module: -2
E/memtrack( 2719): Couldn't load memtrack module (No such file or directory)
E/android.os.Debug( 2719): failed to load memtrack module: -2
E/cutils-trace( 2730): Error opening trace file: Permission denied (13)
E/memtrack( 2735): Couldn't load memtrack module (No such file or directory)
E/android.os.Debug( 2735): failed to load memtrack module: -2
E/dalvikvm( 2746): Could not find class 'android.graphics.drawable.RippleDrawable', referenced from method android.support.v7.widget.AppCompatImageHelper.hasOverlappingRendering
E/EGL_emulation( 2746): tid 2746: eglSurfaceAttrib(1199): error 0x3009 (EGL_BAD_MATCH)
