--------- beginning of /dev/log/main
E/cutils  ( 1173): Failed to read /data/.layout_version: No such file or directory
--------- beginning of /dev/log/system
E/libEGL  ( 1169): load_driver(/system/lib/egl/libGLES_emulation.so): dlopen failed: library "/system/lib/egl/libGLES_emulation.so" not found
E/Netd    ( 1166): exec() res=0, status=768 for /system/bin/iptables -t nat -N oem_nat_pre 
E/Netd    ( 1166): exec() res=0, status=768 for /system/bin/iptables -t nat -A PREROUTING -j oem_nat_pre 
E/Netd    ( 1166): exec() res=0, status=768 for /system/bin/iptables -t nat -N natctrl_nat_POSTROUTING 
E/Netd    ( 1166): exec() res=0, status=768 for /system/bin/iptables -t nat -A POSTROUTING -j natctrl_nat_POSTROUTING 
E/Netd    ( 1166): exec() res=0, status=768 for /system/bin/iptables -t nat -N st_nat_POSTROUTING 
E/Netd    ( 1166): exec() res=0, status=768 for /system/bin/iptables -t nat -A POSTROUTING -j st_nat_POSTROUTING 
E/BandwidthController( 1166): runIptablesCmd(): res=1 status=256 failed /system/bin/iptables -A bw_INPUT -m owner --socket-exists
E/BandwidthController( 1166): runIptablesCmd(): res=1 status=256 failed /system/bin/ip6tables -A bw_INPUT -m owner --socket-exists
E/Netd    ( 1166): exec() res=0, status=256 for /system/bin/iptables -t mangle -A st_mangle_OUTPUT -m owner --uid-owner vpn -j RETURN 
E/Netd    ( 1166): exec() res=0, status=256 for /system/bin/ip6tables -t mangle -A st_mangle_OUTPUT -m owner --uid-owner vpn -j RETURN 
E/AudioFlinger( 1172): no wake lock to update!
E/AudioFlinger( 1172): int android::load_audio_interface(const char*, audio_hw_device_t**) couldn't load audio hw module audio.r_submix (No such file or directory)
E/SurfaceFlinger( 1169): hwcomposer module not found
E/cutils-trace( 1169): Error opening trace file: Permission denied (13)
E/SurfaceFlinger( 1169): ro.sf.lcd_density must be defined as a build property
E/libEGL  ( 1580): load_driver(/system/lib/egl/libGLES_emulation.so): dlopen failed: library "/system/lib/egl/libGLES_emulation.so" not found
E/cutils-trace( 1580): Error opening trace file: Permission denied (13)
E/memtrack( 1170): Couldn't load memtrack module (No such file or directory)
E/android.os.Debug( 1170): failed to load memtrack module: -2
E/cutils-trace( 1170): Error opening trace file: Permission denied (13)
E/EmojiFactory_jni( 1170): Failed to load libemoji.so: dlopen failed: library "libemoji.so" not found
E/libEGL  ( 1170): load_driver(/system/lib/egl/libGLES_emulation.so): dlopen failed: library "/system/lib/egl/libGLES_emulation.so" not found
E/PowerManagerService-JNI( 1602): Couldn't load power module (No such file or directory)
E/SurfaceFlinger( 1169): ro.sf.lcd_density must be defined as a build property
E/ConsumerIrService( 1602): Can't open consumer IR HW Module, error: -2
E/libsuspend( 1602): Error opening /sys/power/autosleep: No such file or directory
E/EventHub( 1602): could not get driver version for /dev/input/mice, Not a typewriter
E/MobileDataStateTracker( 1602): default: Ignoring feature request because could not acquire PhoneService
E/MobileDataStateTracker( 1602): default: Could not enable APN type "default"
E/SQLiteLog( 1602): (1) no such table: locksettings
E/SoundPool( 1683): error loading /system/media/audio/ui/Lock.ogg
E/SoundPool( 1683): error loading /system/media/audio/ui/Unlock.ogg
E/FlpHardwareProvider( 1602): Error hw_get_module 'flp': -2
E/FlpHardwareProvider( 1602): Error hw_get_module 'flp': -2
E/LocationManagerService( 1602): no geocoder provider found
E/LocationManagerService( 1602): No FusedProvider found.
E/LocationManagerService( 1602): no geofence provider found
E/BluetoothAdapter( 1683): Bluetooth binder is null
E/BluetoothAdapter( 1683): Bluetooth binder is null
E/BluetoothAdapter( 1683): Bluetooth binder is null
E/gps_qemu( 1602): EPOLLERR or EPOLLHUP after epoll_wait() !?
E/BluetoothAdapter( 1799): Bluetooth binder is null
E/BluetoothAdapter( 1683): Bluetooth binder is null
E/BluetoothAdapter( 1786): Bluetooth binder is null
E/BluetoothAdapter( 1683): Bluetooth binder is null
E/BluetoothAdapter( 1786): Bluetooth binder is null
E/BluetoothAdapter( 1799): Bluetooth binder is null
E/BluetoothAdapter( 1786): Bluetooth binder is null
E/EGL_emulation( 1683): tid 1683: eglSurfaceAttrib(1199): error 0x3009 (EGL_BAD_MATCH)
E/EGL_emulation( 1683): tid 1683: eglSurfaceAttrib(1199): error 0x3009 (EGL_BAD_MATCH)
E/EGL_emulation( 1914): tid 1914: eglSurfaceAttrib(1199): error 0x3009 (EGL_BAD_MATCH)
E/BluetoothAdapter( 1799): Bluetooth binder is null
E/BluetoothAdapter( 1799): Bluetooth binder is null
E/EGL_emulation( 1914): tid 1914: eglSurfaceAttrib(1199): error 0x3009 (EGL_BAD_MATCH)
E/memtrack( 2096): Couldn't load memtrack module (No such file or directory)
E/android.os.Debug( 2096): failed to load memtrack module: -2
E/BluetoothAdapter( 1602): Bluetooth binder is null
E/BluetoothAdapter( 1602): Bluetooth binder is null
E/SoundPool( 1602): error loading /system/media/audio/ui/Effect_Tick.ogg
E/SoundPool( 1602): error loading /system/media/audio/ui/Effect_Tick.ogg
E/SoundPool( 1602): error loading /system/media/audio/ui/Effect_Tick.ogg
E/SoundPool( 1602): error loading /system/media/audio/ui/Effect_Tick.ogg
E/SoundPool( 1602): error loading /system/media/audio/ui/Effect_Tick.ogg
E/SoundPool( 1602): error loading /system/media/audio/ui/KeypressStandard.ogg
E/SoundPool( 1602): error loading /system/media/audio/ui/KeypressSpacebar.ogg
E/SoundPool( 1602): error loading /system/media/audio/ui/KeypressDelete.ogg
E/SoundPool( 1602): error loading /system/media/audio/ui/KeypressReturn.ogg
E/SoundPool( 1602): error loading /system/media/audio/ui/KeypressInvalid.ogg
E/SQLiteLog( 1959): (1) no such table: files
E/WVMExtractor( 1172): Failed to open libwvm.so
E/MetadataRetrieverClient( 1172): failed to extract an album art
E/memtrack( 2192): Couldn't load memtrack module (No such file or directory)
E/android.os.Debug( 2192): failed to load memtrack module: -2
E/SQLiteLog( 1959): (1) no such table: album_info
E/BluetoothAdapter( 1799): Bluetooth binder is null
E/memtrack( 2231): Couldn't load memtrack module (No such file or directory)
E/android.os.Debug( 2231): failed to load memtrack module: -2
E/memtrack( 2244): Couldn't load memtrack module (No such file or directory)
E/android.os.Debug( 2244): failed to load memtrack module: -2
E/memtrack( 2256): Couldn't load memtrack module (No such file or directory)
E/android.os.Debug( 2256): failed to load memtrack module: -2
E/memtrack( 2278): Couldn't load memtrack module (No such file or directory)
E/android.os.Debug( 2278): failed to load memtrack module: -2
E/memtrack( 2297): Couldn't load memtrack module (No such file or directory)
E/android.os.Debug( 2297): failed to load memtrack module: -2
E/cutils-trace( 2309): Error opening trace file: Permission denied (13)
E/memtrack( 2314): Couldn't load memtrack module (No such file or directory)
E/android.os.Debug( 2314): failed to load memtrack module: -2
E/dalvikvm( 2325): Could not find class 'android.graphics.drawable.RippleDrawable', referenced from method android.support.v7.widget.AppCompatImageHelper.hasOverlappingRendering
E/EGL_emulation( 2325): tid 2325: eglSurfaceAttrib(1199): error 0x3009 (EGL_BAD_MATCH)
E/jdwp    ( 2396): Failed sending reply to debugger: Broken pipe
E/cutils  ( 1164): Failed to mkdirat(/storage/sdcard/Android): Read-only file system
E/AppLogApi( 2341): ApplogApi init fail,is not china rom
E/cutils  ( 1164): Failed to mkdirat(/storage/sdcard/Android): Read-only file system
E/AppLogApi( 2341): ApplogApi init fail,is not china rom
E/HwGrsSdk( 2341): can not getField[Thread-104-104](/:438)
E/HwGrsSdk( 2341): getGrsUrls sp query fail.[Thread-104-104](/:563)
E/cutils  ( 1164): Failed to mkdirat(/storage/sdcard/Android): Read-only file system
E/AppLogApi( 2341): ApplogApi init fail,is not china rom
E/cutils  ( 1164): Failed to mkdirat(/storage/sdcard/Android): Read-only file system
E/AppLogApi( 2341): ApplogApi init fail,is not china rom
E/VersionUpdateHelper( 2341): [2018-07-24 10:57:31.540 E/HwID_APK_log[2.6.1.319]/VersionUpdateHelper 2341:106 :37] old version is -1, current version is 3
E/cutils  ( 1164): Failed to mkdirat(/storage/sdcard/Android): Read-only file system
E/AppLogApi( 2341): ApplogApi init fail,is not china rom
E/cutils  ( 1164): Failed to mkdirat(/storage/sdcard/Android): Read-only file system
E/hms_pay ( 2341): [getHWLog]:  can not find HwLog!
E/cutils  ( 1164): Failed to mkdirat(/storage/sdcard/Android): Read-only file system
E/AppLogApi( 2341): ApplogApi init fail,is not china rom
E/cutils  ( 1164): Failed to mkdirat(/storage/sdcard/Android): Read-only file system
E/AppLogApi( 2341): ApplogApi init fail,is not china rom
E/DBGrade ( 2341): [2018-07-24 10:57:31.583 E/HwID_APK_log[2.6.1.319]/DBGrade 2341:106 :74]  get error
E/DBGrade ( 2341): [2018-07-24 10:57:31.585 E/HwID_APK_log[2.6.1.319]/DBGrade 2341:106 :74]  get error
E/UserInfoHelper( 2341): [2018-07-24 10:57:31.641 E/HwID_APK_log[2.6.1.319]/UserInfoHelper 2341:125 :126] IOException in ReadUserInfo:
E/UserInfoHelper( 2341): [2018-07-24 10:57:31.641 E/HwID_APK_log[2.6.1.319]/UserInfoHelper 2341:127 :126] IOException in ReadUserInfo:
E/UserInfoHelper( 2341): [2018-07-24 10:57:31.642 E/HwID_APK_log[2.6.1.319]/UserInfoHelper 2341:126 :126] IOException in ReadUserInfo:
E/EGL_emulation( 2341): tid 2341: eglSurfaceAttrib(1199): error 0x3009 (EGL_BAD_MATCH)
E/EGL_emulation( 2341): tid 2341: eglSurfaceAttrib(1199): error 0x3009 (EGL_BAD_MATCH)
E/StartUpGuideLoginActivity( 2341): [2018-07-24 10:57:31.899 E/HwID_APK_log[2.6.1.319]/StartUpGuideLoginActivity 2341:1 :1252] onFocusChangeCheck  true
E/HwGrsSdk( 2341): xMap is null.[main-1](/:185)
E/HwGrsSdk( 2341): xMap is null.[main-1](/:185)
E/HwGrsSdk( 2341): xMap is null.[main-1](/:185)
E/HwGrsSdk( 2341): queryLocalGrs serviceResult is not null.[main-1](/:206)
E/BluetoothAdapter( 1799): Bluetooth binder is null
E/memtrack( 2473): Couldn't load memtrack module (No such file or directory)
E/android.os.Debug( 2473): failed to load memtrack module: -2
E/EGL_emulation( 1914): tid 1914: eglSurfaceAttrib(1199): error 0x3009 (EGL_BAD_MATCH)
E/memtrack( 2487): Couldn't load memtrack module (No such file or directory)
E/android.os.Debug( 2487): failed to load memtrack module: -2
E/InputDispatcher( 1602): channel '9d887298 com.huawei.hwid/com.huawei.hwid.ui.extend.setting.StartUpGuideLoginActivity (server)' ~ Channel is unrecoverably broken and will be disposed!
E/memtrack( 2504): Couldn't load memtrack module (No such file or directory)
E/android.os.Debug( 2504): failed to load memtrack module: -2
E/memtrack( 2521): Couldn't load memtrack module (No such file or directory)
E/android.os.Debug( 2521): failed to load memtrack module: -2
E/memtrack( 2538): Couldn't load memtrack module (No such file or directory)
E/android.os.Debug( 2538): failed to load memtrack module: -2
E/cutils-trace( 2548): Error opening trace file: Permission denied (13)
E/memtrack( 2553): Couldn't load memtrack module (No such file or directory)
E/android.os.Debug( 2553): failed to load memtrack module: -2
E/dalvikvm( 2564): Could not find class 'android.graphics.drawable.RippleDrawable', referenced from method android.support.v7.widget.AppCompatImageHelper.hasOverlappingRendering
E/EGL_emulation( 2564): tid 2564: eglSurfaceAttrib(1199): error 0x3009 (EGL_BAD_MATCH)
E/cutils  ( 1164): Failed to mkdirat(/storage/sdcard/Android): Read-only file system
E/AppLogApi( 2578): ApplogApi init fail,is not china rom
E/cutils  ( 1164): Failed to mkdirat(/storage/sdcard/Android): Read-only file system
E/AppLogApi( 2578): ApplogApi init fail,is not china rom
E/HwGrsSdk( 2578): can not getField[Thread-119-119](/:438)
E/HwGrsSdk( 2578): getGrsUrls sp query fail.[Thread-119-119](/:563)
E/cutils  ( 1164): Failed to mkdirat(/storage/sdcard/Android): Read-only file system
E/AppLogApi( 2578): ApplogApi init fail,is not china rom
E/cutils  ( 1164): Failed to mkdirat(/storage/sdcard/Android): Read-only file system
E/AppLogApi( 2578): ApplogApi init fail,is not china rom
E/VersionUpdateHelper( 2578): [2018-07-24 10:57:40.687 E/HwID_APK_log[2.6.1.319]/VersionUpdateHelper 2578:121 :37] old version is -1, current version is 3
E/cutils  ( 1164): Failed to mkdirat(/storage/sdcard/Android): Read-only file system
E/AppLogApi( 2578): ApplogApi init fail,is not china rom
E/cutils  ( 1164): Failed to mkdirat(/storage/sdcard/Android): Read-only file system
E/hms_pay ( 2578): [getHWLog]:  can not find HwLog!
E/cutils  ( 1164): Failed to mkdirat(/storage/sdcard/Android): Read-only file system
E/AppLogApi( 2578): ApplogApi init fail,is not china rom
E/cutils  ( 1164): Failed to mkdirat(/storage/sdcard/Android): Read-only file system
E/AppLogApi( 2578): ApplogApi init fail,is not china rom
E/DBGrade ( 2578): [2018-07-24 10:57:40.713 E/HwID_APK_log[2.6.1.319]/DBGrade 2578:121 :74]  get error
E/DBGrade ( 2578): [2018-07-24 10:57:40.715 E/HwID_APK_log[2.6.1.319]/DBGrade 2578:121 :74]  get error
E/UserInfoHelper( 2578): [2018-07-24 10:57:40.765 E/HwID_APK_log[2.6.1.319]/UserInfoHelper 2578:141 :126] IOException in ReadUserInfo:
E/UserInfoHelper( 2578): [2018-07-24 10:57:40.766 E/HwID_APK_log[2.6.1.319]/UserInfoHelper 2578:140 :126] IOException in ReadUserInfo:
E/UserInfoHelper( 2578): [2018-07-24 10:57:40.769 E/HwID_APK_log[2.6.1.319]/UserInfoHelper 2578:142 :126] IOException in ReadUserInfo:
E/EGL_emulation( 2578): tid 2578: eglSurfaceAttrib(1199): error 0x3009 (EGL_BAD_MATCH)
E/EGL_emulation( 2578): tid 2578: eglSurfaceAttrib(1199): error 0x3009 (EGL_BAD_MATCH)
E/StartUpGuideLoginActivity( 2578): [2018-07-24 10:57:40.938 E/HwID_APK_log[2.6.1.319]/StartUpGuideLoginActivity 2578:1 :1252] onFocusChangeCheck  true
E/HwGrsSdk( 2578): xMap is null.[main-1](/:185)
E/HwGrsSdk( 2578): xMap is null.[main-1](/:185)
E/HwGrsSdk( 2578): xMap is null.[main-1](/:185)
E/HwGrsSdk( 2578): queryLocalGrs serviceResult is not null.[main-1](/:206)
E/InputDispatcher( 1602): channel '9d2f4e40 jacy.popoaichuiniu.com.testpermissionleakge/jacy.popoaichuiniu.com.testpermissionleakge.MainActivity (server)' ~ Channel is unrecoverably broken and will be disposed!
E/memtrack( 2646): Couldn't load memtrack module (No such file or directory)
E/android.os.Debug( 2646): failed to load memtrack module: -2
E/EGL_emulation( 1914): tid 1914: eglSurfaceAttrib(1199): error 0x3009 (EGL_BAD_MATCH)
E/memtrack( 2660): Couldn't load memtrack module (No such file or directory)
E/android.os.Debug( 2660): failed to load memtrack module: -2
E/InputDispatcher( 1602): channel '9d45f5f0 com.huawei.hwid/com.huawei.hwid.ui.extend.setting.StartUpGuideLoginActivity (server)' ~ Channel is unrecoverably broken and will be disposed!
E/InputDispatcher( 1602): channel '9d459588 com.huawei.hwid/com.huawei.hwid.ui.extend.setting.StartUpGuideLoginActivity (server)' ~ Channel is unrecoverably broken and will be disposed!
E/memtrack( 2676): Couldn't load memtrack module (No such file or directory)
E/android.os.Debug( 2676): failed to load memtrack module: -2
E/memtrack( 2693): Couldn't load memtrack module (No such file or directory)
E/android.os.Debug( 2693): failed to load memtrack module: -2
E/memtrack( 2710): Couldn't load memtrack module (No such file or directory)
E/android.os.Debug( 2710): failed to load memtrack module: -2
E/cutils-trace( 2720): Error opening trace file: Permission denied (13)
E/memtrack( 2725): Couldn't load memtrack module (No such file or directory)
E/android.os.Debug( 2725): failed to load memtrack module: -2
E/dalvikvm( 2736): Could not find class 'android.graphics.drawable.RippleDrawable', referenced from method android.support.v7.widget.AppCompatImageHelper.hasOverlappingRendering
E/EGL_emulation( 2736): tid 2736: eglSurfaceAttrib(1199): error 0x3009 (EGL_BAD_MATCH)
E/cutils  ( 1164): Failed to mkdirat(/storage/sdcard/Android): Read-only file system
E/AppLogApi( 2750): ApplogApi init fail,is not china rom
E/cutils  ( 1164): Failed to mkdirat(/storage/sdcard/Android): Read-only file system
E/HwGrsSdk( 2750): can not getField[Thread-124-124](/:438)
E/AppLogApi( 2750): ApplogApi init fail,is not china rom
E/HwGrsSdk( 2750): getGrsUrls sp query fail.[Thread-124-124](/:563)
E/cutils  ( 1164): Failed to mkdirat(/storage/sdcard/Android): Read-only file system
E/AppLogApi( 2750): ApplogApi init fail,is not china rom
E/cutils  ( 1164): Failed to mkdirat(/storage/sdcard/Android): Read-only file system
E/AppLogApi( 2750): ApplogApi init fail,is not china rom
E/cutils  ( 1164): Failed to mkdirat(/storage/sdcard/Android): Read-only file system
E/cutils  ( 1164): Failed to mkdirat(/storage/sdcard/Android): Read-only file system
E/VersionUpdateHelper( 2750): [2018-07-24 10:57:49.972 E/HwID_APK_log[2.6.1.319]/VersionUpdateHelper 2750:127 :37] old version is -1, current version is 3
E/hms_pay ( 2750): [getHWLog]:  can not find HwLog!
E/AppLogApi( 2750): ApplogApi init fail,is not china rom
E/cutils  ( 1164): Failed to mkdirat(/storage/sdcard/Android): Read-only file system
E/AppLogApi( 2750): ApplogApi init fail,is not china rom
E/cutils  ( 1164): Failed to mkdirat(/storage/sdcard/Android): Read-only file system
E/AppLogApi( 2750): ApplogApi init fail,is not china rom
E/DBGrade ( 2750): [2018-07-24 10:57:50.004 E/HwID_APK_log[2.6.1.319]/DBGrade 2750:127 :74]  get error
E/DBGrade ( 2750): [2018-07-24 10:57:50.005 E/HwID_APK_log[2.6.1.319]/DBGrade 2750:127 :74]  get error
E/UserInfoHelper( 2750): [2018-07-24 10:57:50.016 E/HwID_APK_log[2.6.1.319]/UserInfoHelper 2750:146 :126] IOException in ReadUserInfo:
E/UserInfoHelper( 2750): [2018-07-24 10:57:50.016 E/HwID_APK_log[2.6.1.319]/UserInfoHelper 2750:147 :126] IOException in ReadUserInfo:
E/EGL_emulation( 2736): tid 2736: eglSurfaceAttrib(1199): error 0x3009 (EGL_BAD_MATCH)
E/HwGrsSdk( 2750): xMap is null.[main-1](/:185)
E/HwGrsSdk( 2750): xMap is null.[main-1](/:185)
E/HwGrsSdk( 2750): xMap is null.[main-1](/:185)
E/HwGrsSdk( 2750): queryLocalGrs serviceResult is not null.[main-1](/:206)
E/EGL_emulation( 1914): tid 1914: eglSurfaceAttrib(1199): error 0x3009 (EGL_BAD_MATCH)
E/memtrack( 2814): Couldn't load memtrack module (No such file or directory)
E/android.os.Debug( 2814): failed to load memtrack module: -2
E/memtrack( 2827): Couldn't load memtrack module (No such file or directory)
E/android.os.Debug( 2827): failed to load memtrack module: -2
E/memtrack( 2843): Couldn't load memtrack module (No such file or directory)
E/android.os.Debug( 2843): failed to load memtrack module: -2
E/memtrack( 2860): Couldn't load memtrack module (No such file or directory)
E/android.os.Debug( 2860): failed to load memtrack module: -2
E/memtrack( 2877): Couldn't load memtrack module (No such file or directory)
E/android.os.Debug( 2877): failed to load memtrack module: -2
E/cutils-trace( 2887): Error opening trace file: Permission denied (13)
E/memtrack( 2892): Couldn't load memtrack module (No such file or directory)
E/android.os.Debug( 2892): failed to load memtrack module: -2
E/dalvikvm( 2903): Could not find class 'android.graphics.drawable.RippleDrawable', referenced from method android.support.v7.widget.AppCompatImageHelper.hasOverlappingRendering
E/EGL_emulation( 2903): tid 2903: eglSurfaceAttrib(1199): error 0x3009 (EGL_BAD_MATCH)
E/jdwp    ( 2917): Failed sending reply to debugger: Broken pipe
E/cutils  ( 1164): Failed to mkdirat(/storage/sdcard/Android): Read-only file system
E/AppLogApi( 2917): ApplogApi init fail,is not china rom
E/cutils  ( 1164): Failed to mkdirat(/storage/sdcard/Android): Read-only file system
E/AppLogApi( 2917): ApplogApi init fail,is not china rom
E/HwGrsSdk( 2917): can not getField[Thread-131-131](/:438)
E/HwGrsSdk( 2917): getGrsUrls sp query fail.[Thread-131-131](/:563)
E/cutils  ( 1164): Failed to mkdirat(/storage/sdcard/Android): Read-only file system
E/AppLogApi( 2917): ApplogApi init fail,is not china rom
E/cutils  ( 1164): Failed to mkdirat(/storage/sdcard/Android): Read-only file system
E/AppLogApi( 2917): ApplogApi init fail,is not china rom
E/cutils  ( 1164): Failed to mkdirat(/storage/sdcard/Android): Read-only file system
E/AppLogApi( 2917): ApplogApi init fail,is not china rom
E/cutils  ( 1164): Failed to mkdirat(/storage/sdcard/Android): Read-only file system
E/VersionUpdateHelper( 2917): [2018-07-24 10:57:59.219 E/HwID_APK_log[2.6.1.319]/VersionUpdateHelper 2917:135 :37] old version is -1, current version is 3
E/hms_pay ( 2917): [getHWLog]:  can not find HwLog!
E/cutils  ( 1164): Failed to mkdirat(/storage/sdcard/Android): Read-only file system
E/AppLogApi( 2917): ApplogApi init fail,is not china rom
E/cutils  ( 1164): Failed to mkdirat(/storage/sdcard/Android): Read-only file system
E/AppLogApi( 2917): ApplogApi init fail,is not china rom
E/DBGrade ( 2917): [2018-07-24 10:57:59.249 E/HwID_APK_log[2.6.1.319]/DBGrade 2917:135 :74]  get error
E/DBGrade ( 2917): [2018-07-24 10:57:59.250 E/HwID_APK_log[2.6.1.319]/DBGrade 2917:135 :74]  get error
E/EGL_emulation( 2917): tid 2917: eglSurfaceAttrib(1199): error 0x3009 (EGL_BAD_MATCH)
E/UserInfoHelper( 2917): [2018-07-24 10:57:59.304 E/HwID_APK_log[2.6.1.319]/UserInfoHelper 2917:154 :126] IOException in ReadUserInfo:
E/UserInfoHelper( 2917): [2018-07-24 10:57:59.307 E/HwID_APK_log[2.6.1.319]/UserInfoHelper 2917:153 :126] IOException in ReadUserInfo:
E/HwGrsSdk( 2917): xMap is null.[main-1](/:185)
E/HwGrsSdk( 2917): xMap is null.[main-1](/:185)
E/HwGrsSdk( 2917): xMap is null.[main-1](/:185)
E/HwGrsSdk( 2917): queryLocalGrs serviceResult is not null.[main-1](/:206)
E/dalvikvm( 2977): Could not find class 'android.graphics.drawable.RippleDrawable', referenced from method android.support.v7.widget.AppCompatImageHelper.hasOverlappingRendering
E/EGL_emulation( 2977): tid 2977: eglSurfaceAttrib(1199): error 0x3009 (EGL_BAD_MATCH)
E/EGL_emulation( 2917): tid 2917: eglSurfaceAttrib(1199): error 0x3009 (EGL_BAD_MATCH)
E/InputDispatcher( 1602): channel '9d7d80f8 jacy.popoaichuiniu.com.testpermissionleakge/jacy.popoaichuiniu.com.testpermissionleakge.MainActivity (server)' ~ Channel is unrecoverably broken and will be disposed!
E/jdwp    ( 2993): Failed sending reply to debugger: Broken pipe
E/dalvikvm( 2993): Could not find class 'android.graphics.drawable.RippleDrawable', referenced from method android.support.v7.widget.AppCompatImageHelper.hasOverlappingRendering
E/EGL_emulation( 2917): tid 2917: eglSurfaceAttrib(1199): error 0x3009 (EGL_BAD_MATCH)
E/EGL_emulation( 2993): tid 2993: eglSurfaceAttrib(1199): error 0x3009 (EGL_BAD_MATCH)
E/dalvikvm( 3007): Could not find class 'android.graphics.drawable.RippleDrawable', referenced from method android.support.v7.widget.AppCompatImageHelper.hasOverlappingRendering
E/EGL_emulation( 2917): tid 2917: eglSurfaceAttrib(1199): error 0x3009 (EGL_BAD_MATCH)
E/EGL_emulation( 3007): tid 3007: eglSurfaceAttrib(1199): error 0x3009 (EGL_BAD_MATCH)
E/InputDispatcher( 1602): channel '9d712760 jacy.popoaichuiniu.com.testpermissionleakge/jacy.popoaichuiniu.com.testpermissionleakge.MainActivity (server)' ~ Channel is unrecoverably broken and will be disposed!
E/memtrack( 3029): Couldn't load memtrack module (No such file or directory)
E/android.os.Debug( 3029): failed to load memtrack module: -2
E/EGL_emulation( 1914): tid 1914: eglSurfaceAttrib(1199): error 0x3009 (EGL_BAD_MATCH)
E/memtrack( 3042): Couldn't load memtrack module (No such file or directory)
E/android.os.Debug( 3042): failed to load memtrack module: -2
E/InputDispatcher( 1602): channel '9d51ae10 com.huawei.hwid/com.huawei.hwid.wxapi.WXEntryActivity (server)' ~ Channel is unrecoverably broken and will be disposed!
E/InputDispatcher( 1602): channel '9da55b18 com.huawei.hwid/com.huawei.hwid.wxapi.WXEntryActivity (server)' ~ Channel is unrecoverably broken and will be disposed!
E/InputDispatcher( 1602): channel '9d81a3a8 com.huawei.hwid/com.huawei.hwid.wxapi.WXEntryActivity (server)' ~ Channel is unrecoverably broken and will be disposed!
E/memtrack( 3071): Couldn't load memtrack module (No such file or directory)
E/android.os.Debug( 3071): failed to load memtrack module: -2
E/memtrack( 3088): Couldn't load memtrack module (No such file or directory)
E/android.os.Debug( 3088): failed to load memtrack module: -2
E/memtrack( 3106): Couldn't load memtrack module (No such file or directory)
E/android.os.Debug( 3106): failed to load memtrack module: -2
E/cutils-trace( 3116): Error opening trace file: Permission denied (13)
E/memtrack( 3121): Couldn't load memtrack module (No such file or directory)
E/android.os.Debug( 3121): failed to load memtrack module: -2
E/dalvikvm( 3132): Could not find class 'android.graphics.drawable.RippleDrawable', referenced from method android.support.v7.widget.AppCompatImageHelper.hasOverlappingRendering
E/EGL_emulation( 3132): tid 3132: eglSurfaceAttrib(1199): error 0x3009 (EGL_BAD_MATCH)
E/cutils  ( 1164): Failed to mkdirat(/storage/sdcard/Android): Read-only file system
E/AppLogApi( 3146): ApplogApi init fail,is not china rom
E/cutils  ( 1164): Failed to mkdirat(/storage/sdcard/Android): Read-only file system
E/AppLogApi( 3146): ApplogApi init fail,is not china rom
E/HwGrsSdk( 3146): can not getField[Thread-149-149](/:438)
E/HwGrsSdk( 3146): getGrsUrls sp query fail.[Thread-149-149](/:563)
E/cutils  ( 1164): Failed to mkdirat(/storage/sdcard/Android): Read-only file system
E/AppLogApi( 3146): ApplogApi init fail,is not china rom
E/VersionUpdateHelper( 3146): [2018-07-24 10:58:18.324 E/HwID_APK_log[2.6.1.319]/VersionUpdateHelper 3146:150 :37] old version is -1, current version is 3
E/cutils  ( 1164): Failed to mkdirat(/storage/sdcard/Android): Read-only file system
E/AppLogApi( 3146): ApplogApi init fail,is not china rom
E/cutils  ( 1164): Failed to mkdirat(/storage/sdcard/Android): Read-only file system
E/AppLogApi( 3146): ApplogApi init fail,is not china rom
E/cutils  ( 1164): Failed to mkdirat(/storage/sdcard/Android): Read-only file system
E/hms_pay ( 3146): [getHWLog]:  can not find HwLog!
E/DBGrade ( 3146): [2018-07-24 10:58:18.354 E/HwID_APK_log[2.6.1.319]/DBGrade 3146:150 :74]  get error
E/cutils  ( 1164): Failed to mkdirat(/storage/sdcard/Android): Read-only file system
E/AppLogApi( 3146): ApplogApi init fail,is not china rom
E/cutils  ( 1164): Failed to mkdirat(/storage/sdcard/Android): Read-only file system
E/AppLogApi( 3146): ApplogApi init fail,is not china rom
E/DBGrade ( 3146): [2018-07-24 10:58:18.363 E/HwID_APK_log[2.6.1.319]/DBGrade 3146:150 :74]  get error
E/BaseUtil( 3146): [2018-07-24 10:58:18.385 E/HwID_APK_log[2.6.1.319]/BaseUtil 3146:1 :1570] The class is not existing
E/UserInfoHelper( 3146): [2018-07-24 10:58:18.422 E/HwID_APK_log[2.6.1.319]/UserInfoHelper 3146:170 :126] IOException in ReadUserInfo:
E/UserInfoHelper( 3146): [2018-07-24 10:58:18.424 E/HwID_APK_log[2.6.1.319]/UserInfoHelper 3146:171 :126] IOException in ReadUserInfo:
E/HwGrsSdk( 3146): xMap is null.[main-1](/:185)
E/HwGrsSdk( 3146): xMap is null.[main-1](/:185)
E/HwGrsSdk( 3146): xMap is null.[main-1](/:185)
E/HwGrsSdk( 3146): queryLocalGrs serviceResult is not null.[main-1](/:206)
E/InputDispatcher( 1602): channel '9d99f5d0 jacy.popoaichuiniu.com.testpermissionleakge/jacy.popoaichuiniu.com.testpermissionleakge.MainActivity (server)' ~ Channel is unrecoverably broken and will be disposed!
E/EGL_emulation( 1914): tid 1914: eglSurfaceAttrib(1199): error 0x3009 (EGL_BAD_MATCH)
E/memtrack( 3211): Couldn't load memtrack module (No such file or directory)
E/android.os.Debug( 3211): failed to load memtrack module: -2
E/memtrack( 3224): Couldn't load memtrack module (No such file or directory)
E/android.os.Debug( 3224): failed to load memtrack module: -2
E/memtrack( 3245): Couldn't load memtrack module (No such file or directory)
E/android.os.Debug( 3245): failed to load memtrack module: -2
E/memtrack( 3262): Couldn't load memtrack module (No such file or directory)
E/android.os.Debug( 3262): failed to load memtrack module: -2
E/memtrack( 3279): Couldn't load memtrack module (No such file or directory)
E/android.os.Debug( 3279): failed to load memtrack module: -2
E/cutils-trace( 3289): Error opening trace file: Permission denied (13)
E/memtrack( 3294): Couldn't load memtrack module (No such file or directory)
E/android.os.Debug( 3294): failed to load memtrack module: -2
E/dalvikvm( 3305): Could not find class 'android.graphics.drawable.RippleDrawable', referenced from method android.support.v7.widget.AppCompatImageHelper.hasOverlappingRendering
E/EGL_emulation( 3305): tid 3305: eglSurfaceAttrib(1199): error 0x3009 (EGL_BAD_MATCH)
E/cutils  ( 1164): Failed to mkdirat(/storage/sdcard/Android): Read-only file system
E/AppLogApi( 3319): ApplogApi init fail,is not china rom
E/cutils  ( 1164): Failed to mkdirat(/storage/sdcard/Android): Read-only file system
E/AppLogApi( 3319): ApplogApi init fail,is not china rom
E/HwGrsSdk( 3319): can not getField[Thread-156-156](/:438)
E/HwGrsSdk( 3319): getGrsUrls sp query fail.[Thread-156-156](/:563)
E/cutils  ( 1164): Failed to mkdirat(/storage/sdcard/Android): Read-only file system
E/AppLogApi( 3319): ApplogApi init fail,is not china rom
E/cutils  ( 1164): Failed to mkdirat(/storage/sdcard/Android): Read-only file system
E/AppLogApi( 3319): ApplogApi init fail,is not china rom
E/VersionUpdateHelper( 3319): [2018-07-24 10:58:27.922 E/HwID_APK_log[2.6.1.319]/VersionUpdateHelper 3319:158 :37] old version is -1, current version is 3
E/cutils  ( 1164): Failed to mkdirat(/storage/sdcard/Android): Read-only file system
E/AppLogApi( 3319): ApplogApi init fail,is not china rom
E/cutils  ( 1164): Failed to mkdirat(/storage/sdcard/Android): Read-only file system
E/hms_pay ( 3319): [getHWLog]:  can not find HwLog!
E/cutils  ( 1164): Failed to mkdirat(/storage/sdcard/Android): Read-only file system
E/AppLogApi( 3319): ApplogApi init fail,is not china rom
E/cutils  ( 1164): Failed to mkdirat(/storage/sdcard/Android): Read-only file system
E/AppLogApi( 3319): ApplogApi init fail,is not china rom
E/DBGrade ( 3319): [2018-07-24 10:58:27.960 E/HwID_APK_log[2.6.1.319]/DBGrade 3319:158 :74]  get error
E/DBGrade ( 3319): [2018-07-24 10:58:27.961 E/HwID_APK_log[2.6.1.319]/DBGrade 3319:158 :74]  get error
E/UserInfoHelper( 3319): [2018-07-24 10:58:28.024 E/HwID_APK_log[2.6.1.319]/UserInfoHelper 3319:177 :126] IOException in ReadUserInfo:
E/UserInfoHelper( 3319): [2018-07-24 10:58:28.024 E/HwID_APK_log[2.6.1.319]/UserInfoHelper 3319:179 :126] IOException in ReadUserInfo:
E/UserInfoHelper( 3319): [2018-07-24 10:58:28.025 E/HwID_APK_log[2.6.1.319]/UserInfoHelper 3319:178 :126] IOException in ReadUserInfo:
E/EGL_emulation( 3319): tid 3319: eglSurfaceAttrib(1199): error 0x3009 (EGL_BAD_MATCH)
E/EGL_emulation( 3319): tid 3319: eglSurfaceAttrib(1199): error 0x3009 (EGL_BAD_MATCH)
E/StartUpGuideLoginActivity( 3319): [2018-07-24 10:58:28.198 E/HwID_APK_log[2.6.1.319]/StartUpGuideLoginActivity 3319:1 :1252] onFocusChangeCheck  true
E/HwGrsSdk( 3319): xMap is null.[main-1](/:185)
E/HwGrsSdk( 3319): xMap is null.[main-1](/:185)
E/HwGrsSdk( 3319): xMap is null.[main-1](/:185)
E/HwGrsSdk( 3319): queryLocalGrs serviceResult is not null.[main-1](/:206)
E/memtrack( 3384): Couldn't load memtrack module (No such file or directory)
E/android.os.Debug( 3384): failed to load memtrack module: -2
E/EGL_emulation( 1914): tid 1914: eglSurfaceAttrib(1199): error 0x3009 (EGL_BAD_MATCH)
E/memtrack( 3397): Couldn't load memtrack module (No such file or directory)
E/android.os.Debug( 3397): failed to load memtrack module: -2
E/InputDispatcher( 1602): channel '9d2f4e40 com.huawei.hwid/com.huawei.hwid.ui.extend.setting.StartUpGuideLoginActivity (server)' ~ Channel is unrecoverably broken and will be disposed!
E/memtrack( 3413): Couldn't load memtrack module (No such file or directory)
E/android.os.Debug( 3413): failed to load memtrack module: -2
E/memtrack( 3430): Couldn't load memtrack module (No such file or directory)
E/android.os.Debug( 3430): failed to load memtrack module: -2
E/memtrack( 3449): Couldn't load memtrack module (No such file or directory)
E/android.os.Debug( 3449): failed to load memtrack module: -2
E/cutils-trace( 3459): Error opening trace file: Permission denied (13)
E/memtrack( 3464): Couldn't load memtrack module (No such file or directory)
E/android.os.Debug( 3464): failed to load memtrack module: -2
E/dalvikvm( 3475): Could not find class 'android.graphics.drawable.RippleDrawable', referenced from method android.support.v7.widget.AppCompatImageHelper.hasOverlappingRendering
E/EGL_emulation( 3475): tid 3475: eglSurfaceAttrib(1199): error 0x3009 (EGL_BAD_MATCH)
E/cutils  ( 1164): Failed to mkdirat(/storage/sdcard/Android): Read-only file system
E/AppLogApi( 3489): ApplogApi init fail,is not china rom
E/cutils  ( 1164): Failed to mkdirat(/storage/sdcard/Android): Read-only file system
E/AppLogApi( 3489): ApplogApi init fail,is not china rom
E/HwGrsSdk( 3489): can not getField[Thread-161-161](/:438)
E/HwGrsSdk( 3489): getGrsUrls sp query fail.[Thread-161-161](/:563)
E/cutils  ( 1164): Failed to mkdirat(/storage/sdcard/Android): Read-only file system
E/AppLogApi( 3489): ApplogApi init fail,is not china rom
E/cutils  ( 1164): Failed to mkdirat(/storage/sdcard/Android): Read-only file system
E/AppLogApi( 3489): ApplogApi init fail,is not china rom
E/VersionUpdateHelper( 3489): [2018-07-24 10:58:37.186 E/HwID_APK_log[2.6.1.319]/VersionUpdateHelper 3489:163 :37] old version is -1, current version is 3
E/cutils  ( 1164): Failed to mkdirat(/storage/sdcard/Android): Read-only file system
E/AppLogApi( 3489): ApplogApi init fail,is not china rom
E/cutils  ( 1164): Failed to mkdirat(/storage/sdcard/Android): Read-only file system
E/hms_pay ( 3489): [getHWLog]:  can not find HwLog!
E/cutils  ( 1164): Failed to mkdirat(/storage/sdcard/Android): Read-only file system
E/AppLogApi( 3489): ApplogApi init fail,is not china rom
E/cutils  ( 1164): Failed to mkdirat(/storage/sdcard/Android): Read-only file system
E/DBGrade ( 3489): [2018-07-24 10:58:37.217 E/HwID_APK_log[2.6.1.319]/DBGrade 3489:163 :74]  get error
E/AppLogApi( 3489): ApplogApi init fail,is not china rom
E/DBGrade ( 3489): [2018-07-24 10:58:37.219 E/HwID_APK_log[2.6.1.319]/DBGrade 3489:163 :74]  get error
E/UserInfoHelper( 3489): [2018-07-24 10:58:37.248 E/HwID_APK_log[2.6.1.319]/UserInfoHelper 3489:182 :126] IOException in ReadUserInfo:
E/UserInfoHelper( 3489): [2018-07-24 10:58:37.248 E/HwID_APK_log[2.6.1.319]/UserInfoHelper 3489:183 :126] IOException in ReadUserInfo:
E/HwGrsSdk( 3489): xMap is null.[main-1](/:185)
E/HwGrsSdk( 3489): xMap is null.[main-1](/:185)
E/HwGrsSdk( 3489): xMap is null.[main-1](/:185)
E/HwGrsSdk( 3489): queryLocalGrs serviceResult is not null.[main-1](/:206)
E/InputDispatcher( 1602): Received spurious receive callback for unknown input channel.  fd=180, events=0x9
E/EGL_emulation( 1914): tid 1914: eglSurfaceAttrib(1199): error 0x3009 (EGL_BAD_MATCH)
E/memtrack( 3549): Couldn't load memtrack module (No such file or directory)
E/android.os.Debug( 3549): failed to load memtrack module: -2
E/memtrack( 3562): Couldn't load memtrack module (No such file or directory)
E/android.os.Debug( 3562): failed to load memtrack module: -2
E/memtrack( 3578): Couldn't load memtrack module (No such file or directory)
E/android.os.Debug( 3578): failed to load memtrack module: -2
E/memtrack( 3595): Couldn't load memtrack module (No such file or directory)
E/android.os.Debug( 3595): failed to load memtrack module: -2
E/memtrack( 3612): Couldn't load memtrack module (No such file or directory)
E/android.os.Debug( 3612): failed to load memtrack module: -2
E/cutils-trace( 3622): Error opening trace file: Permission denied (13)
E/memtrack( 3627): Couldn't load memtrack module (No such file or directory)
E/android.os.Debug( 3627): failed to load memtrack module: -2
E/dalvikvm( 3638): Could not find class 'android.graphics.drawable.RippleDrawable', referenced from method android.support.v7.widget.AppCompatImageHelper.hasOverlappingRendering
E/EGL_emulation( 3638): tid 3638: eglSurfaceAttrib(1199): error 0x3009 (EGL_BAD_MATCH)
E/cutils  ( 1164): Failed to mkdirat(/storage/sdcard/Android): Read-only file system
E/AppLogApi( 3652): ApplogApi init fail,is not china rom
E/cutils  ( 1164): Failed to mkdirat(/storage/sdcard/Android): Read-only file system
E/AppLogApi( 3652): ApplogApi init fail,is not china rom
E/HwGrsSdk( 3652): can not getField[Thread-168-168](/:438)
E/cutils  ( 1164): Failed to mkdirat(/storage/sdcard/Android): Read-only file system
E/AppLogApi( 3652): ApplogApi init fail,is not china rom
E/cutils  ( 1164): Failed to mkdirat(/storage/sdcard/Android): Read-only file system
E/HwGrsSdk( 3652): getGrsUrls sp query fail.[Thread-168-168](/:563)
E/AppLogApi( 3652): ApplogApi init fail,is not china rom
E/cutils  ( 1164): Failed to mkdirat(/storage/sdcard/Android): Read-only file system
E/AppLogApi( 3652): ApplogApi init fail,is not china rom
E/cutils  ( 1164): Failed to mkdirat(/storage/sdcard/Android): Read-only file system
E/VersionUpdateHelper( 3652): [2018-07-24 10:58:45.947 E/HwID_APK_log[2.6.1.319]/VersionUpdateHelper 3652:170 :37] old version is -1, current version is 3
E/hms_pay ( 3652): [getHWLog]:  can not find HwLog!
E/cutils  ( 1164): Failed to mkdirat(/storage/sdcard/Android): Read-only file system
E/AppLogApi( 3652): ApplogApi init fail,is not china rom
E/cutils  ( 1164): Failed to mkdirat(/storage/sdcard/Android): Read-only file system
E/AppLogApi( 3652): ApplogApi init fail,is not china rom
E/DBGrade ( 3652): [2018-07-24 10:58:46.002 E/HwID_APK_log[2.6.1.319]/DBGrade 3652:170 :74]  get error
E/BaseUtil( 3652): [2018-07-24 10:58:46.011 E/HwID_APK_log[2.6.1.319]/BaseUtil 3652:1 :1570] The class is not existing
E/DBGrade ( 3652): [2018-07-24 10:58:46.012 E/HwID_APK_log[2.6.1.319]/DBGrade 3652:170 :74]  get error
E/UserInfoHelper( 3652): [2018-07-24 10:58:46.013 E/HwID_APK_log[2.6.1.319]/UserInfoHelper 3652:186 :126] IOException in ReadUserInfo:
E/UserInfoHelper( 3652): [2018-07-24 10:58:46.014 E/HwID_APK_log[2.6.1.319]/UserInfoHelper 3652:187 :126] IOException in ReadUserInfo:
E/UserInfoHelper( 3652): [2018-07-24 10:58:46.047 E/HwID_APK_log[2.6.1.319]/UserInfoHelper 3652:191 :126] IOException in ReadUserInfo:
E/EGL_emulation( 3652): tid 3652: eglSurfaceAttrib(1199): error 0x3009 (EGL_BAD_MATCH)
E/EGL_emulation( 3652): tid 3652: eglSurfaceAttrib(1199): error 0x3009 (EGL_BAD_MATCH)
E/StartUpGuideLoginActivity( 3652): [2018-07-24 10:58:46.213 E/HwID_APK_log[2.6.1.319]/StartUpGuideLoginActivity 3652:1 :1252] onFocusChangeCheck  true
E/HwGrsSdk( 3652): xMap is null.[main-1](/:185)
E/HwGrsSdk( 3652): xMap is null.[main-1](/:185)
E/HwGrsSdk( 3652): xMap is null.[main-1](/:185)
E/HwGrsSdk( 3652): queryLocalGrs serviceResult is not null.[main-1](/:206)
E/InputDispatcher( 1602): channel '9d1e1350 jacy.popoaichuiniu.com.testpermissionleakge/jacy.popoaichuiniu.com.testpermissionleakge.MainActivity (server)' ~ Channel is unrecoverably broken and will be disposed!
E/memtrack( 3717): Couldn't load memtrack module (No such file or directory)
E/android.os.Debug( 3717): failed to load memtrack module: -2
E/EGL_emulation( 1914): tid 1914: eglSurfaceAttrib(1199): error 0x3009 (EGL_BAD_MATCH)
E/memtrack( 3730): Couldn't load memtrack module (No such file or directory)
E/android.os.Debug( 3730): failed to load memtrack module: -2
E/InputDispatcher( 1602): channel '9d45d548 com.huawei.hwid/com.huawei.hwid.ui.extend.setting.StartUpGuideLoginActivity (server)' ~ Channel is unrecoverably broken and will be disposed!
E/InputDispatcher( 1602): channel '9d6e7ac8 com.huawei.hwid/com.huawei.hwid.ui.extend.setting.StartUpGuideLoginActivity (server)' ~ Channel is unrecoverably broken and will be disposed!
E/memtrack( 3746): Couldn't load memtrack module (No such file or directory)
E/android.os.Debug( 3746): failed to load memtrack module: -2
E/memtrack( 3763): Couldn't load memtrack module (No such file or directory)
E/android.os.Debug( 3763): failed to load memtrack module: -2
E/memtrack( 3780): Couldn't load memtrack module (No such file or directory)
E/android.os.Debug( 3780): failed to load memtrack module: -2
E/cutils-trace( 3790): Error opening trace file: Permission denied (13)
E/memtrack( 3797): Couldn't load memtrack module (No such file or directory)
E/android.os.Debug( 3797): failed to load memtrack module: -2
E/dalvikvm( 3808): Could not find class 'android.graphics.drawable.RippleDrawable', referenced from method android.support.v7.widget.AppCompatImageHelper.hasOverlappingRendering
E/EGL_emulation( 3808): tid 3808: eglSurfaceAttrib(1199): error 0x3009 (EGL_BAD_MATCH)
E/cutils  ( 1164): Failed to mkdirat(/storage/sdcard/Android): Read-only file system
E/AppLogApi( 3822): ApplogApi init fail,is not china rom
E/cutils  ( 1164): Failed to mkdirat(/storage/sdcard/Android): Read-only file system
E/AppLogApi( 3822): ApplogApi init fail,is not china rom
E/HwGrsSdk( 3822): can not getField[Thread-172-172](/:438)
E/HwGrsSdk( 3822): getGrsUrls sp query fail.[Thread-172-172](/:563)
E/cutils  ( 1164): Failed to mkdirat(/storage/sdcard/Android): Read-only file system
E/AppLogApi( 3822): ApplogApi init fail,is not china rom
E/cutils  ( 1164): Failed to mkdirat(/storage/sdcard/Android): Read-only file system
E/AppLogApi( 3822): ApplogApi init fail,is not china rom
E/VersionUpdateHelper( 3822): [2018-07-24 10:58:55.189 E/HwID_APK_log[2.6.1.319]/VersionUpdateHelper 3822:175 :37] old version is -1, current version is 3
E/cutils  ( 1164): Failed to mkdirat(/storage/sdcard/Android): Read-only file system
E/AppLogApi( 3822): ApplogApi init fail,is not china rom
E/cutils  ( 1164): Failed to mkdirat(/storage/sdcard/Android): Read-only file system
E/hms_pay ( 3822): [getHWLog]:  can not find HwLog!
E/cutils  ( 1164): Failed to mkdirat(/storage/sdcard/Android): Read-only file system
E/AppLogApi( 3822): ApplogApi init fail,is not china rom
E/cutils  ( 1164): Failed to mkdirat(/storage/sdcard/Android): Read-only file system
E/AppLogApi( 3822): ApplogApi init fail,is not china rom
E/DBGrade ( 3822): [2018-07-24 10:58:55.236 E/HwID_APK_log[2.6.1.319]/DBGrade 3822:175 :74]  get error
E/DBGrade ( 3822): [2018-07-24 10:58:55.246 E/HwID_APK_log[2.6.1.319]/DBGrade 3822:175 :74]  get error
E/EGL_emulation( 3808): tid 3808: eglSurfaceAttrib(1199): error 0x3009 (EGL_BAD_MATCH)
E/UserInfoHelper( 3822): [2018-07-24 10:58:55.269 E/HwID_APK_log[2.6.1.319]/UserInfoHelper 3822:195 :126] IOException in ReadUserInfo:
E/UserInfoHelper( 3822): [2018-07-24 10:58:55.270 E/HwID_APK_log[2.6.1.319]/UserInfoHelper 3822:194 :126] IOException in ReadUserInfo:
E/HwGrsSdk( 3822): xMap is null.[main-1](/:185)
E/HwGrsSdk( 3822): xMap is null.[main-1](/:185)
E/HwGrsSdk( 3822): xMap is null.[main-1](/:185)
E/HwGrsSdk( 3822): queryLocalGrs serviceResult is not null.[main-1](/:206)
E/InputDispatcher( 1602): channel '9d2f4e40 jacy.popoaichuiniu.com.testpermissionleakge/jacy.popoaichuiniu.com.testpermissionleakge.MainActivity (server)' ~ Channel is unrecoverably broken and will be disposed!
E/EGL_emulation( 1914): tid 1914: eglSurfaceAttrib(1199): error 0x3009 (EGL_BAD_MATCH)
E/memtrack( 3883): Couldn't load memtrack module (No such file or directory)
E/android.os.Debug( 3883): failed to load memtrack module: -2
E/memtrack( 3896): Couldn't load memtrack module (No such file or directory)
E/android.os.Debug( 3896): failed to load memtrack module: -2
E/memtrack( 3912): Couldn't load memtrack module (No such file or directory)
E/android.os.Debug( 3912): failed to load memtrack module: -2
E/memtrack( 3929): Couldn't load memtrack module (No such file or directory)
E/android.os.Debug( 3929): failed to load memtrack module: -2
E/memtrack( 3946): Couldn't load memtrack module (No such file or directory)
E/android.os.Debug( 3946): failed to load memtrack module: -2
E/cutils-trace( 3956): Error opening trace file: Permission denied (13)
E/memtrack( 3961): Couldn't load memtrack module (No such file or directory)
E/android.os.Debug( 3961): failed to load memtrack module: -2
E/jdwp    ( 3972): Failed sending reply to debugger: Broken pipe
E/dalvikvm( 3972): Could not find class 'android.graphics.drawable.RippleDrawable', referenced from method android.support.v7.widget.AppCompatImageHelper.hasOverlappingRendering
E/EGL_emulation( 3972): tid 3972: eglSurfaceAttrib(1199): error 0x3009 (EGL_BAD_MATCH)
E/cutils  ( 1164): Failed to mkdirat(/storage/sdcard/Android): Read-only file system
E/AppLogApi( 3986): ApplogApi init fail,is not china rom
E/cutils  ( 1164): Failed to mkdirat(/storage/sdcard/Android): Read-only file system
E/HwGrsSdk( 3986): can not getField[Thread-178-178](/:438)
E/AppLogApi( 3986): ApplogApi init fail,is not china rom
E/HwGrsSdk( 3986): getGrsUrls sp query fail.[Thread-178-178](/:563)
E/cutils  ( 1164): Failed to mkdirat(/storage/sdcard/Android): Read-only file system
E/AppLogApi( 3986): ApplogApi init fail,is not china rom
E/cutils  ( 1164): Failed to mkdirat(/storage/sdcard/Android): Read-only file system
E/AppLogApi( 3986): ApplogApi init fail,is not china rom
E/cutils  ( 1164): Failed to mkdirat(/storage/sdcard/Android): Read-only file system
E/AppLogApi( 3986): ApplogApi init fail,is not china rom
E/cutils  ( 1164): Failed to mkdirat(/storage/sdcard/Android): Read-only file system
E/VersionUpdateHelper( 3986): [2018-07-24 10:59:04.317 E/HwID_APK_log[2.6.1.319]/VersionUpdateHelper 3986:181 :37] old version is -1, current version is 3
E/hms_pay ( 3986): [getHWLog]:  can not find HwLog!
E/cutils  ( 1164): Failed to mkdirat(/storage/sdcard/Android): Read-only file system
E/AppLogApi( 3986): ApplogApi init fail,is not china rom
E/cutils  ( 1164): Failed to mkdirat(/storage/sdcard/Android): Read-only file system
E/AppLogApi( 3986): ApplogApi init fail,is not china rom
E/DBGrade ( 3986): [2018-07-24 10:59:04.334 E/HwID_APK_log[2.6.1.319]/DBGrade 3986:181 :74]  get error
E/DBGrade ( 3986): [2018-07-24 10:59:04.336 E/HwID_APK_log[2.6.1.319]/DBGrade 3986:181 :74]  get error
E/UserInfoHelper( 3986): [2018-07-24 10:59:04.357 E/HwID_APK_log[2.6.1.319]/UserInfoHelper 3986:200 :126] IOException in ReadUserInfo:
E/UserInfoHelper( 3986): [2018-07-24 10:59:04.358 E/HwID_APK_log[2.6.1.319]/UserInfoHelper 3986:201 :126] IOException in ReadUserInfo:
E/HwGrsSdk( 3986): xMap is null.[main-1](/:185)
E/HwGrsSdk( 3986): xMap is null.[main-1](/:185)
E/HwGrsSdk( 3986): xMap is null.[main-1](/:185)
E/HwGrsSdk( 3986): queryLocalGrs serviceResult is not null.[main-1](/:206)
E/InputDispatcher( 1602): channel '9d45f5f0 jacy.popoaichuiniu.com.testpermissionleakge/jacy.popoaichuiniu.com.testpermissionleakge.MainActivity (server)' ~ Channel is unrecoverably broken and will be disposed!
E/EGL_emulation( 1914): tid 1914: eglSurfaceAttrib(1199): error 0x3009 (EGL_BAD_MATCH)
E/memtrack( 4046): Couldn't load memtrack module (No such file or directory)
E/android.os.Debug( 4046): failed to load memtrack module: -2
E/memtrack( 4059): Couldn't load memtrack module (No such file or directory)
E/android.os.Debug( 4059): failed to load memtrack module: -2
E/memtrack( 4075): Couldn't load memtrack module (No such file or directory)
E/android.os.Debug( 4075): failed to load memtrack module: -2
E/memtrack( 4092): Couldn't load memtrack module (No such file or directory)
E/android.os.Debug( 4092): failed to load memtrack module: -2
E/memtrack( 4109): Couldn't load memtrack module (No such file or directory)
E/android.os.Debug( 4109): failed to load memtrack module: -2
E/cutils-trace( 4119): Error opening trace file: Permission denied (13)
E/memtrack( 4124): Couldn't load memtrack module (No such file or directory)
E/android.os.Debug( 4124): failed to load memtrack module: -2
E/dalvikvm( 4135): Could not find class 'android.graphics.drawable.RippleDrawable', referenced from method android.support.v7.widget.AppCompatImageHelper.hasOverlappingRendering
E/EGL_emulation( 4135): tid 4135: eglSurfaceAttrib(1199): error 0x3009 (EGL_BAD_MATCH)
E/cutils  ( 1164): Failed to mkdirat(/storage/sdcard/Android): Read-only file system
E/AppLogApi( 4149): ApplogApi init fail,is not china rom
E/cutils  ( 1164): Failed to mkdirat(/storage/sdcard/Android): Read-only file system
E/AppLogApi( 4149): ApplogApi init fail,is not china rom
E/HwGrsSdk( 4149): can not getField[Thread-186-186](/:438)
E/cutils  ( 1164): Failed to mkdirat(/storage/sdcard/Android): Read-only file system
E/HwGrsSdk( 4149): getGrsUrls sp query fail.[Thread-186-186](/:563)
E/AppLogApi( 4149): ApplogApi init fail,is not china rom
E/cutils  ( 1164): Failed to mkdirat(/storage/sdcard/Android): Read-only file system
E/AppLogApi( 4149): ApplogApi init fail,is not china rom
E/cutils  ( 1164): Failed to mkdirat(/storage/sdcard/Android): Read-only file system
E/AppLogApi( 4149): ApplogApi init fail,is not china rom
E/cutils  ( 1164): Failed to mkdirat(/storage/sdcard/Android): Read-only file system
E/VersionUpdateHelper( 4149): [2018-07-24 10:59:13.393 E/HwID_APK_log[2.6.1.319]/VersionUpdateHelper 4149:188 :37] old version is -1, current version is 3
E/hms_pay ( 4149): [getHWLog]:  can not find HwLog!
E/cutils  ( 1164): Failed to mkdirat(/storage/sdcard/Android): Read-only file system
E/AppLogApi( 4149): ApplogApi init fail,is not china rom
E/cutils  ( 1164): Failed to mkdirat(/storage/sdcard/Android): Read-only file system
E/AppLogApi( 4149): ApplogApi init fail,is not china rom
E/UserInfoHelper( 4149): [2018-07-24 10:59:13.422 E/HwID_APK_log[2.6.1.319]/UserInfoHelper 4149:201 :126] IOException in ReadUserInfo:
E/BaseUtil( 4149): [2018-07-24 10:59:13.423 E/HwID_APK_log[2.6.1.319]/BaseUtil 4149:1 :1570] The class is not existing
E/UserInfoHelper( 4149): [2018-07-24 10:59:13.423 E/HwID_APK_log[2.6.1.319]/UserInfoHelper 4149:203 :126] IOException in ReadUserInfo:
E/UserInfoHelper( 4149): [2018-07-24 10:59:13.428 E/HwID_APK_log[2.6.1.319]/UserInfoHelper 4149:204 :126] IOException in ReadUserInfo:
E/BaseUtil( 4149): [2018-07-24 10:59:13.445 E/HwID_APK_log[2.6.1.319]/BaseUtil 4149:1 :1570] The class is not existing
E/DBGrade ( 4149): [2018-07-24 10:59:13.445 E/HwID_APK_log[2.6.1.319]/DBGrade 4149:188 :74]  get error
