E/StrictMode( 1588): java.lang.Throwable: Explicit termination method 'end' not called
E/StrictMode( 1588): 	at dalvik.system.CloseGuard.open(CloseGuard.java:184)
E/StrictMode( 1588): 	at java.util.zip.Inflater.<init>(Inflater.java:82)
E/StrictMode( 1588): 	at java.util.zip.ZipFile.getInputStream(ZipFile.java:310)
E/StrictMode( 1588): 	at java.util.jar.JarFile.getInputStream(JarFile.java:389)
E/StrictMode( 1588): 	at android.content.pm.PackageParser.loadCertificates(PackageParser.java:464)
E/StrictMode( 1588): 	at android.content.pm.PackageParser.collectCertificates(PackageParser.java:674)
E/StrictMode( 1588): 	at com.android.server.pm.PackageManagerService.installPackageLI(PackageManagerService.java:8991)
E/StrictMode( 1588): 	at com.android.server.pm.PackageManagerService.access$2300(PackageManagerService.java:178)
E/StrictMode( 1588): 	at com.android.server.pm.PackageManagerService$5.run(PackageManagerService.java:7041)
E/StrictMode( 1588): 	at android.os.Handler.handleCallback(Handler.java:733)
E/StrictMode( 1588): 	at android.os.Handler.dispatchMessage(Handler.java:95)
E/StrictMode( 1588): 	at android.os.Looper.loop(Looper.java:136)
E/StrictMode( 1588): 	at android.os.HandlerThread.run(HandlerThread.java:61)
E/memtrack( 3238): Couldn't load memtrack module (No such file or directory)
E/android.os.Debug( 3238): failed to load memtrack module: -2
E/memtrack( 3253): Couldn't load memtrack module (No such file or directory)
E/android.os.Debug( 3253): failed to load memtrack module: -2
E/memtrack( 3265): Couldn't load memtrack module (No such file or directory)
E/android.os.Debug( 3265): failed to load memtrack module: -2
E/memtrack( 3284): Couldn't load memtrack module (No such file or directory)
E/android.os.Debug( 3284): failed to load memtrack module: -2
E/memtrack( 3301): Couldn't load memtrack module (No such file or directory)
E/android.os.Debug( 3301): failed to load memtrack module: -2
E/cutils-trace( 3311): Error opening trace file: Permission denied (13)
E/memtrack( 3316): Couldn't load memtrack module (No such file or directory)
E/android.os.Debug( 3316): failed to load memtrack module: -2
E/dalvikvm( 3327): Could not find class 'android.graphics.drawable.RippleDrawable', referenced from method android.support.v7.widget.AppCompatImageHelper.hasOverlappingRendering
E/EGL_emulation( 3327): tid 3327: eglSurfaceAttrib(1199): error 0x3009 (EGL_BAD_MATCH)
E/cutils-trace( 3359): Error opening trace file: Permission denied (13)
E/wallet  ( 3342): [getHWLog]:  can not find HwLog!
E/CommonUtils( 3342): getBoolean [class java.lang.String, class java.lang.String]
E/AppLogApi/CrashHandler( 3342): CrashHandler init
E/ReportApi( 3342): init reportCycle==40000
E/hwpaysdk( 3342): can not getField[Thread-111-111](/:426)
E/dalvikvm( 3342): Could not find class 'huawei.android.app.HwWallpaperManager', referenced from method com.huawei.android.app.WallpaperManagerEx.getHwWallpaperManager
E/SQLiteLog( 3342): (1) near "isLogcat": syntax error
E/NewFeedbackTableAdvanced( 3342): createTable(SQLiteDatabase db):create table t_feedback_advanced SQLException
E/dalvikvm( 3342): Could not find class 'huawei.com.android.internal.app.HwActionBarImpl', referenced from method com.huawei.android.app.ActionBarEx.getHwActionBarImpl
E/SQLiteLog( 3342): (1) no such table: t_feedback_advanced
E/NewFeedbackTableAdvanced( 3342): update: update table t_feedback_advanced row email Error
E/wallet_HwNFC( 3342): isSelectSE ClassNotFoundException    java.lang.ClassNotFoundException: com.huawei.android.nfc.NfcAdapterCustEx
E/wallet_HwNFC( 3342): 	at java.lang.Class.classForName(Native Method)
E/wallet_HwNFC( 3342): 	at java.lang.Class.forName(Class.java:251)
E/wallet_HwNFC( 3342): 	at java.lang.Class.forName(Class.java:216)
E/wallet_HwNFC( 3342): 	at o.bmr.(:121)
E/wallet_HwNFC( 3342): 	at o.bmr.(:89)
E/wallet_HwNFC( 3342): 	at o.bmr.(:376)
E/wallet_HwNFC( 3342): 	at com.huawei.nfc.carrera.ui.NFCBaseActivity.(:358)
E/wallet_HwNFC( 3342): 	at com.huawei.nfc.carrera.ui.bus.opencard.BindBusCardSwitchActivity.(:355)
E/wallet_HwNFC( 3342): 	at com.huawei.nfc.carrera.ui.bus.opencard.BindBusCardSwitchActivity.(:286)
E/wallet_HwNFC( 3342): 	at com.huawei.nfc.carrera.ui.bus.opencard.BindBusCardSwitchActivity.onCreate(:222)
E/wallet_HwNFC( 3342): 	at android.app.Activity.performCreate(Activity.java:5231)
E/wallet_HwNFC( 3342): 	at android.app.Instrumentation.callActivityOnCreate(Instrumentation.java:1087)
E/wallet_HwNFC( 3342): 	at android.app.ActivityThread.performLaunchActivity(ActivityThread.java:2159)
E/wallet_HwNFC( 3342): 	at android.app.ActivityThread.handleLaunchActivity(ActivityThread.java:2245)
E/wallet_HwNFC( 3342): 	at android.app.ActivityThread.access$800(ActivityThread.java:135)
E/wallet_HwNFC( 3342): 	at android.app.ActivityThread$H.handleMessage(ActivityThread.java:1196)
E/wallet_HwNFC( 3342): 	at android.os.Handler.dispatchMessage(Handler.java:102)
E/wallet_HwNFC( 3342): 	at android.os.Looper.loop(Looper.java:136)
E/wallet_HwNFC( 3342): 	at android.app.ActivityThread.main(ActivityThread.java:5017)
E/wallet_HwNFC( 3342): 	at java.lang.reflect.Method.invokeNative(Native Method)
E/wallet_HwNFC( 3342): 	at java.lang.reflect.Method.invoke(Method.java:515)
E/wallet_HwNFC( 3342): 	at com.android.internal.os.ZygoteInit$MethodAndArgsCaller.run(ZygoteInit.java:779)
E/wallet_HwNFC( 3342): 	at com.android.internal.os.ZygoteInit.main(ZygoteInit.java:595)
E/wallet_HwNFC( 3342): 	at dalvik.system.NativeStart.main(Native Method)
E/wallet_HwNFC( 3342): Caused by: java.lang.NoClassDefFoundError: com/huawei/android/nfc/NfcAdapterCustEx
E/wallet_HwNFC( 3342): 	... 24 more
E/wallet_HwNFC( 3342): Caused by: java.lang.ClassNotFoundException: Didn't find class "com.huawei.android.nfc.NfcAdapterCustEx" on path: DexPathList[[zip file "/data/app/com.huawei.wallet-1.apk", zip file "/data/data/com.huawei.wallet/code_cache/secondary-dexes/com.huawei.wallet-1.apk.classes2.zip", zip file "/data/data/com.huawei.wallet/code_cache/secondary-dexes/com.huawei.wallet-1.apk.classes3.zip"],nativeLibraryDirectories=[/data/app-lib/com.huawei.wallet-1, /system/lib]]
E/wallet_HwNFC( 3342): 	at dalvik.system.BaseDexClassLoader.findClass(BaseDexClassLoader.java:56)
E/wallet_HwNFC( 3342): 	at java.lang.ClassLoader.loadClass(ClassLoader.java:497)
E/wallet_HwNFC( 3342): 	at java.lang.ClassLoader.loadClass(ClassLoader.java:457)
E/wallet_HwNFC( 3342): 	... 24 more
E/wallet_HwNFC( 3342): 
E/wallet_HwNFC( 3342): java.lang.ClassNotFoundException: com.huawei.android.nfc.NfcAdapterCustEx
E/wallet_HwNFC( 3342): 	at java.lang.Class.classForName(Native Method)
E/wallet_HwNFC( 3342): 	at java.lang.Class.forName(Class.java:251)
E/wallet_HwNFC( 3342): 	at java.lang.Class.forName(Class.java:216)
E/wallet_HwNFC( 3342): 	at o.bmr.(:121)
E/wallet_HwNFC( 3342): 	at o.bmr.(:89)
E/wallet_HwNFC( 3342): 	at o.bmr.(:376)
E/wallet_HwNFC( 3342): 	at com.huawei.nfc.carrera.ui.NFCBaseActivity.(:358)
E/wallet_HwNFC( 3342): 	at com.huawei.nfc.carrera.ui.bus.opencard.BindBusCardSwitchActivity.(:355)
E/wallet_HwNFC( 3342): 	at com.huawei.nfc.carrera.ui.bus.opencard.BindBusCardSwitchActivity.(:286)
E/wallet_HwNFC( 3342): 	at com.huawei.nfc.carrera.ui.bus.opencard.BindBusCardSwitchActivity.onCreate(:222)
E/wallet_HwNFC( 3342): 	at android.app.Activity.performCreate(Activity.java:5231)
E/wallet_HwNFC( 3342): 	at android.app.Instrumentation.callActivityOnCreate(Instrumentation.java:1087)
E/wallet_HwNFC( 3342): 	at android.app.ActivityThread.performLaunchActivity(ActivityThread.java:2159)
E/wallet_HwNFC( 3342): 	at android.app.ActivityThread.handleLaunchActivity(ActivityThread.java:2245)
E/wallet_HwNFC( 3342): 	at android.app.ActivityThread.access$800(ActivityThread.java:135)
E/wallet_HwNFC( 3342): 	at android.app.ActivityThread$H.handleMessage(ActivityThread.java:1196)
E/wallet_HwNFC( 3342): 	at android.os.Handler.dispatchMessage(Handler.java:102)
E/wallet_HwNFC( 3342): 	at android.os.Looper.loop(Looper.java:136)
E/wallet_HwNFC( 3342): 	at android.app.ActivityThread.main(ActivityThread.java:5017)
E/wallet_HwNFC( 3342): 	at java.lang.reflect.Method.invokeNative(Native Method)
E/wallet_HwNFC( 3342): 	at java.lang.reflect.Method.invoke(Method.java:515)
E/wallet_HwNFC( 3342): 	at com.android.internal.os.ZygoteInit$MethodAndArgsCaller.run(ZygoteInit.java:779)
E/wallet_HwNFC( 3342): 	at com.android.internal.os.ZygoteInit.main(ZygoteInit.java:595)
E/wallet_HwNFC( 3342): 	at dalvik.system.NativeStart.main(Native Method)
E/wallet_HwNFC( 3342): Caused by: java.lang.NoClassDefFoundError: com/huawei/android/nfc/NfcAdapterCustEx
E/wallet_HwNFC( 3342): 	... 24 more
E/wallet_HwNFC( 3342): Caused by: java.lang.ClassNotFoundException: Didn't find class "com.huawei.android.nfc.NfcAdapterCustEx" on path: DexPathList[[zip file "/data/app/com.huawei.wallet-1.apk", zip file "/data/data/com.huawei.wallet/code_cache/secondar
E/EGL_emulation( 3342): tid 3342: eglSurfaceAttrib(1199): error 0x3009 (EGL_BAD_MATCH)
E/wallet_HwNFC( 3342): isSelectSE ClassNotFoundException    java.lang.ClassNotFoundException: com.huawei.android.nfc.NfcAdapterCustEx
E/wallet_HwNFC( 3342): 	at java.lang.Class.classForName(Native Method)
E/wallet_HwNFC( 3342): 	at java.lang.Class.forName(Class.java:251)
E/wallet_HwNFC( 3342): 	at java.lang.Class.forName(Class.java:216)
E/wallet_HwNFC( 3342): 	at o.bmr.(:121)
E/wallet_HwNFC( 3342): 	at o.bmr.(:89)
E/wallet_HwNFC( 3342): 	at o.bmr.(:376)
E/wallet_HwNFC( 3342): 	at com.huawei.nfc.NFCEntranceActivity.(:634)
E/wallet_HwNFC( 3342): 	at com.huawei.nfc.NFCEntranceActivity.(:173)
E/wallet_HwNFC( 3342): 	at com.huawei.nfc.NFCEntranceActivity.onCreate(:149)
E/wallet_HwNFC( 3342): 	at android.app.Activity.performCreate(Activity.java:5231)
E/wallet_HwNFC( 3342): 	at android.app.Instrumentation.callActivityOnCreate(Instrumentation.java:1087)
E/wallet_HwNFC( 3342): 	at android.app.ActivityThread.performLaunchActivity(ActivityThread.java:2159)
E/wallet_HwNFC( 3342): 	at android.app.ActivityThread.handleLaunchActivity(ActivityThread.java:2245)
E/wallet_HwNFC( 3342): 	at android.app.ActivityThread.access$800(ActivityThread.java:135)
E/wallet_HwNFC( 3342): 	at android.app.ActivityThread$H.handleMessage(ActivityThread.java:1196)
E/wallet_HwNFC( 3342): 	at android.os.Handler.dispatchMessage(Handler.java:102)
E/wallet_HwNFC( 3342): 	at android.os.Looper.loop(Looper.java:136)
E/wallet_HwNFC( 3342): 	at android.app.ActivityThread.main(ActivityThread.java:5017)
E/wallet_HwNFC( 3342): 	at java.lang.reflect.Method.invokeNative(Native Method)
E/wallet_HwNFC( 3342): 	at java.lang.reflect.Method.invoke(Method.java:515)
E/wallet_HwNFC( 3342): 	at com.android.internal.os.ZygoteInit$MethodAndArgsCaller.run(ZygoteInit.java:779)
E/wallet_HwNFC( 3342): 	at com.android.internal.os.ZygoteInit.main(ZygoteInit.java:595)
E/wallet_HwNFC( 3342): 	at dalvik.system.NativeStart.main(Native Method)
E/wallet_HwNFC( 3342): Caused by: java.lang.NoClassDefFoundError: com/huawei/android/nfc/NfcAdapterCustEx
E/wallet_HwNFC( 3342): 	... 23 more
E/wallet_HwNFC( 3342): Caused by: java.lang.ClassNotFoundException: Didn't find class "com.huawei.android.nfc.NfcAdapterCustEx" on path: DexPathList[[zip file "/data/app/com.huawei.wallet-1.apk", zip file "/data/data/com.huawei.wallet/code_cache/secondary-dexes/com.huawei.wallet-1.apk.classes2.zip", zip file "/data/data/com.huawei.wallet/code_cache/secondary-dexes/com.huawei.wallet-1.apk.classes3.zip"],nativeLibraryDirectories=[/data/app-lib/com.huawei.wallet-1, /system/lib]]
E/wallet_HwNFC( 3342): 	at dalvik.system.BaseDexClassLoader.findClass(BaseDexClassLoader.java:56)
E/wallet_HwNFC( 3342): 	at java.lang.ClassLoader.loadClass(ClassLoader.java:497)
E/wallet_HwNFC( 3342): 	at java.lang.ClassLoader.loadClass(ClassLoader.java:457)
E/wallet_HwNFC( 3342): 	... 23 more
E/wallet_HwNFC( 3342): 
E/wallet_HwNFC( 3342): java.lang.ClassNotFoundException: com.huawei.android.nfc.NfcAdapterCustEx
E/wallet_HwNFC( 3342): 	at java.lang.Class.classForName(Native Method)
E/wallet_HwNFC( 3342): 	at java.lang.Class.forName(Class.java:251)
E/wallet_HwNFC( 3342): 	at java.lang.Class.forName(Class.java:216)
E/wallet_HwNFC( 3342): 	at o.bmr.(:121)
E/wallet_HwNFC( 3342): 	at o.bmr.(:89)
E/wallet_HwNFC( 3342): 	at o.bmr.(:376)
E/wallet_HwNFC( 3342): 	at com.huawei.nfc.NFCEntranceActivity.(:634)
E/wallet_HwNFC( 3342): 	at com.huawei.nfc.NFCEntranceActivity.(:173)
E/wallet_HwNFC( 3342): 	at com.huawei.nfc.NFCEntranceActivity.onCreate(:149)
E/wallet_HwNFC( 3342): 	at android.app.Activity.performCreate(Activity.java:5231)
E/wallet_HwNFC( 3342): 	at android.app.Instrumentation.callActivityOnCreate(Instrumentation.java:1087)
E/wallet_HwNFC( 3342): 	at android.app.ActivityThread.performLaunchActivity(ActivityThread.java:2159)
E/wallet_HwNFC( 3342): 	at android.app.ActivityThread.handleLaunchActivity(ActivityThread.java:2245)
E/wallet_HwNFC( 3342): 	at android.app.ActivityThread.access$800(ActivityThread.java:135)
E/wallet_HwNFC( 3342): 	at android.app.ActivityThread$H.handleMessage(ActivityThread.java:1196)
E/wallet_HwNFC( 3342): 	at android.os.Handler.dispatchMessage(Handler.java:102)
E/wallet_HwNFC( 3342): 	at android.os.Looper.loop(Looper.java:136)
E/wallet_HwNFC( 3342): 	at android.app.ActivityThread.main(ActivityThread.java:5017)
E/wallet_HwNFC( 3342): 	at java.lang.reflect.Method.invokeNative(Native Method)
E/wallet_HwNFC( 3342): 	at java.lang.reflect.Method.invoke(Method.java:515)
E/wallet_HwNFC( 3342): 	at com.android.internal.os.ZygoteInit$MethodAndArgsCaller.run(ZygoteInit.java:779)
E/wallet_HwNFC( 3342): 	at com.android.internal.os.ZygoteInit.main(ZygoteInit.java:595)
E/wallet_HwNFC( 3342): 	at dalvik.system.NativeStart.main(Native Method)
E/wallet_HwNFC( 3342): Caused by: java.lang.NoClassDefFoundError: com/huawei/android/nfc/NfcAdapterCustEx
E/wallet_HwNFC( 3342): 	... 23 more
E/wallet_HwNFC( 3342): Caused by: java.lang.ClassNotFoundException: Didn't find class "com.huawei.android.nfc.NfcAdapterCustEx" on path: DexPathList[[zip file "/data/app/com.huawei.wallet-1.apk", zip file "/data/data/com.huawei.wallet/code_cache/secondary-dexes/com.huawei.wallet-1.apk.classes2.zip", zip file "/data/data/com.huawei.wallet/code_cache/secondary-dexes/com.huawei.wallet-1.apk.classes3.zip"],nativeLibraryDirectories=[/data/app-lib/com.huawei.wallet-1, /system/lib]]
E/wallet_HwNFC( 3342): 	at dalvik.system.BaseDexClassLoader.findClass(BaseDexClassLoad
E/EGL_emulation( 3327): tid 3327: eglSurfaceAttrib(1199): error 0x3009 (EGL_BAD_MATCH)
E/EGL_emulation( 3342): tid 3342: eglSurfaceAttrib(1199): error 0x3009 (EGL_BAD_MATCH)
E/EGL_emulation( 3342): tid 3342: eglSurfaceAttrib(1199): error 0x3009 (EGL_BAD_MATCH)
E/InputDispatcher( 1588): channel '9d9c50d8 jacy.popoaichuiniu.com.testpermissionleakge/jacy.popoaichuiniu.com.testpermissionleakge.MainActivity (server)' ~ Channel is unrecoverably broken and will be disposed!
E/jdwp    ( 3382): Failed sending reply to debugger: Broken pipe
E/dalvikvm( 3382): Could not find class 'android.graphics.drawable.RippleDrawable', referenced from method android.support.v7.widget.AppCompatImageHelper.hasOverlappingRendering
E/EGL_emulation( 3382): tid 3382: eglSurfaceAttrib(1199): error 0x3009 (EGL_BAD_MATCH)
E/wallet_HwNFC( 3342): isSelectSE ClassNotFoundException    java.lang.ClassNotFoundException: com.huawei.android.nfc.NfcAdapterCustEx
E/wallet_HwNFC( 3342): 	at java.lang.Class.classForName(Native Method)
E/wallet_HwNFC( 3342): 	at java.lang.Class.forName(Class.java:251)
E/wallet_HwNFC( 3342): 	at java.lang.Class.forName(Class.java:216)
E/wallet_HwNFC( 3342): 	at o.bmr.(:121)
E/wallet_HwNFC( 3342): 	at o.bmr.(:89)
E/wallet_HwNFC( 3342): 	at o.bmr.(:376)
E/wallet_HwNFC( 3342): 	at com.huawei.nfc.carrera.ui.NFCBaseActivity.(:358)
E/wallet_HwNFC( 3342): 	at com.huawei.nfc.carrera.ui.bus.opencard.BindBusCardSwitchActivity.(:355)
E/wallet_HwNFC( 3342): 	at com.huawei.nfc.carrera.ui.bus.opencard.BindBusCardSwitchActivity.(:286)
E/wallet_HwNFC( 3342): 	at com.huawei.nfc.carrera.ui.bus.opencard.BindBusCardSwitchActivity.onCreate(:222)
E/wallet_HwNFC( 3342): 	at android.app.Activity.performCreate(Activity.java:5231)
E/wallet_HwNFC( 3342): 	at android.app.Instrumentation.callActivityOnCreate(Instrumentation.java:1087)
E/wallet_HwNFC( 3342): 	at android.app.ActivityThread.performLaunchActivity(ActivityThread.java:2159)
E/wallet_HwNFC( 3342): 	at android.app.ActivityThread.handleLaunchActivity(ActivityThread.java:2245)
E/wallet_HwNFC( 3342): 	at android.app.ActivityThread.access$800(ActivityThread.java:135)
E/wallet_HwNFC( 3342): 	at android.app.ActivityThread$H.handleMessage(ActivityThread.java:1196)
E/wallet_HwNFC( 3342): 	at android.os.Handler.dispatchMessage(Handler.java:102)
E/wallet_HwNFC( 3342): 	at android.os.Looper.loop(Looper.java:136)
E/wallet_HwNFC( 3342): 	at android.app.ActivityThread.main(ActivityThread.java:5017)
E/wallet_HwNFC( 3342): 	at java.lang.reflect.Method.invokeNative(Native Method)
E/wallet_HwNFC( 3342): 	at java.lang.reflect.Method.invoke(Method.java:515)
E/wallet_HwNFC( 3342): 	at com.android.internal.os.ZygoteInit$MethodAndArgsCaller.run(ZygoteInit.java:779)
E/wallet_HwNFC( 3342): 	at com.android.internal.os.ZygoteInit.main(ZygoteInit.java:595)
E/wallet_HwNFC( 3342): 	at dalvik.system.NativeStart.main(Native Method)
E/wallet_HwNFC( 3342): Caused by: java.lang.NoClassDefFoundError: com/huawei/android/nfc/NfcAdapterCustEx
E/wallet_HwNFC( 3342): 	... 24 more
E/wallet_HwNFC( 3342): Caused by: java.lang.ClassNotFoundException: Didn't find class "com.huawei.android.nfc.NfcAdapterCustEx" on path: DexPathList[[zip file "/data/app/com.huawei.wallet-1.apk", zip file "/data/data/com.huawei.wallet/code_cache/secondary-dexes/com.huawei.wallet-1.apk.classes2.zip", zip file "/data/data/com.huawei.wallet/code_cache/secondary-dexes/com.huawei.wallet-1.apk.classes3.zip"],nativeLibraryDirectories=[/data/app-lib/com.huawei.wallet-1, /system/lib]]
E/wallet_HwNFC( 3342): 	at dalvik.system.BaseDexClassLoader.findClass(BaseDexClassLoader.java:56)
E/wallet_HwNFC( 3342): 	at java.lang.ClassLoader.loadClass(ClassLoader.java:497)
E/wallet_HwNFC( 3342): 	at java.lang.ClassLoader.loadClass(ClassLoader.java:457)
E/wallet_HwNFC( 3342): 	... 24 more
E/wallet_HwNFC( 3342): 
E/wallet_HwNFC( 3342): java.lang.ClassNotFoundException: com.huawei.android.nfc.NfcAdapterCustEx
E/wallet_HwNFC( 3342): 	at java.lang.Class.classForName(Native Method)
E/wallet_HwNFC( 3342): 	at java.lang.Class.forName(Class.java:251)
E/wallet_HwNFC( 3342): 	at java.lang.Class.forName(Class.java:216)
E/wallet_HwNFC( 3342): 	at o.bmr.(:121)
E/wallet_HwNFC( 3342): 	at o.bmr.(:89)
E/wallet_HwNFC( 3342): 	at o.bmr.(:376)
E/wallet_HwNFC( 3342): 	at com.huawei.nfc.carrera.ui.NFCBaseActivity.(:358)
E/wallet_HwNFC( 3342): 	at com.huawei.nfc.carrera.ui.bus.opencard.BindBusCardSwitchActivity.(:355)
E/wallet_HwNFC( 3342): 	at com.huawei.nfc.carrera.ui.bus.opencard.BindBusCardSwitchActivity.(:286)
E/wallet_HwNFC( 3342): 	at com.huawei.nfc.carrera.ui.bus.opencard.BindBusCardSwitchActivity.onCreate(:222)
E/wallet_HwNFC( 3342): 	at android.app.Activity.performCreate(Activity.java:5231)
E/wallet_HwNFC( 3342): 	at android.app.Instrumentation.callActivityOnCreate(Instrumentation.java:1087)
E/wallet_HwNFC( 3342): 	at android.app.ActivityThread.performLaunchActivity(ActivityThread.java:2159)
E/wallet_HwNFC( 3342): 	at android.app.ActivityThread.handleLaunchActivity(ActivityThread.java:2245)
E/wallet_HwNFC( 3342): 	at android.app.ActivityThread.access$800(ActivityThread.java:135)
E/wallet_HwNFC( 3342): 	at android.app.ActivityThread$H.handleMessage(ActivityThread.java:1196)
E/wallet_HwNFC( 3342): 	at android.os.Handler.dispatchMessage(Handler.java:102)
E/wallet_HwNFC( 3342): 	at android.os.Looper.loop(Looper.java:136)
E/wallet_HwNFC( 3342): 	at android.app.ActivityThread.main(ActivityThread.java:5017)
E/wallet_HwNFC( 3342): 	at java.lang.reflect.Method.invokeNative(Native Method)
E/wallet_HwNFC( 3342): 	at java.lang.reflect.Method.invoke(Method.java:515)
E/wallet_HwNFC( 3342): 	at com.android.internal.os.ZygoteInit$MethodAndArgsCaller.run(ZygoteInit.java:779)
E/wallet_HwNFC( 3342): 	at com.android.internal.os.ZygoteInit.main(ZygoteInit.java:595)
E/wallet_HwNFC( 3342): 	at dalvik.system.NativeStart.main(Native Method)
E/wallet_HwNFC( 3342): Caused by: java.lang.NoClassDefFoundError: com/huawei/android/nfc/NfcAdapterCustEx
E/wallet_HwNFC( 3342): 	... 24 more
E/wallet_HwNFC( 3342): Caused by: java.lang.ClassNotFoundException: Didn't find class "com.huawei.android.nfc.NfcAdapterCustEx" on path: DexPathList[[zip file "/data/app/com.huawei.wallet-1.apk", zip file "/data/data/com.huawei.wallet/code_cache/secondar
E/EGL_emulation( 3342): tid 3342: eglSurfaceAttrib(1199): error 0x3009 (EGL_BAD_MATCH)
E/memtrack( 3414): Couldn't load memtrack module (No such file or directory)
E/android.os.Debug( 3414): failed to load memtrack module: -2
E/EGL_emulation( 1908): tid 1908: eglSurfaceAttrib(1199): error 0x3009 (EGL_BAD_MATCH)
E/memtrack( 3427): Couldn't load memtrack module (No such file or directory)
E/android.os.Debug( 3427): failed to load memtrack module: -2
E/InputDispatcher( 1588): channel '9d4fba00 com.huawei.wallet/com.huawei.nfc.NFCEntranceActivity (server)' ~ Channel is unrecoverably broken and will be disposed!
E/InputDispatcher( 1588): channel '9d5d3960 com.huawei.wallet/com.huawei.nfc.NFCEntranceActivity (server)' ~ Channel is unrecoverably broken and will be disposed!
E/memtrack( 3444): Couldn't load memtrack module (No such file or directory)
E/android.os.Debug( 3444): failed to load memtrack module: -2
E/memtrack( 3461): Couldn't load memtrack module (No such file or directory)
E/android.os.Debug( 3461): failed to load memtrack module: -2
E/memtrack( 3479): Couldn't load memtrack module (No such file or directory)
E/android.os.Debug( 3479): failed to load memtrack module: -2
E/cutils-trace( 3489): Error opening trace file: Permission denied (13)
E/memtrack( 3494): Couldn't load memtrack module (No such file or directory)
E/android.os.Debug( 3494): failed to load memtrack module: -2
E/dalvikvm( 3505): Could not find class 'android.graphics.drawable.RippleDrawable', referenced from method android.support.v7.widget.AppCompatImageHelper.hasOverlappingRendering
E/EGL_emulation( 3505): tid 3505: eglSurfaceAttrib(1199): error 0x3009 (EGL_BAD_MATCH)
E/cutils-trace( 3536): Error opening trace file: Permission denied (13)
E/wallet  ( 3521): [getHWLog]:  can not find HwLog!
E/CommonUtils( 3521): getBoolean [class java.lang.String, class java.lang.String]
E/AppLogApi/CrashHandler( 3521): CrashHandler init
E/ReportApi( 3521): init reportCycle==40000
E/hwpaysdk( 3521): can not getField[Thread-120-120](/:426)
E/SQLiteLog( 3521): (1) near "isLogcat": syntax error
E/NewFeedbackTableAdvanced( 3521): createTable(SQLiteDatabase db):create table t_feedback_advanced SQLException
E/SQLiteLog( 3521): (1) no such table: t_feedback_advanced
E/NewFeedbackTableAdvanced( 3521): update: update table t_feedback_advanced row email Error
E/InputDispatcher( 1588): channel '9d151a48 jacy.popoaichuiniu.com.testpermissionleakge/jacy.popoaichuiniu.com.testpermissionleakge.MainActivity (server)' ~ Channel is unrecoverably broken and will be disposed!
E/EGL_emulation( 1908): tid 1908: eglSurfaceAttrib(1199): error 0x3009 (EGL_BAD_MATCH)
E/memtrack( 3548): Couldn't load memtrack module (No such file or directory)
E/android.os.Debug( 3548): failed to load memtrack module: -2
E/memtrack( 3561): Couldn't load memtrack module (No such file or directory)
E/android.os.Debug( 3561): failed to load memtrack module: -2
E/memtrack( 3577): Couldn't load memtrack module (No such file or directory)
E/android.os.Debug( 3577): failed to load memtrack module: -2
E/memtrack( 3594): Couldn't load memtrack module (No such file or directory)
E/android.os.Debug( 3594): failed to load memtrack module: -2
E/memtrack( 3611): Couldn't load memtrack module (No such file or directory)
E/android.os.Debug( 3611): failed to load memtrack module: -2
E/cutils-trace( 3621): Error opening trace file: Permission denied (13)
E/memtrack( 3626): Couldn't load memtrack module (No such file or directory)
E/android.os.Debug( 3626): failed to load memtrack module: -2
E/dalvikvm( 3637): Could not find class 'android.graphics.drawable.RippleDrawable', referenced from method android.support.v7.widget.AppCompatImageHelper.hasOverlappingRendering
E/EGL_emulation( 3637): tid 3637: eglSurfaceAttrib(1199): error 0x3009 (EGL_BAD_MATCH)
E/cutils-trace( 3668): Error opening trace file: Permission denied (13)
E/wallet  ( 3651): [getHWLog]:  can not find HwLog!
E/CommonUtils( 3651): getBoolean [class java.lang.String, class java.lang.String]
E/AppLogApi/CrashHandler( 3651): CrashHandler init
E/ReportApi( 3651): init reportCycle==40000
E/inside  ( 3651): res init time: 0
E/hwpaysdk( 3651): can not getField[Thread-126-126](/:426)
E/SQLiteLog( 3651): (1) near "isLogcat": syntax error
E/NewFeedbackTableAdvanced( 3651): createTable(SQLiteDatabase db):create table t_feedback_advanced SQLException
E/SQLiteLog( 3651): (1) no such table: t_feedback_advanced
E/NewFeedbackTableAdvanced( 3651): update: update table t_feedback_advanced row email Error
E/BluetoothAdapter( 3651): Bluetooth binder is null
E/EGL_emulation( 1908): tid 1908: eglSurfaceAttrib(1199): error 0x3009 (EGL_BAD_MATCH)
E/memtrack( 3703): Couldn't load memtrack module (No such file or directory)
E/android.os.Debug( 3703): failed to load memtrack module: -2
E/memtrack( 3716): Couldn't load memtrack module (No such file or directory)
E/android.os.Debug( 3716): failed to load memtrack module: -2
E/memtrack( 3732): Couldn't load memtrack module (No such file or directory)
E/android.os.Debug( 3732): failed to load memtrack module: -2
E/memtrack( 3749): Couldn't load memtrack module (No such file or directory)
E/android.os.Debug( 3749): failed to load memtrack module: -2
E/memtrack( 3767): Couldn't load memtrack module (No such file or directory)
E/android.os.Debug( 3767): failed to load memtrack module: -2
E/cutils-trace( 3777): Error opening trace file: Permission denied (13)
E/memtrack( 3782): Couldn't load memtrack module (No such file or directory)
E/android.os.Debug( 3782): failed to load memtrack module: -2
E/dalvikvm( 3793): Could not find class 'android.graphics.drawable.RippleDrawable', referenced from method android.support.v7.widget.AppCompatImageHelper.hasOverlappingRendering
E/EGL_emulation( 3793): tid 3793: eglSurfaceAttrib(1199): error 0x3009 (EGL_BAD_MATCH)
E/cutils-trace( 3824): Error opening trace file: Permission denied (13)
E/wallet  ( 3807): [getHWLog]:  can not find HwLog!
E/CommonUtils( 3807): getBoolean [class java.lang.String, class java.lang.String]
E/AppLogApi/CrashHandler( 3807): CrashHandler init
E/ReportApi( 3807): init reportCycle==40000
E/inside  ( 3807): res init time: 0
E/hwpaysdk( 3807): can not getField[Thread-133-133](/:426)
E/SQLiteLog( 3807): (1) near "isLogcat": syntax error
E/NewFeedbackTableAdvanced( 3807): createTable(SQLiteDatabase db):create table t_feedback_advanced SQLException
E/SQLiteLog( 3807): (1) no such table: t_feedback_advanced
E/NewFeedbackTableAdvanced( 3807): update: update table t_feedback_advanced row email Error
E/BluetoothAdapter( 3807): Bluetooth binder is null
E/EGL_emulation( 1908): tid 1908: eglSurfaceAttrib(1199): error 0x3009 (EGL_BAD_MATCH)
E/memtrack( 3858): Couldn't load memtrack module (No such file or directory)
E/android.os.Debug( 3858): failed to load memtrack module: -2
E/memtrack( 3871): Couldn't load memtrack module (No such file or directory)
E/android.os.Debug( 3871): failed to load memtrack module: -2
E/memtrack( 3887): Couldn't load memtrack module (No such file or directory)
E/android.os.Debug( 3887): failed to load memtrack module: -2
E/memtrack( 3906): Couldn't load memtrack module (No such file or directory)
E/android.os.Debug( 3906): failed to load memtrack module: -2
E/memtrack( 3924): Couldn't load memtrack module (No such file or directory)
E/android.os.Debug( 3924): failed to load memtrack module: -2
E/cutils-trace( 3934): Error opening trace file: Permission denied (13)
E/memtrack( 3939): Couldn't load memtrack module (No such file or directory)
E/android.os.Debug( 3939): failed to load memtrack module: -2
E/jdwp    ( 3950): Failed sending reply to debugger: Broken pipe
E/dalvikvm( 3950): Could not find class 'android.graphics.drawable.RippleDrawable', referenced from method android.support.v7.widget.AppCompatImageHelper.hasOverlappingRendering
E/EGL_emulation( 3950): tid 3950: eglSurfaceAttrib(1199): error 0x3009 (EGL_BAD_MATCH)
E/cutils-trace( 3981): Error opening trace file: Permission denied (13)
E/wallet  ( 3966): [getHWLog]:  can not find HwLog!
E/CommonUtils( 3966): getBoolean [class java.lang.String, class java.lang.String]
E/AppLogApi/CrashHandler( 3966): CrashHandler init
E/ReportApi( 3966): init reportCycle==40000
E/hwpaysdk( 3966): can not getField[Thread-138-138](/:426)
E/SQLiteLog( 3966): (1) near "isLogcat": syntax error
E/NewFeedbackTableAdvanced( 3966): createTable(SQLiteDatabase db):create table t_feedback_advanced SQLException
E/SQLiteLog( 3966): (1) no such table: t_feedback_advanced
E/NewFeedbackTableAdvanced( 3966): update: update table t_feedback_advanced row email Error
E/EGL_emulation( 1908): tid 1908: eglSurfaceAttrib(1199): error 0x3009 (EGL_BAD_MATCH)
E/memtrack( 3993): Couldn't load memtrack module (No such file or directory)
E/android.os.Debug( 3993): failed to load memtrack module: -2
E/memtrack( 4006): Couldn't load memtrack module (No such file or directory)
E/android.os.Debug( 4006): failed to load memtrack module: -2
E/dalvikvm( 1588): JIT code cache full
E/memtrack( 4022): Couldn't load memtrack module (No such file or directory)
E/android.os.Debug( 4022): failed to load memtrack module: -2
E/memtrack( 4041): Couldn't load memtrack module (No such file or directory)
E/android.os.Debug( 4041): failed to load memtrack module: -2
E/memtrack( 4059): Couldn't load memtrack module (No such file or directory)
E/android.os.Debug( 4059): failed to load memtrack module: -2
E/cutils-trace( 4069): Error opening trace file: Permission denied (13)
E/memtrack( 4074): Couldn't load memtrack module (No such file or directory)
E/android.os.Debug( 4074): failed to load memtrack module: -2
E/dalvikvm( 4085): Could not find class 'android.graphics.drawable.RippleDrawable', referenced from method android.support.v7.widget.AppCompatImageHelper.hasOverlappingRendering
E/EGL_emulation( 4085): tid 4085: eglSurfaceAttrib(1199): error 0x3009 (EGL_BAD_MATCH)
E/cutils-trace( 4116): Error opening trace file: Permission denied (13)
E/wallet  ( 4099): [getHWLog]:  can not find HwLog!
E/CommonUtils( 4099): getBoolean [class java.lang.String, class java.lang.String]
E/AppLogApi/CrashHandler( 4099): CrashHandler init
E/ReportApi( 4099): init reportCycle==40000
E/inside  ( 4099): res init time: 0
E/hwpaysdk( 4099): can not getField[Thread-146-146](/:426)
E/SQLiteLog( 4099): (1) near "isLogcat": syntax error
E/NewFeedbackTableAdvanced( 4099): createTable(SQLiteDatabase db):create table t_feedback_advanced SQLException
E/SQLiteLog( 4099): (1) no such table: t_feedback_advanced
E/NewFeedbackTableAdvanced( 4099): update: update table t_feedback_advanced row email Error
E/BluetoothAdapter( 4099): Bluetooth binder is null
E/InputDispatcher( 1588): channel '9d38c128 jacy.popoaichuiniu.com.testpermissionleakge/jacy.popoaichuiniu.com.testpermissionleakge.MainActivity (server)' ~ Channel is unrecoverably broken and will be disposed!
E/EGL_emulation( 1908): tid 1908: eglSurfaceAttrib(1199): error 0x3009 (EGL_BAD_MATCH)
E/memtrack( 4151): Couldn't load memtrack module (No such file or directory)
E/android.os.Debug( 4151): failed to load memtrack module: -2
E/memtrack( 4164): Couldn't load memtrack module (No such file or directory)
E/android.os.Debug( 4164): failed to load memtrack module: -2
E/memtrack( 4180): Couldn't load memtrack module (No such file or directory)
E/android.os.Debug( 4180): failed to load memtrack module: -2
E/memtrack( 4197): Couldn't load memtrack module (No such file or directory)
E/android.os.Debug( 4197): failed to load memtrack module: -2
E/memtrack( 4214): Couldn't load memtrack module (No such file or directory)
E/android.os.Debug( 4214): failed to load memtrack module: -2
E/cutils-trace( 4224): Error opening trace file: Permission denied (13)
E/memtrack( 4229): Couldn't load memtrack module (No such file or directory)
E/android.os.Debug( 4229): failed to load memtrack module: -2
E/jdwp    ( 4240): Failed sending reply to debugger: Broken pipe
E/dalvikvm( 4240): Could not find class 'android.graphics.drawable.RippleDrawable', referenced from method android.support.v7.widget.AppCompatImageHelper.hasOverlappingRendering
E/EGL_emulation( 4240): tid 4240: eglSurfaceAttrib(1199): error 0x3009 (EGL_BAD_MATCH)
E/cutils-trace( 4272): Error opening trace file: Permission denied (13)
E/wallet  ( 4254): [getHWLog]:  can not find HwLog!
E/CommonUtils( 4254): getBoolean [class java.lang.String, class java.lang.String]
E/AppLogApi/CrashHandler( 4254): CrashHandler init
E/ReportApi( 4254): init reportCycle==40000
E/hwpaysdk( 4254): can not getField[Thread-152-152](/:426)
E/SQLiteLog( 4254): (1) near "isLogcat": syntax error
E/NewFeedbackTableAdvanced( 4254): createTable(SQLiteDatabase db):create table t_feedback_advanced SQLException
E/dalvikvm( 4254): Could not find class 'huawei.android.app.HwWallpaperManager', referenced from method com.huawei.android.app.WallpaperManagerEx.getHwWallpaperManager
E/dalvikvm( 4254): Could not find class 'huawei.com.android.internal.app.HwActionBarImpl', referenced from method com.huawei.android.app.ActionBarEx.getHwActionBarImpl
E/SQLiteLog( 4254): (1) no such table: t_feedback_advanced
E/NewFeedbackTableAdvanced( 4254): update: update table t_feedback_advanced row email Error
E/EGL_emulation( 4254): tid 4254: eglSurfaceAttrib(1199): error 0x3009 (EGL_BAD_MATCH)
E/EGL_emulation( 4254): tid 4254: eglSurfaceAttrib(1199): error 0x3009 (EGL_BAD_MATCH)
E/memtrack( 4287): Couldn't load memtrack module (No such file or directory)
E/android.os.Debug( 4287): failed to load memtrack module: -2
E/EGL_emulation( 1908): tid 1908: eglSurfaceAttrib(1199): error 0x3009 (EGL_BAD_MATCH)
E/memtrack( 4300): Couldn't load memtrack module (No such file or directory)
E/android.os.Debug( 4300): failed to load memtrack module: -2
E/InputDispatcher( 1588): channel '9dd6b0d8 com.huawei.wallet/com.huawei.wallet.ui.setting.LicenseActivity (server)' ~ Channel is unrecoverably broken and will be disposed!
E/InputDispatcher( 1588): channel '9d21b268 com.huawei.wallet/com.huawei.wallet.ui.setting.LicenseActivity (server)' ~ Channel is unrecoverably broken and will be disposed!
E/memtrack( 4316): Couldn't load memtrack module (No such file or directory)
E/android.os.Debug( 4316): failed to load memtrack module: -2
E/memtrack( 4336): Couldn't load memtrack module (No such file or directory)
E/android.os.Debug( 4336): failed to load memtrack module: -2
E/memtrack( 4353): Couldn't load memtrack module (No such file or directory)
E/android.os.Debug( 4353): failed to load memtrack module: -2
E/cutils-trace( 4363): Error opening trace file: Permission denied (13)
E/memtrack( 4368): Couldn't load memtrack module (No such file or directory)
E/android.os.Debug( 4368): failed to load memtrack module: -2
E/dalvikvm( 4379): Could not find class 'android.graphics.drawable.RippleDrawable', referenced from method android.support.v7.widget.AppCompatImageHelper.hasOverlappingRendering
E/jdwp    ( 4393): Failed sending reply to debugger: Broken pipe
E/EGL_emulation( 4379): tid 4379: eglSurfaceAttrib(1199): error 0x3009 (EGL_BAD_MATCH)
E/cutils-trace( 4411): Error opening trace file: Permission denied (13)
E/wallet  ( 4393): [getHWLog]:  can not find HwLog!
E/CommonUtils( 4393): getBoolean [class java.lang.String, class java.lang.String]
E/AppLogApi/CrashHandler( 4393): CrashHandler init
E/ReportApi( 4393): init reportCycle==40000
E/hwpaysdk( 4393): can not getField[Thread-157-157](/:426)
E/SQLiteLog( 4393): (1) near "isLogcat": syntax error
E/NewFeedbackTableAdvanced( 4393): createTable(SQLiteDatabase db):create table t_feedback_advanced SQLException
E/SQLiteLog( 4393): (1) no such table: t_feedback_advanced
E/NewFeedbackTableAdvanced( 4393): update: update table t_feedback_advanced row email Error
E/EGL_emulation( 1908): tid 1908: eglSurfaceAttrib(1199): error 0x3009 (EGL_BAD_MATCH)
E/memtrack( 4423): Couldn't load memtrack module (No such file or directory)
E/android.os.Debug( 4423): failed to load memtrack module: -2
E/memtrack( 4436): Couldn't load memtrack module (No such file or directory)
E/android.os.Debug( 4436): failed to load memtrack module: -2
E/memtrack( 4452): Couldn't load memtrack module (No such file or directory)
E/android.os.Debug( 4452): failed to load memtrack module: -2
E/memtrack( 4469): Couldn't load memtrack module (No such file or directory)
E/android.os.Debug( 4469): failed to load memtrack module: -2
E/memtrack( 4486): Couldn't load memtrack module (No such file or directory)
E/android.os.Debug( 4486): failed to load memtrack module: -2
E/cutils-trace( 4496): Error opening trace file: Permission denied (13)
E/memtrack( 4501): Couldn't load memtrack module (No such file or directory)
E/android.os.Debug( 4501): failed to load memtrack module: -2
E/dalvikvm( 4512): Could not find class 'android.graphics.drawable.RippleDrawable', referenced from method android.support.v7.widget.AppCompatImageHelper.hasOverlappingRendering
E/jdwp    ( 4526): Failed sending reply to debugger: Broken pipe
E/EGL_emulation( 4512): tid 4512: eglSurfaceAttrib(1199): error 0x3009 (EGL_BAD_MATCH)
E/cutils-trace( 4543): Error opening trace file: Permission denied (13)
E/wallet  ( 4526): [getHWLog]:  can not find HwLog!
E/CommonUtils( 4526): getBoolean [class java.lang.String, class java.lang.String]
E/AppLogApi/CrashHandler( 4526): CrashHandler init
E/ReportApi( 4526): init reportCycle==40000
E/inside  ( 4526): res init time: 0
E/hwpaysdk( 4526): can not getField[Thread-163-163](/:426)
E/SQLiteLog( 4526): (1) near "isLogcat": syntax error
E/NewFeedbackTableAdvanced( 4526): createTable(SQLiteDatabase db):create table t_feedback_advanced SQLException
E/SQLiteLog( 4526): (1) no such table: t_feedback_advanced
E/NewFeedbackTableAdvanced( 4526): update: update table t_feedback_advanced row email Error
E/BluetoothAdapter( 4526): Bluetooth binder is null
E/EGL_emulation( 1908): tid 1908: eglSurfaceAttrib(1199): error 0x3009 (EGL_BAD_MATCH)
E/memtrack( 4579): Couldn't load memtrack module (No such file or directory)
E/android.os.Debug( 4579): failed to load memtrack module: -2
E/memtrack( 4592): Couldn't load memtrack module (No such file or directory)
E/android.os.Debug( 4592): failed to load memtrack module: -2
E/memtrack( 4608): Couldn't load memtrack module (No such file or directory)
E/android.os.Debug( 4608): failed to load memtrack module: -2
--------- beginning of /dev/log/main
E/cutils  ( 1174): Failed to read /data/.layout_version: No such file or directory
--------- beginning of /dev/log/system
E/libEGL  ( 1170): load_driver(/system/lib/egl/libGLES_emulation.so): dlopen failed: library "/system/lib/egl/libGLES_emulation.so" not found
E/AudioFlinger( 1173): no wake lock to update!
E/AudioFlinger( 1173): int android::load_audio_interface(const char*, audio_hw_device_t**) couldn't load audio hw module audio.r_submix (No such file or directory)
E/SurfaceFlinger( 1170): hwcomposer module not found
E/Netd    ( 1167): exec() res=0, status=768 for /system/bin/iptables -t nat -N oem_nat_pre 
E/Netd    ( 1167): exec() res=0, status=768 for /system/bin/iptables -t nat -A PREROUTING -j oem_nat_pre 
E/cutils-trace( 1170): Error opening trace file: Permission denied (13)
E/Netd    ( 1167): exec() res=0, status=768 for /system/bin/iptables -t nat -N natctrl_nat_POSTROUTING 
E/Netd    ( 1167): exec() res=0, status=768 for /system/bin/iptables -t nat -A POSTROUTING -j natctrl_nat_POSTROUTING 
E/Netd    ( 1167): exec() res=0, status=768 for /system/bin/iptables -t nat -N st_nat_POSTROUTING 
E/Netd    ( 1167): exec() res=0, status=768 for /system/bin/iptables -t nat -A POSTROUTING -j st_nat_POSTROUTING 
E/SurfaceFlinger( 1170): ro.sf.lcd_density must be defined as a build property
E/BandwidthController( 1167): runIptablesCmd(): res=1 status=256 failed /system/bin/iptables -A bw_INPUT -m owner --socket-exists
E/BandwidthController( 1167): runIptablesCmd(): res=1 status=256 failed /system/bin/ip6tables -A bw_INPUT -m owner --socket-exists
E/libEGL  ( 1494): load_driver(/system/lib/egl/libGLES_emulation.so): dlopen failed: library "/system/lib/egl/libGLES_emulation.so" not found
E/cutils-trace( 1494): Error opening trace file: Permission denied (13)
E/Netd    ( 1167): exec() res=0, status=256 for /system/bin/iptables -t mangle -A st_mangle_OUTPUT -m owner --uid-owner vpn -j RETURN 
E/Netd    ( 1167): exec() res=0, status=256 for /system/bin/ip6tables -t mangle -A st_mangle_OUTPUT -m owner --uid-owner vpn -j RETURN 
E/memtrack( 1171): Couldn't load memtrack module (No such file or directory)
E/android.os.Debug( 1171): failed to load memtrack module: -2
E/cutils-trace( 1171): Error opening trace file: Permission denied (13)
E/EmojiFactory_jni( 1171): Failed to load libemoji.so: dlopen failed: library "libemoji.so" not found
E/libEGL  ( 1171): load_driver(/system/lib/egl/libGLES_emulation.so): dlopen failed: library "/system/lib/egl/libGLES_emulation.so" not found
E/PowerManagerService-JNI( 1588): Couldn't load power module (No such file or directory)
E/SurfaceFlinger( 1170): ro.sf.lcd_density must be defined as a build property
E/ConsumerIrService( 1588): Can't open consumer IR HW Module, error: -2
E/libsuspend( 1588): Error opening /sys/power/autosleep: No such file or directory
E/EventHub( 1588): could not get driver version for /dev/input/mice, Not a typewriter
E/MobileDataStateTracker( 1588): default: Ignoring feature request because could not acquire PhoneService
E/MobileDataStateTracker( 1588): default: Could not enable APN type "default"
E/SQLiteLog( 1588): (1) no such table: locksettings
E/SoundPool( 1675): error loading /system/media/audio/ui/Lock.ogg
E/SoundPool( 1675): error loading /system/media/audio/ui/Unlock.ogg
E/FlpHardwareProvider( 1588): Error hw_get_module 'flp': -2
E/FlpHardwareProvider( 1588): Error hw_get_module 'flp': -2
E/LocationManagerService( 1588): no geocoder provider found
E/LocationManagerService( 1588): No FusedProvider found.
E/LocationManagerService( 1588): no geofence provider found
E/BluetoothAdapter( 1675): Bluetooth binder is null
E/BluetoothAdapter( 1675): Bluetooth binder is null
E/BluetoothAdapter( 1675): Bluetooth binder is null
E/BluetoothAdapter( 1795): Bluetooth binder is null
E/BluetoothAdapter( 1675): Bluetooth binder is null
E/BluetoothAdapter( 1782): Bluetooth binder is null
E/BluetoothAdapter( 1795): Bluetooth binder is null
E/BluetoothAdapter( 1675): Bluetooth binder is null
E/BluetoothAdapter( 1782): Bluetooth binder is null
E/BluetoothAdapter( 1782): Bluetooth binder is null
E/EGL_emulation( 1675): tid 1675: eglSurfaceAttrib(1199): error 0x3009 (EGL_BAD_MATCH)
E/EGL_emulation( 1675): tid 1675: eglSurfaceAttrib(1199): error 0x3009 (EGL_BAD_MATCH)
E/EGL_emulation( 1917): tid 1917: eglSurfaceAttrib(1199): error 0x3009 (EGL_BAD_MATCH)
E/jdwp    ( 2016): Failed writing handshake bytes: Broken pipe (-1 of 14)
E/EGL_emulation( 1917): tid 1917: eglSurfaceAttrib(1199): error 0x3009 (EGL_BAD_MATCH)
E/BluetoothAdapter( 1795): Bluetooth binder is null
E/BluetoothAdapter( 1795): Bluetooth binder is null
E/BluetoothAdapter( 1588): Bluetooth binder is null
E/BluetoothAdapter( 1588): Bluetooth binder is null
E/SoundPool( 1588): error loading /system/media/audio/ui/Effect_Tick.ogg
E/SoundPool( 1588): error loading /system/media/audio/ui/Effect_Tick.ogg
E/SoundPool( 1588): error loading /system/media/audio/ui/Effect_Tick.ogg
E/SoundPool( 1588): error loading /system/media/audio/ui/Effect_Tick.ogg
E/SoundPool( 1588): error loading /system/media/audio/ui/Effect_Tick.ogg
E/SoundPool( 1588): error loading /system/media/audio/ui/KeypressStandard.ogg
E/SoundPool( 1588): error loading /system/media/audio/ui/KeypressSpacebar.ogg
E/SoundPool( 1588): error loading /system/media/audio/ui/KeypressDelete.ogg
E/SoundPool( 1588): error loading /system/media/audio/ui/KeypressReturn.ogg
E/SoundPool( 1588): error loading /system/media/audio/ui/KeypressInvalid.ogg
E/SQLiteLog( 1904): (1) no such table: files
E/WVMExtractor( 1173): Failed to open libwvm.so
E/MetadataRetrieverClient( 1173): failed to extract an album art
E/SQLiteLog( 1904): (1) no such table: album_info
E/BluetoothAdapter( 1795): Bluetooth binder is null
E/BluetoothAdapter( 1795): Bluetooth binder is null
